========== GPU Result (BLOCK_SIZE = 128) ==========
Starting VITS Text Encoder Simulation (Part 4 CUDA SIMT)...
Encoder Simulation Completed.
Block size: 128
Kernel time: 0.8697 ms
Final Feature Checksum: 99.228035

========== Nsight Compute  ==========
==PROF== Connected to process 13473 (/workspace/P4/main)
==PROF== Profiling "layer_norm_kernel" - 0: 0%....50%....100% - 8 passes
==PROF== Profiling "linear_proj_kernel" - 1: 0%....50%....100% - 8 passes
==PROF== Profiling "linear_proj_kernel" - 2: 0%....50%....100% - 8 passes
==PROF== Profiling "linear_proj_kernel" - 3: 0%....50%....100% - 8 passes
==PROF== Profiling "qkt_kernel" - 4: 0%....50%....100% - 8 passes
==PROF== Profiling "softmax_kernel(float *)" - 5: 0%....50%....100% - 8 passes
==PROF== Profiling "av_kernel" - 6: 0%....50%....100% - 8 passes
==PROF== Profiling "residual_kernel" - 7: 0%....50%....100% - 8 passes
==PROF== Profiling "layer_norm_kernel" - 8: 0%....50%....100% - 8 passes
==PROF== Profiling "conv1d_kernel" - 9: 0%....50%....100% - 8 passes
==PROF== Profiling "linear_proj_kernel" - 10: 0%....50%....100% - 8 passes
==PROF== Profiling "residual_kernel" - 11: 0%....50%....100% - 8 passes
Starting VITS Text Encoder Simulation (Part 4 CUDA SIMT)...
Encoder Simulation Completed.
Block size: 128
Kernel time: 1127.2238 ms
Final Feature Checksum: 99.228035
==PROF== Disconnected from process 13473
[13473] main@127.0.0.1
  layer_norm_kernel(const float *, float *, int) (1, 1, 1)x(128, 1, 1), Context 1, Stream 7, Device 0, CC 8.9
    Section: GPU Speed Of Light Throughput
    ----------------------- ------------- ------------
    Metric Name               Metric Unit Metric Value
    ----------------------- ------------- ------------
    DRAM Frequency          cycle/nsecond         8.06
    SM Frequency            cycle/nsecond         1.91
    Elapsed Cycles                  cycle        38353
    Memory Throughput                   %         1.77
    DRAM Throughput                     %         0.55
    Duration                      usecond        20.03
    L1/TEX Cache Throughput             %        44.98
    L2 Cache Throughput                 %         1.54
    SM Active Cycles                cycle         1518
    Compute (SM) Throughput             %         0.11
    ----------------------- ------------- ------------

    OPT   This kernel grid is too small to fill the available resources on this device, resulting in only 0.0 full      
          waves across all SMs. Look at Launch Statistics for more details.                                             

    Section: Launch Statistics
    -------------------------------- --------------- ---------------
    Metric Name                          Metric Unit    Metric Value
    -------------------------------- --------------- ---------------
    Block Size                                                   128
    Function Cache Configuration                     CachePreferNone
    Grid Size                                                      1
    Registers Per Thread             register/thread              40
    Shared Memory Configuration Size           Kbyte           32.77
    Driver Shared Memory Per Block       Kbyte/block            1.02
    Dynamic Shared Memory Per Block       byte/block               0
    Static Shared Memory Per Block        byte/block               0
    # SMs                                         SM              24
    Threads                                   thread             128
    Uses Green Context                                             0
    Waves Per SM                                                0.00
    -------------------------------- --------------- ---------------

    OPT   Est. Speedup: 95.83%                                                                                          
          The grid for this launch is configured to execute only 1 blocks, which is less than the GPU's 24              
          multiprocessors. This can underutilize some multiprocessors. If you do not intend to execute this kernel      
          concurrently with other workloads, consider reducing the block size to have at least one block per            
          multiprocessor or increase the size of the grid to fully utilize the available hardware resources. See the    
          Hardware Model (https://docs.nvidia.com/nsight-compute/ProfilingGuide/index.html#metrics-hw-model)            
          description for more details on launch configurations.                                                        

    Section: Occupancy
    ------------------------------- ----------- ------------
    Metric Name                     Metric Unit Metric Value
    ------------------------------- ----------- ------------
    Block Limit SM                        block           24
    Block Limit Registers                 block           12
    Block Limit Shared Mem                block           32
    Block Limit Warps                     block           12
    Theoretical Active Warps per SM        warp           48
    Theoretical Occupancy                     %          100
    Achieved Occupancy                        %         2.15
    Achieved Active Warps Per SM           warp         1.03
    ------------------------------- ----------- ------------

    OPT   Est. Local Speedup: 97.85%                                                                                    
          The difference between calculated theoretical (100.0%) and measured achieved occupancy (2.1%) can be the      
          result of warp scheduling overheads or workload imbalances during the kernel execution. Load imbalances can   
          occur between warps within a block as well as across blocks of the same kernel. See the CUDA Best Practices   
          Guide (https://docs.nvidia.com/cuda/cuda-c-best-practices-guide/index.html#occupancy) for more details on     
          optimizing occupancy.                                                                                         

    Section: GPU and Memory Workload Distribution
    -------------------------- ----------- ------------
    Metric Name                Metric Unit Metric Value
    -------------------------- ----------- ------------
    Average DRAM Active Cycles       cycle          892
    Total DRAM Elapsed Cycles        cycle       646144
    Average L1 Active Cycles         cycle         1518
    Total L1 Elapsed Cycles          cycle       925672
    Average L2 Active Cycles         cycle      5129.31
    Total L2 Elapsed Cycles          cycle       579984
    Average SM Active Cycles         cycle         1518
    Total SM Elapsed Cycles          cycle       925672
    Average SMSP Active Cycles       cycle       387.22
    Total SMSP Elapsed Cycles        cycle      3702688
    -------------------------- ----------- ------------

  linear_proj_kernel(const float *, const float *, float *, int, int) (32, 1, 1)x(128, 1, 1), Context 1, Stream 7, Device 0, CC 8.9
    Section: GPU Speed Of Light Throughput
    ----------------------- ------------- ------------
    Metric Name               Metric Unit Metric Value
    ----------------------- ------------- ------------
    DRAM Frequency          cycle/nsecond         8.08
    SM Frequency            cycle/nsecond         1.92
    Elapsed Cycles                  cycle        37752
    Memory Throughput                   %        58.26
    DRAM Throughput                     %         1.71
    Duration                      usecond        19.71
    L1/TEX Cache Throughput             %        89.41
    L2 Cache Throughput                 %         8.72
    SM Active Cycles                cycle     24848.17
    Compute (SM) Throughput             %         4.59
    ----------------------- ------------- ------------

    OPT   This kernel grid is too small to fill the available resources on this device, resulting in only 0.1 full      
          waves across all SMs. Look at Launch Statistics for more details.                                             

    Section: Launch Statistics
    -------------------------------- --------------- ---------------
    Metric Name                          Metric Unit    Metric Value
    -------------------------------- --------------- ---------------
    Block Size                                                   128
    Function Cache Configuration                     CachePreferNone
    Grid Size                                                     32
    Registers Per Thread             register/thread              40
    Shared Memory Configuration Size           Kbyte           65.54
    Driver Shared Memory Per Block       Kbyte/block            1.02
    Dynamic Shared Memory Per Block       byte/block               0
    Static Shared Memory Per Block       Kbyte/block            2.05
    # SMs                                         SM              24
    Threads                                   thread            4096
    Uses Green Context                                             0
    Waves Per SM                                                0.11
    -------------------------------- --------------- ---------------

    OPT   If you execute __syncthreads() to synchronize the threads of a block, it is recommended to have more than the 
          achieved 1 blocks per multiprocessor. This way, blocks that aren't waiting for __syncthreads() can keep the   
          hardware busy.                                                                                                

    Section: Occupancy
    ------------------------------- ----------- ------------
    Metric Name                     Metric Unit Metric Value
    ------------------------------- ----------- ------------
    Block Limit SM                        block           24
    Block Limit Registers                 block           12
    Block Limit Shared Mem                block           21
    Block Limit Warps                     block           12
    Theoretical Active Warps per SM        warp           48
    Theoretical Occupancy                     %          100
    Achieved Occupancy                        %        11.92
    Achieved Active Warps Per SM           warp         5.72
    ------------------------------- ----------- ------------

    OPT   Est. Local Speedup: 88.08%                                                                                    
          The difference between calculated theoretical (100.0%) and measured achieved occupancy (11.9%) can be the     
          result of warp scheduling overheads or workload imbalances during the kernel execution. Load imbalances can   
          occur between warps within a block as well as across blocks of the same kernel. See the CUDA Best Practices   
          Guide (https://docs.nvidia.com/cuda/cuda-c-best-practices-guide/index.html#occupancy) for more details on     
          optimizing occupancy.                                                                                         

    Section: GPU and Memory Workload Distribution
    -------------------------- ----------- ------------
    Metric Name                Metric Unit Metric Value
    -------------------------- ----------- ------------
    Average DRAM Active Cycles       cycle         2724
    Total DRAM Elapsed Cycles        cycle       636928
    Average L1 Active Cycles         cycle     24848.17
    Total L1 Elapsed Cycles          cycle       915120
    Average L2 Active Cycles         cycle     14855.19
    Total L2 Elapsed Cycles          cycle       571008
    Average SM Active Cycles         cycle     24848.17
    Total SM Elapsed Cycles          cycle       915120
    Average SMSP Active Cycles       cycle     24340.27
    Total SMSP Elapsed Cycles        cycle      3660480
    -------------------------- ----------- ------------

    OPT   Est. Speedup: 19.98%                                                                                          
          One or more SMs have a much higher number of active cycles than the average number of active cycles. Maximum  
          instance value is 30.66% above the average, while the minimum instance value is 22.31% below the average.     
    ----- --------------------------------------------------------------------------------------------------------------
    OPT   Est. Speedup: 20.65%                                                                                          
          One or more SMSPs have a much higher number of active cycles than the average number of active cycles.        
          Maximum instance value is 32.36% above the average, while the minimum instance value is 24.99% below the      
          average.                                                                                                      
    ----- --------------------------------------------------------------------------------------------------------------
    OPT   Est. Speedup: 19.98%                                                                                          
          One or more L1 Slices have a much higher number of active cycles than the average number of active cycles.    
          Maximum instance value is 30.66% above the average, while the minimum instance value is 22.31% below the      
          average.                                                                                                      
    ----- --------------------------------------------------------------------------------------------------------------
    OPT   Est. Speedup: 9.523%                                                                                          
          One or more L2 Slices have a much lower number of active cycles than the average number of active cycles.     
          Maximum instance value is 22.88% above the average, while the minimum instance value is 31.84% below the      
          average.                                                                                                      

  linear_proj_kernel(const float *, const float *, float *, int, int) (32, 1, 1)x(128, 1, 1), Context 1, Stream 7, Device 0, CC 8.9
    Section: GPU Speed Of Light Throughput
    ----------------------- ------------- ------------
    Metric Name               Metric Unit Metric Value
    ----------------------- ------------- ------------
    DRAM Frequency          cycle/nsecond         8.06
    SM Frequency            cycle/nsecond         1.92
    Elapsed Cycles                  cycle        37938
    Memory Throughput                   %        58.68
    DRAM Throughput                     %         1.71
    Duration                      usecond        19.81
    L1/TEX Cache Throughput             %        88.72
    L2 Cache Throughput                 %         8.68
    SM Active Cycles                cycle     25041.04
    Compute (SM) Throughput             %         4.62
    ----------------------- ------------- ------------

    OPT   This kernel grid is too small to fill the available resources on this device, resulting in only 0.1 full      
          waves across all SMs. Look at Launch Statistics for more details.                                             

    Section: Launch Statistics
    -------------------------------- --------------- ---------------
    Metric Name                          Metric Unit    Metric Value
    -------------------------------- --------------- ---------------
    Block Size                                                   128
    Function Cache Configuration                     CachePreferNone
    Grid Size                                                     32
    Registers Per Thread             register/thread              40
    Shared Memory Configuration Size           Kbyte           65.54
    Driver Shared Memory Per Block       Kbyte/block            1.02
    Dynamic Shared Memory Per Block       byte/block               0
    Static Shared Memory Per Block       Kbyte/block            2.05
    # SMs                                         SM              24
    Threads                                   thread            4096
    Uses Green Context                                             0
    Waves Per SM                                                0.11
    -------------------------------- --------------- ---------------

    OPT   If you execute __syncthreads() to synchronize the threads of a block, it is recommended to have more than the 
          achieved 1 blocks per multiprocessor. This way, blocks that aren't waiting for __syncthreads() can keep the   
          hardware busy.                                                                                                

    Section: Occupancy
    ------------------------------- ----------- ------------
    Metric Name                     Metric Unit Metric Value
    ------------------------------- ----------- ------------
    Block Limit SM                        block           24
    Block Limit Registers                 block           12
    Block Limit Shared Mem                block           21
    Block Limit Warps                     block           12
    Theoretical Active Warps per SM        warp           48
    Theoretical Occupancy                     %          100
    Achieved Occupancy                        %        11.81
    Achieved Active Warps Per SM           warp         5.67
    ------------------------------- ----------- ------------

    OPT   Est. Local Speedup: 88.19%                                                                                    
          The difference between calculated theoretical (100.0%) and measured achieved occupancy (11.8%) can be the     
          result of warp scheduling overheads or workload imbalances during the kernel execution. Load imbalances can   
          occur between warps within a block as well as across blocks of the same kernel. See the CUDA Best Practices   
          Guide (https://docs.nvidia.com/cuda/cuda-c-best-practices-guide/index.html#occupancy) for more details on     
          optimizing occupancy.                                                                                         

    Section: GPU and Memory Workload Distribution
    -------------------------- ----------- ------------
    Metric Name                Metric Unit Metric Value
    -------------------------- ----------- ------------
    Average DRAM Active Cycles       cycle         2724
    Total DRAM Elapsed Cycles        cycle       638976
    Average L1 Active Cycles         cycle     25041.04
    Total L1 Elapsed Cycles          cycle       908680
    Average L2 Active Cycles         cycle     14413.38
    Total L2 Elapsed Cycles          cycle       573872
    Average SM Active Cycles         cycle     25041.04
    Total SM Elapsed Cycles          cycle       908680
    Average SMSP Active Cycles       cycle     24352.21
    Total SMSP Elapsed Cycles        cycle      3634720
    -------------------------- ----------- ------------

    OPT   Est. Speedup: 20.15%                                                                                          
          One or more SMs have a much higher number of active cycles than the average number of active cycles. Maximum  
          instance value is 30.47% above the average, while the minimum instance value is 21.70% below the average.     
    ----- --------------------------------------------------------------------------------------------------------------
    OPT   Est. Speedup: 20.71%                                                                                          
          One or more SMSPs have a much higher number of active cycles than the average number of active cycles.        
          Maximum instance value is 32.20% above the average, while the minimum instance value is 25.06% below the      
          average.                                                                                                      
    ----- --------------------------------------------------------------------------------------------------------------
    OPT   Est. Speedup: 20.15%                                                                                          
          One or more L1 Slices have a much higher number of active cycles than the average number of active cycles.    
          Maximum instance value is 30.47% above the average, while the minimum instance value is 21.70% below the      
          average.                                                                                                      
    ----- --------------------------------------------------------------------------------------------------------------
    OPT   Est. Speedup: 10.72%                                                                                          
          One or more L2 Slices have a much higher number of active cycles than the average number of active cycles.    
          Additionally, other L2 Slices have a much lower number of active cycles than the average number of active     
          cycles. Maximum instance value is 26.69% above the average, while the minimum instance value is 27.18% below  
          the average.                                                                                                  

  linear_proj_kernel(const float *, const float *, float *, int, int) (32, 1, 1)x(128, 1, 1), Context 1, Stream 7, Device 0, CC 8.9
    Section: GPU Speed Of Light Throughput
    ----------------------- ------------- ------------
    Metric Name               Metric Unit Metric Value
    ----------------------- ------------- ------------
    DRAM Frequency          cycle/nsecond         8.08
    SM Frequency            cycle/nsecond         1.92
    Elapsed Cycles                  cycle        37884
    Memory Throughput                   %        58.93
    DRAM Throughput                     %         1.71
    Duration                      usecond        19.78
    L1/TEX Cache Throughput             %        89.33
    L2 Cache Throughput                 %         8.71
    SM Active Cycles                cycle     24868.46
    Compute (SM) Throughput             %         4.64
    ----------------------- ------------- ------------

    OPT   This kernel grid is too small to fill the available resources on this device, resulting in only 0.1 full      
          waves across all SMs. Look at Launch Statistics for more details.                                             

    Section: Launch Statistics
    -------------------------------- --------------- ---------------
    Metric Name                          Metric Unit    Metric Value
    -------------------------------- --------------- ---------------
    Block Size                                                   128
    Function Cache Configuration                     CachePreferNone
    Grid Size                                                     32
    Registers Per Thread             register/thread              40
    Shared Memory Configuration Size           Kbyte           65.54
    Driver Shared Memory Per Block       Kbyte/block            1.02
    Dynamic Shared Memory Per Block       byte/block               0
    Static Shared Memory Per Block       Kbyte/block            2.05
    # SMs                                         SM              24
    Threads                                   thread            4096
    Uses Green Context                                             0
    Waves Per SM                                                0.11
    -------------------------------- --------------- ---------------

    OPT   If you execute __syncthreads() to synchronize the threads of a block, it is recommended to have more than the 
          achieved 1 blocks per multiprocessor. This way, blocks that aren't waiting for __syncthreads() can keep the   
          hardware busy.                                                                                                

    Section: Occupancy
    ------------------------------- ----------- ------------
    Metric Name                     Metric Unit Metric Value
    ------------------------------- ----------- ------------
    Block Limit SM                        block           24
    Block Limit Registers                 block           12
    Block Limit Shared Mem                block           21
    Block Limit Warps                     block           12
    Theoretical Active Warps per SM        warp           48
    Theoretical Occupancy                     %          100
    Achieved Occupancy                        %        11.98
    Achieved Active Warps Per SM           warp         5.75
    ------------------------------- ----------- ------------

    OPT   Est. Local Speedup: 88.02%                                                                                    
          The difference between calculated theoretical (100.0%) and measured achieved occupancy (12.0%) can be the     
          result of warp scheduling overheads or workload imbalances during the kernel execution. Load imbalances can   
          occur between warps within a block as well as across blocks of the same kernel. See the CUDA Best Practices   
          Guide (https://docs.nvidia.com/cuda/cuda-c-best-practices-guide/index.html#occupancy) for more details on     
          optimizing occupancy.                                                                                         

    Section: GPU and Memory Workload Distribution
    -------------------------- ----------- ------------
    Metric Name                Metric Unit Metric Value
    -------------------------- ----------- ------------
    Average DRAM Active Cycles       cycle         2724
    Total DRAM Elapsed Cycles        cycle       638976
    Average L1 Active Cycles         cycle     24868.46
    Total L1 Elapsed Cycles          cycle       904744
    Average L2 Active Cycles         cycle     15947.12
    Total L2 Elapsed Cycles          cycle       572928
    Average SM Active Cycles         cycle     24868.46
    Total SM Elapsed Cycles          cycle       904744
    Average SMSP Active Cycles       cycle     24373.67
    Total SMSP Elapsed Cycles        cycle      3618976
    -------------------------- ----------- ------------

    OPT   Est. Speedup: 20.34%                                                                                          
          One or more SMs have a much higher number of active cycles than the average number of active cycles. Maximum  
          instance value is 30.84% above the average, while the minimum instance value is 22.05% below the average.     
    ----- --------------------------------------------------------------------------------------------------------------
    OPT   Est. Speedup: 21.16%                                                                                          
          One or more SMSPs have a much higher number of active cycles than the average number of active cycles.        
          Maximum instance value is 32.72% above the average, while the minimum instance value is 24.93% below the      
          average.                                                                                                      
    ----- --------------------------------------------------------------------------------------------------------------
    OPT   Est. Speedup: 20.34%                                                                                          
          One or more L1 Slices have a much higher number of active cycles than the average number of active cycles.    
          Maximum instance value is 30.84% above the average, while the minimum instance value is 22.05% below the      
          average.                                                                                                      
    ----- --------------------------------------------------------------------------------------------------------------
    OPT   Est. Speedup: 6.381%                                                                                          
          One or more L2 Slices have a much higher number of active cycles than the average number of active cycles.    
          Maximum instance value is 14.33% above the average, while the minimum instance value is 5.51% below the       
          average.                                                                                                      

  qkt_kernel(const float *, const float *, float *, float) (32, 1, 1)x(128, 1, 1), Context 1, Stream 7, Device 0, CC 8.9
    Section: GPU Speed Of Light Throughput
    ----------------------- ------------- ------------
    Metric Name               Metric Unit Metric Value
    ----------------------- ------------- ------------
    DRAM Frequency          cycle/nsecond         8.04
    SM Frequency            cycle/nsecond         1.91
    Elapsed Cycles                  cycle        12267
    Memory Throughput                   %        46.09
    DRAM Throughput                     %         2.25
    Duration                      usecond         6.43
    L1/TEX Cache Throughput             %        75.39
    L2 Cache Throughput                 %         2.70
    SM Active Cycles                cycle      7487.46
    Compute (SM) Throughput             %         5.75
    ----------------------- ------------- ------------

    OPT   This kernel grid is too small to fill the available resources on this device, resulting in only 0.1 full      
          waves across all SMs. Look at Launch Statistics for more details.                                             

    Section: Launch Statistics
    -------------------------------- --------------- ---------------
    Metric Name                          Metric Unit    Metric Value
    -------------------------------- --------------- ---------------
    Block Size                                                   128
    Function Cache Configuration                     CachePreferNone
    Grid Size                                                     32
    Registers Per Thread             register/thread              40
    Shared Memory Configuration Size           Kbyte           32.77
    Driver Shared Memory Per Block       Kbyte/block            1.02
    Dynamic Shared Memory Per Block       byte/block               0
    Static Shared Memory Per Block        byte/block               0
    # SMs                                         SM              24
    Threads                                   thread            4096
    Uses Green Context                                             0
    Waves Per SM                                                0.11
    -------------------------------- --------------- ---------------

    OPT   If you execute __syncthreads() to synchronize the threads of a block, it is recommended to have more than the 
          achieved 1 blocks per multiprocessor. This way, blocks that aren't waiting for __syncthreads() can keep the   
          hardware busy.                                                                                                

    Section: Occupancy
    ------------------------------- ----------- ------------
    Metric Name                     Metric Unit Metric Value
    ------------------------------- ----------- ------------
    Block Limit SM                        block           24
    Block Limit Registers                 block           12
    Block Limit Shared Mem                block           32
    Block Limit Warps                     block           12
    Theoretical Active Warps per SM        warp           48
    Theoretical Occupancy                     %          100
    Achieved Occupancy                        %        11.54
    Achieved Active Warps Per SM           warp         5.54
    ------------------------------- ----------- ------------

    OPT   Est. Local Speedup: 88.46%                                                                                    
          The difference between calculated theoretical (100.0%) and measured achieved occupancy (11.5%) can be the     
          result of warp scheduling overheads or workload imbalances during the kernel execution. Load imbalances can   
          occur between warps within a block as well as across blocks of the same kernel. See the CUDA Best Practices   
          Guide (https://docs.nvidia.com/cuda/cuda-c-best-practices-guide/index.html#occupancy) for more details on     
          optimizing occupancy.                                                                                         

    Section: GPU and Memory Workload Distribution
    -------------------------- ----------- ------------
    Metric Name                Metric Unit Metric Value
    -------------------------- ----------- ------------
    Average DRAM Active Cycles       cycle         1164
    Total DRAM Elapsed Cycles        cycle       206848
    Average L1 Active Cycles         cycle      7487.46
    Total L1 Elapsed Cycles          cycle       293920
    Average L2 Active Cycles         cycle      2569.12
    Total L2 Elapsed Cycles          cycle       185488
    Average SM Active Cycles         cycle      7487.46
    Total SM Elapsed Cycles          cycle       293920
    Average SMSP Active Cycles       cycle      7207.47
    Total SMSP Elapsed Cycles        cycle      1175680
    -------------------------- ----------- ------------

    OPT   Est. Speedup: 16.86%                                                                                          
          One or more SMs have a much higher number of active cycles than the average number of active cycles. Maximum  
          instance value is 27.57% above the average, while the minimum instance value is 19.81% below the average.     
    ----- --------------------------------------------------------------------------------------------------------------
    OPT   Est. Speedup: 17.5%                                                                                           
          One or more SMSPs have a much higher number of active cycles than the average number of active cycles.        
          Additionally, other SMSPs have a much lower number of active cycles than the average number of active         
          cycles. Maximum instance value is 29.73% above the average, while the minimum instance value is 28.45% below  
          the average.                                                                                                  
    ----- --------------------------------------------------------------------------------------------------------------
    OPT   Est. Speedup: 16.86%                                                                                          
          One or more L1 Slices have a much higher number of active cycles than the average number of active cycles.    
          Maximum instance value is 27.57% above the average, while the minimum instance value is 19.81% below the      
          average.                                                                                                      
    ----- --------------------------------------------------------------------------------------------------------------
    OPT   Est. Speedup: 6.707%                                                                                          
          One or more L2 Slices have a much higher number of active cycles than the average number of active cycles.    
          Maximum instance value is 30.26% above the average, while the minimum instance value is 15.30% below the      
          average.                                                                                                      

  softmax_kernel(float *) (1, 1, 1)x(128, 1, 1), Context 1, Stream 7, Device 0, CC 8.9
    Section: GPU Speed Of Light Throughput
    ----------------------- ------------- ------------
    Metric Name               Metric Unit Metric Value
    ----------------------- ------------- ------------
    DRAM Frequency          cycle/nsecond         8.08
    SM Frequency            cycle/nsecond         1.92
    Elapsed Cycles                  cycle        32120
    Memory Throughput                   %         3.90
    DRAM Throughput                     %         0.74
    Duration                      usecond        16.77
    L1/TEX Cache Throughput             %        74.70
    L2 Cache Throughput                 %         3.90
    SM Active Cycles                cycle      1258.12
    Compute (SM) Throughput             %         0.24
    ----------------------- ------------- ------------

    OPT   This kernel grid is too small to fill the available resources on this device, resulting in only 0.0 full      
          waves across all SMs. Look at Launch Statistics for more details.                                             

    Section: Launch Statistics
    -------------------------------- --------------- ---------------
    Metric Name                          Metric Unit    Metric Value
    -------------------------------- --------------- ---------------
    Block Size                                                   128
    Function Cache Configuration                     CachePreferNone
    Grid Size                                                      1
    Registers Per Thread             register/thread              39
    Shared Memory Configuration Size           Kbyte           32.77
    Driver Shared Memory Per Block       Kbyte/block            1.02
    Dynamic Shared Memory Per Block       byte/block               0
    Static Shared Memory Per Block        byte/block               0
    # SMs                                         SM              24
    Threads                                   thread             128
    Uses Green Context                                             0
    Waves Per SM                                                0.00
    -------------------------------- --------------- ---------------

    OPT   Est. Speedup: 95.83%                                                                                          
          The grid for this launch is configured to execute only 1 blocks, which is less than the GPU's 24              
          multiprocessors. This can underutilize some multiprocessors. If you do not intend to execute this kernel      
          concurrently with other workloads, consider reducing the block size to have at least one block per            
          multiprocessor or increase the size of the grid to fully utilize the available hardware resources. See the    
          Hardware Model (https://docs.nvidia.com/nsight-compute/ProfilingGuide/index.html#metrics-hw-model)            
          description for more details on launch configurations.                                                        

    Section: Occupancy
    ------------------------------- ----------- ------------
    Metric Name                     Metric Unit Metric Value
    ------------------------------- ----------- ------------
    Block Limit SM                        block           24
    Block Limit Registers                 block           12
    Block Limit Shared Mem                block           32
    Block Limit Warps                     block           12
    Theoretical Active Warps per SM        warp           48
    Theoretical Occupancy                     %          100
    Achieved Occupancy                        %         8.15
    Achieved Active Warps Per SM           warp         3.91
    ------------------------------- ----------- ------------

    OPT   Est. Local Speedup: 91.85%                                                                                    
          The difference between calculated theoretical (100.0%) and measured achieved occupancy (8.2%) can be the      
          result of warp scheduling overheads or workload imbalances during the kernel execution. Load imbalances can   
          occur between warps within a block as well as across blocks of the same kernel. See the CUDA Best Practices   
          Guide (https://docs.nvidia.com/cuda/cuda-c-best-practices-guide/index.html#occupancy) for more details on     
          optimizing occupancy.                                                                                         

    Section: GPU and Memory Workload Distribution
    -------------------------- ----------- ------------
    Metric Name                Metric Unit Metric Value
    -------------------------- ----------- ------------
    Average DRAM Active Cycles       cycle          996
    Total DRAM Elapsed Cycles        cycle       541696
    Average L1 Active Cycles         cycle      1258.12
    Total L1 Elapsed Cycles          cycle       762432
    Average L2 Active Cycles         cycle      7183.38
    Total L2 Elapsed Cycles          cycle       485680
    Average SM Active Cycles         cycle      1258.12
    Total SM Elapsed Cycles          cycle       762432
    Average SMSP Active Cycles       cycle      1243.11
    Total SMSP Elapsed Cycles        cycle      3049728
    -------------------------- ----------- ------------

    OPT   Est. Speedup: 13.12%                                                                                          
          One or more L2 Slices have a much lower number of active cycles than the average number of active cycles.     
          Maximum instance value is 55.43% above the average, while the minimum instance value is 99.42% below the      
          average.                                                                                                      

  av_kernel(const float *, const float *, float *) (32, 1, 1)x(128, 1, 1), Context 1, Stream 7, Device 0, CC 8.9
    Section: GPU Speed Of Light Throughput
    ----------------------- ------------- ------------
    Metric Name               Metric Unit Metric Value
    ----------------------- ------------- ------------
    DRAM Frequency          cycle/nsecond         7.91
    SM Frequency            cycle/nsecond         1.89
    Elapsed Cycles                  cycle         5263
    Memory Throughput                   %        13.59
    DRAM Throughput                     %         5.29
    Duration                      usecond         2.78
    L1/TEX Cache Throughput             %        21.89
    L2 Cache Throughput                 %         3.71
    SM Active Cycles                cycle      3215.58
    Compute (SM) Throughput             %        13.59
    ----------------------- ------------- ------------

    OPT   This kernel grid is too small to fill the available resources on this device, resulting in only 0.1 full      
          waves across all SMs. Look at Launch Statistics for more details.                                             

    Section: Launch Statistics
    -------------------------------- --------------- ---------------
    Metric Name                          Metric Unit    Metric Value
    -------------------------------- --------------- ---------------
    Block Size                                                   128
    Function Cache Configuration                     CachePreferNone
    Grid Size                                                     32
    Registers Per Thread             register/thread              39
    Shared Memory Configuration Size           Kbyte           32.77
    Driver Shared Memory Per Block       Kbyte/block            1.02
    Dynamic Shared Memory Per Block       byte/block               0
    Static Shared Memory Per Block        byte/block               0
    # SMs                                         SM              24
    Threads                                   thread            4096
    Uses Green Context                                             0
    Waves Per SM                                                0.11
    -------------------------------- --------------- ---------------

    OPT   If you execute __syncthreads() to synchronize the threads of a block, it is recommended to have more than the 
          achieved 1 blocks per multiprocessor. This way, blocks that aren't waiting for __syncthreads() can keep the   
          hardware busy.                                                                                                

    Section: Occupancy
    ------------------------------- ----------- ------------
    Metric Name                     Metric Unit Metric Value
    ------------------------------- ----------- ------------
    Block Limit SM                        block           24
    Block Limit Registers                 block           12
    Block Limit Shared Mem                block           32
    Block Limit Warps                     block           12
    Theoretical Active Warps per SM        warp           48
    Theoretical Occupancy                     %          100
    Achieved Occupancy                        %        10.51
    Achieved Active Warps Per SM           warp         5.04
    ------------------------------- ----------- ------------

    OPT   Est. Local Speedup: 89.49%                                                                                    
          The difference between calculated theoretical (100.0%) and measured achieved occupancy (10.5%) can be the     
          result of warp scheduling overheads or workload imbalances during the kernel execution. Load imbalances can   
          occur between warps within a block as well as across blocks of the same kernel. See the CUDA Best Practices   
          Guide (https://docs.nvidia.com/cuda/cuda-c-best-practices-guide/index.html#occupancy) for more details on     
          optimizing occupancy.                                                                                         

    Section: GPU and Memory Workload Distribution
    -------------------------- ----------- ------------
    Metric Name                Metric Unit Metric Value
    -------------------------- ----------- ------------
    Average DRAM Active Cycles       cycle         1164
    Total DRAM Elapsed Cycles        cycle        88064
    Average L1 Active Cycles         cycle      3215.58
    Total L1 Elapsed Cycles          cycle       124312
    Average L2 Active Cycles         cycle      1581.06
    Total L2 Elapsed Cycles          cycle        79520
    Average SM Active Cycles         cycle      3215.58
    Total SM Elapsed Cycles          cycle       124312
    Average SMSP Active Cycles       cycle      3093.28
    Total SMSP Elapsed Cycles        cycle       497248
    -------------------------- ----------- ------------

    OPT   Est. Speedup: 8.065%                                                                                          
          One or more L2 Slices have a much higher number of active cycles than the average number of active cycles.    
          Maximum instance value is 25.35% above the average, while the minimum instance value is 17.40% below the      
          average.                                                                                                      

  residual_kernel(float *, const float *, int) (32, 1, 1)x(128, 1, 1), Context 1, Stream 7, Device 0, CC 8.9
    Section: GPU Speed Of Light Throughput
    ----------------------- ------------- ------------
    Metric Name               Metric Unit Metric Value
    ----------------------- ------------- ------------
    DRAM Frequency          cycle/nsecond         7.75
    SM Frequency            cycle/nsecond         1.86
    Elapsed Cycles                  cycle         3743
    Memory Throughput                   %         7.10
    DRAM Throughput                     %         7.10
    Duration                      usecond         2.02
    L1/TEX Cache Throughput             %         2.49
    L2 Cache Throughput                 %         1.85
    SM Active Cycles                cycle      1711.96
    Compute (SM) Throughput             %         1.18
    ----------------------- ------------- ------------

    OPT   This kernel grid is too small to fill the available resources on this device, resulting in only 0.1 full      
          waves across all SMs. Look at Launch Statistics for more details.                                             

    Section: Launch Statistics
    -------------------------------- --------------- ---------------
    Metric Name                          Metric Unit    Metric Value
    -------------------------------- --------------- ---------------
    Block Size                                                   128
    Function Cache Configuration                     CachePreferNone
    Grid Size                                                     32
    Registers Per Thread             register/thread              16
    Shared Memory Configuration Size           Kbyte           32.77
    Driver Shared Memory Per Block       Kbyte/block            1.02
    Dynamic Shared Memory Per Block       byte/block               0
    Static Shared Memory Per Block        byte/block               0
    # SMs                                         SM              24
    Threads                                   thread            4096
    Uses Green Context                                             0
    Waves Per SM                                                0.11
    -------------------------------- --------------- ---------------

    OPT   If you execute __syncthreads() to synchronize the threads of a block, it is recommended to have more than the 
          achieved 1 blocks per multiprocessor. This way, blocks that aren't waiting for __syncthreads() can keep the   
          hardware busy.                                                                                                

    Section: Occupancy
    ------------------------------- ----------- ------------
    Metric Name                     Metric Unit Metric Value
    ------------------------------- ----------- ------------
    Block Limit SM                        block           24
    Block Limit Registers                 block           32
    Block Limit Shared Mem                block           32
    Block Limit Warps                     block           12
    Theoretical Active Warps per SM        warp           48
    Theoretical Occupancy                     %          100
    Achieved Occupancy                        %        10.25
    Achieved Active Warps Per SM           warp         4.92
    ------------------------------- ----------- ------------

    OPT   Est. Local Speedup: 89.75%                                                                                    
          The difference between calculated theoretical (100.0%) and measured achieved occupancy (10.3%) can be the     
          result of warp scheduling overheads or workload imbalances during the kernel execution. Load imbalances can   
          occur between warps within a block as well as across blocks of the same kernel. See the CUDA Best Practices   
          Guide (https://docs.nvidia.com/cuda/cuda-c-best-practices-guide/index.html#occupancy) for more details on     
          optimizing occupancy.                                                                                         

    Section: GPU and Memory Workload Distribution
    -------------------------- ----------- ------------
    Metric Name                Metric Unit Metric Value
    -------------------------- ----------- ------------
    Average DRAM Active Cycles       cycle         1108
    Total DRAM Elapsed Cycles        cycle        62464
    Average L1 Active Cycles         cycle      1711.96
    Total L1 Elapsed Cycles          cycle        87064
    Average L2 Active Cycles         cycle       724.38
    Total L2 Elapsed Cycles          cycle        56448
    Average SM Active Cycles         cycle      1711.96
    Total SM Elapsed Cycles          cycle        87064
    Average SMSP Active Cycles       cycle      1579.11
    Total SMSP Elapsed Cycles        cycle       348256
    -------------------------- ----------- ------------

    OPT   Est. Speedup: 7.382%                                                                                          
          One or more L2 Slices have a much higher number of active cycles than the average number of active cycles.    
          Maximum instance value is 35.95% above the average, while the minimum instance value is 28.21% below the      
          average.                                                                                                      

  layer_norm_kernel(const float *, float *, int) (1, 1, 1)x(128, 1, 1), Context 1, Stream 7, Device 0, CC 8.9
    Section: GPU Speed Of Light Throughput
    ----------------------- ------------- ------------
    Metric Name               Metric Unit Metric Value
    ----------------------- ------------- ------------
    DRAM Frequency          cycle/nsecond         8.08
    SM Frequency            cycle/nsecond         1.91
    Elapsed Cycles                  cycle        38401
    Memory Throughput                   %         1.77
    DRAM Throughput                     %         0.55
    Duration                      usecond        20.06
    L1/TEX Cache Throughput             %        44.91
    L2 Cache Throughput                 %         1.54
    SM Active Cycles                cycle      1520.38
    Compute (SM) Throughput             %         0.11
    ----------------------- ------------- ------------

    OPT   This kernel grid is too small to fill the available resources on this device, resulting in only 0.0 full      
          waves across all SMs. Look at Launch Statistics for more details.                                             

    Section: Launch Statistics
    -------------------------------- --------------- ---------------
    Metric Name                          Metric Unit    Metric Value
    -------------------------------- --------------- ---------------
    Block Size                                                   128
    Function Cache Configuration                     CachePreferNone
    Grid Size                                                      1
    Registers Per Thread             register/thread              40
    Shared Memory Configuration Size           Kbyte           32.77
    Driver Shared Memory Per Block       Kbyte/block            1.02
    Dynamic Shared Memory Per Block       byte/block               0
    Static Shared Memory Per Block        byte/block               0
    # SMs                                         SM              24
    Threads                                   thread             128
    Uses Green Context                                             0
    Waves Per SM                                                0.00
    -------------------------------- --------------- ---------------

    OPT   Est. Speedup: 95.83%                                                                                          
          The grid for this launch is configured to execute only 1 blocks, which is less than the GPU's 24              
          multiprocessors. This can underutilize some multiprocessors. If you do not intend to execute this kernel      
          concurrently with other workloads, consider reducing the block size to have at least one block per            
          multiprocessor or increase the size of the grid to fully utilize the available hardware resources. See the    
          Hardware Model (https://docs.nvidia.com/nsight-compute/ProfilingGuide/index.html#metrics-hw-model)            
          description for more details on launch configurations.                                                        

    Section: Occupancy
    ------------------------------- ----------- ------------
    Metric Name                     Metric Unit Metric Value
    ------------------------------- ----------- ------------
    Block Limit SM                        block           24
    Block Limit Registers                 block           12
    Block Limit Shared Mem                block           32
    Block Limit Warps                     block           12
    Theoretical Active Warps per SM        warp           48
    Theoretical Occupancy                     %          100
    Achieved Occupancy                        %         2.17
    Achieved Active Warps Per SM           warp         1.04
    ------------------------------- ----------- ------------

    OPT   Est. Local Speedup: 97.83%                                                                                    
          The difference between calculated theoretical (100.0%) and measured achieved occupancy (2.2%) can be the      
          result of warp scheduling overheads or workload imbalances during the kernel execution. Load imbalances can   
          occur between warps within a block as well as across blocks of the same kernel. See the CUDA Best Practices   
          Guide (https://docs.nvidia.com/cuda/cuda-c-best-practices-guide/index.html#occupancy) for more details on     
          optimizing occupancy.                                                                                         

    Section: GPU and Memory Workload Distribution
    -------------------------- ----------- ------------
    Metric Name                Metric Unit Metric Value
    -------------------------- ----------- ------------
    Average DRAM Active Cycles       cycle          892
    Total DRAM Elapsed Cycles        cycle       648192
    Average L1 Active Cycles         cycle      1520.38
    Total L1 Elapsed Cycles          cycle       925696
    Average L2 Active Cycles         cycle      5064.75
    Total L2 Elapsed Cycles          cycle       580816
    Average SM Active Cycles         cycle      1520.38
    Total SM Elapsed Cycles          cycle       925696
    Average SMSP Active Cycles       cycle       387.07
    Total SMSP Elapsed Cycles        cycle      3702784
    -------------------------- ----------- ------------

    OPT   Est. Speedup: 8.468%                                                                                          
          One or more L2 Slices have a much lower number of active cycles than the average number of active cycles.     
          Maximum instance value is 60.70% above the average, while the minimum instance value is 99.17% below the      
          average.                                                                                                      

  conv1d_kernel(const float *, const float *, float *, int, int) (128, 1, 1)x(128, 1, 1), Context 1, Stream 7, Device 0, CC 8.9
    Section: GPU Speed Of Light Throughput
    ----------------------- ------------- ------------
    Metric Name               Metric Unit Metric Value
    ----------------------- ------------- ------------
    DRAM Frequency          cycle/nsecond         8.09
    SM Frequency            cycle/nsecond         1.92
    Elapsed Cycles                  cycle       309737
    Memory Throughput                   %        85.62
    DRAM Throughput                     %         1.94
    Duration                      usecond       161.38
    L1/TEX Cache Throughput             %        99.07
    L2 Cache Throughput                 %        42.04
    SM Active Cycles                cycle    267506.38
    Compute (SM) Throughput             %        10.39
    ----------------------- ------------- ------------

    INF   The kernel is utilizing greater than 80.0% of the available compute or memory performance of the device. To   
          further improve performance, work will likely need to be shifted from the most utilized to another unit.      
          Start by analyzing L1 in the Memory Workload Analysis section.                                                

    Section: Launch Statistics
    -------------------------------- --------------- ---------------
    Metric Name                          Metric Unit    Metric Value
    -------------------------------- --------------- ---------------
    Block Size                                                   128
    Function Cache Configuration                     CachePreferNone
    Grid Size                                                    128
    Registers Per Thread             register/thread              26
    Shared Memory Configuration Size           Kbyte           32.77
    Driver Shared Memory Per Block       Kbyte/block            1.02
    Dynamic Shared Memory Per Block       byte/block               0
    Static Shared Memory Per Block        byte/block               0
    # SMs                                         SM              24
    Threads                                   thread           16384
    Uses Green Context                                             0
    Waves Per SM                                                0.44
    -------------------------------- --------------- ---------------

    Section: Occupancy
    ------------------------------- ----------- ------------
    Metric Name                     Metric Unit Metric Value
    ------------------------------- ----------- ------------
    Block Limit SM                        block           24
    Block Limit Registers                 block           16
    Block Limit Shared Mem                block           32
    Block Limit Warps                     block           12
    Theoretical Active Warps per SM        warp           48
    Theoretical Occupancy                     %          100
    Achieved Occupancy                        %        42.67
    Achieved Active Warps Per SM           warp        20.48
    ------------------------------- ----------- ------------

    OPT   Est. Local Speedup: 57.33%                                                                                    
          The difference between calculated theoretical (100.0%) and measured achieved occupancy (42.7%) can be the     
          result of warp scheduling overheads or workload imbalances during the kernel execution. Load imbalances can   
          occur between warps within a block as well as across blocks of the same kernel. See the CUDA Best Practices   
          Guide (https://docs.nvidia.com/cuda/cuda-c-best-practices-guide/index.html#occupancy) for more details on     
          optimizing occupancy.                                                                                         

    Section: GPU and Memory Workload Distribution
    -------------------------- ----------- ------------
    Metric Name                Metric Unit Metric Value
    -------------------------- ----------- ------------
    Average DRAM Active Cycles       cycle        25276
    Total DRAM Elapsed Cycles        cycle      5222400
    Average L1 Active Cycles         cycle    267506.38
    Total L1 Elapsed Cycles          cycle      7429136
    Average L2 Active Cycles         cycle    281936.69
    Total L2 Elapsed Cycles          cycle      4684544
    Average SM Active Cycles         cycle    267506.38
    Total SM Elapsed Cycles          cycle      7429136
    Average SMSP Active Cycles       cycle    266814.75
    Total SMSP Elapsed Cycles        cycle     29716544
    -------------------------- ----------- ------------

    OPT   Est. Speedup: 11.32%                                                                                          
          One or more SMs have a much higher number of active cycles than the average number of active cycles. Maximum  
          instance value is 13.09% above the average, while the minimum instance value is 4.51% below the average.      
    ----- --------------------------------------------------------------------------------------------------------------
    OPT   Est. Speedup: 11.51%                                                                                          
          One or more SMSPs have a much higher number of active cycles than the average number of active cycles.        
          Maximum instance value is 13.35% above the average, while the minimum instance value is 4.87% below the       
          average.                                                                                                      
    ----- --------------------------------------------------------------------------------------------------------------
    OPT   Est. Speedup: 11.32%                                                                                          
          One or more L1 Slices have a much higher number of active cycles than the average number of active cycles.    
          Maximum instance value is 13.09% above the average, while the minimum instance value is 4.51% below the       
          average.                                                                                                      

  linear_proj_kernel(const float *, const float *, float *, int, int) (32, 1, 1)x(128, 1, 1), Context 1, Stream 7, Device 0, CC 8.9
    Section: GPU Speed Of Light Throughput
    ----------------------- ------------- ------------
    Metric Name               Metric Unit Metric Value
    ----------------------- ------------- ------------
    DRAM Frequency          cycle/nsecond         8.09
    SM Frequency            cycle/nsecond         1.92
    Elapsed Cycles                  cycle       140080
    Memory Throughput                   %        63.41
    DRAM Throughput                     %         1.84
    Duration                      usecond        73.02
    L1/TEX Cache Throughput             %        95.09
    L2 Cache Throughput                 %         9.35
    SM Active Cycles                cycle        93397
    Compute (SM) Throughput             %         4.95
    ----------------------- ------------- ------------

    OPT   Memory is more heavily utilized than Compute: Look at the Memory Workload Analysis section to identify the L1 
          bottleneck. Check memory replay (coalescing) metrics to make sure you're efficiently utilizing the bytes      
          transferred. Also consider whether it is possible to do more work per memory access (kernel fusion) or        
          whether there are values you can (re)compute.                                                                 

    Section: Launch Statistics
    -------------------------------- --------------- ---------------
    Metric Name                          Metric Unit    Metric Value
    -------------------------------- --------------- ---------------
    Block Size                                                   128
    Function Cache Configuration                     CachePreferNone
    Grid Size                                                     32
    Registers Per Thread             register/thread              40
    Shared Memory Configuration Size           Kbyte           65.54
    Driver Shared Memory Per Block       Kbyte/block            1.02
    Dynamic Shared Memory Per Block       byte/block               0
    Static Shared Memory Per Block       Kbyte/block            2.05
    # SMs                                         SM              24
    Threads                                   thread            4096
    Uses Green Context                                             0
    Waves Per SM                                                0.11
    -------------------------------- --------------- ---------------

    OPT   If you execute __syncthreads() to synchronize the threads of a block, it is recommended to have more than the 
          achieved 1 blocks per multiprocessor. This way, blocks that aren't waiting for __syncthreads() can keep the   
          hardware busy.                                                                                                

    Section: Occupancy
    ------------------------------- ----------- ------------
    Metric Name                     Metric Unit Metric Value
    ------------------------------- ----------- ------------
    Block Limit SM                        block           24
    Block Limit Registers                 block           12
    Block Limit Shared Mem                block           21
    Block Limit Warps                     block           12
    Theoretical Active Warps per SM        warp           48
    Theoretical Occupancy                     %          100
    Achieved Occupancy                        %        12.26
    Achieved Active Warps Per SM           warp         5.88
    ------------------------------- ----------- ------------

    OPT   Est. Local Speedup: 87.74%                                                                                    
          The difference between calculated theoretical (100.0%) and measured achieved occupancy (12.3%) can be the     
          result of warp scheduling overheads or workload imbalances during the kernel execution. Load imbalances can   
          occur between warps within a block as well as across blocks of the same kernel. See the CUDA Best Practices   
          Guide (https://docs.nvidia.com/cuda/cuda-c-best-practices-guide/index.html#occupancy) for more details on     
          optimizing occupancy.                                                                                         

    Section: GPU and Memory Workload Distribution
    -------------------------- ----------- ------------
    Metric Name                Metric Unit Metric Value
    -------------------------- ----------- ------------
    Average DRAM Active Cycles       cycle        10852
    Total DRAM Elapsed Cycles        cycle      2362368
    Average L1 Active Cycles         cycle        93397
    Total L1 Elapsed Cycles          cycle      3361360
    Average L2 Active Cycles         cycle     82085.75
    Total L2 Elapsed Cycles          cycle      2118720
    Average SM Active Cycles         cycle        93397
    Total SM Elapsed Cycles          cycle      3361360
    Average SMSP Active Cycles       cycle     92675.77
    Total SMSP Elapsed Cycles        cycle     13445440
    -------------------------- ----------- ------------

    OPT   Est. Speedup: 21.6%                                                                                           
          One or more SMs have a much higher number of active cycles than the average number of active cycles. Maximum  
          instance value is 32.39% above the average, while the minimum instance value is 23.76% below the average.     
    ----- --------------------------------------------------------------------------------------------------------------
    OPT   Est. Speedup: 21.82%                                                                                          
          One or more SMSPs have a much higher number of active cycles than the average number of active cycles.        
          Maximum instance value is 32.98% above the average, while the minimum instance value is 24.67% below the      
          average.                                                                                                      
    ----- --------------------------------------------------------------------------------------------------------------
    OPT   Est. Speedup: 21.6%                                                                                           
          One or more L1 Slices have a much higher number of active cycles than the average number of active cycles.    
          Maximum instance value is 32.39% above the average, while the minimum instance value is 23.76% below the      
          average.                                                                                                      

  residual_kernel(float *, const float *, int) (32, 1, 1)x(128, 1, 1), Context 1, Stream 7, Device 0, CC 8.9
    Section: GPU Speed Of Light Throughput
    ----------------------- ------------- ------------
    Metric Name               Metric Unit Metric Value
    ----------------------- ------------- ------------
    DRAM Frequency          cycle/nsecond         7.74
    SM Frequency            cycle/nsecond         1.87
    Elapsed Cycles                  cycle         3705
    Memory Throughput                   %         7.21
    DRAM Throughput                     %         7.21
    Duration                      usecond         1.98
    L1/TEX Cache Throughput             %         2.49
    L2 Cache Throughput                 %         1.84
    SM Active Cycles                cycle      1710.42
    Compute (SM) Throughput             %         1.18
    ----------------------- ------------- ------------

    OPT   This kernel grid is too small to fill the available resources on this device, resulting in only 0.1 full      
          waves across all SMs. Look at Launch Statistics for more details.                                             

    Section: Launch Statistics
    -------------------------------- --------------- ---------------
    Metric Name                          Metric Unit    Metric Value
    -------------------------------- --------------- ---------------
    Block Size                                                   128
    Function Cache Configuration                     CachePreferNone
    Grid Size                                                     32
    Registers Per Thread             register/thread              16
    Shared Memory Configuration Size           Kbyte           32.77
    Driver Shared Memory Per Block       Kbyte/block            1.02
    Dynamic Shared Memory Per Block       byte/block               0
    Static Shared Memory Per Block        byte/block               0
    # SMs                                         SM              24
    Threads                                   thread            4096
    Uses Green Context                                             0
    Waves Per SM                                                0.11
    -------------------------------- --------------- ---------------

    OPT   If you execute __syncthreads() to synchronize the threads of a block, it is recommended to have more than the 
          achieved 1 blocks per multiprocessor. This way, blocks that aren't waiting for __syncthreads() can keep the   
          hardware busy.                                                                                                

    Section: Occupancy
    ------------------------------- ----------- ------------
    Metric Name                     Metric Unit Metric Value
    ------------------------------- ----------- ------------
    Block Limit SM                        block           24
    Block Limit Registers                 block           32
    Block Limit Shared Mem                block           32
    Block Limit Warps                     block           12
    Theoretical Active Warps per SM        warp           48
    Theoretical Occupancy                     %          100
    Achieved Occupancy                        %        11.14
    Achieved Active Warps Per SM           warp         5.35
    ------------------------------- ----------- ------------

    OPT   Est. Local Speedup: 88.86%                                                                                    
          The difference between calculated theoretical (100.0%) and measured achieved occupancy (11.1%) can be the     
          result of warp scheduling overheads or workload imbalances during the kernel execution. Load imbalances can   
          occur between warps within a block as well as across blocks of the same kernel. See the CUDA Best Practices   
          Guide (https://docs.nvidia.com/cuda/cuda-c-best-practices-guide/index.html#occupancy) for more details on     
          optimizing occupancy.                                                                                         

    Section: GPU and Memory Workload Distribution
    -------------------------- ----------- ------------
    Metric Name                Metric Unit Metric Value
    -------------------------- ----------- ------------
    Average DRAM Active Cycles       cycle         1108
    Total DRAM Elapsed Cycles        cycle        61440
    Average L1 Active Cycles         cycle      1710.42
    Total L1 Elapsed Cycles          cycle        86880
    Average L2 Active Cycles         cycle       472.44
    Total L2 Elapsed Cycles          cycle        56000
    Average SM Active Cycles         cycle      1710.42
    Total SM Elapsed Cycles          cycle        86880
    Average SMSP Active Cycles       cycle      1576.20
    Total SMSP Elapsed Cycles        cycle       347520
    -------------------------- ----------- ------------

    OPT   Est. Speedup: 7.972%                                                                                          
          One or more L2 Slices have a much lower number of active cycles than the average number of active cycles.     
          Maximum instance value is 59.06% above the average, while the minimum instance value is 91.11% below the      
          average.                                                                                                      

