========== GPU Result (BLOCK_SIZE = 512) ==========
Starting VITS Text Encoder Simulation (Part 4 CUDA SIMT)...
Encoder Simulation Completed.
Block size: 512
Kernel time: 0.7717 ms
Final Feature Checksum: 99.228035

========== Nsight Compute  ==========
==PROF== Connected to process 13807 (/workspace/P4/main)
==PROF== Profiling "layer_norm_kernel" - 0: 0%....50%....100% - 8 passes
==PROF== Profiling "linear_proj_kernel" - 1: 0%....50%....100% - 8 passes
==PROF== Profiling "linear_proj_kernel" - 2: 0%....50%....100% - 8 passes
==PROF== Profiling "linear_proj_kernel" - 3: 0%....50%....100% - 8 passes
==PROF== Profiling "qkt_kernel" - 4: 0%....50%....100% - 8 passes
==PROF== Profiling "softmax_kernel(float *)" - 5: 0%....50%....100% - 8 passes
==PROF== Profiling "av_kernel" - 6: 0%....50%....100% - 8 passes
==PROF== Profiling "residual_kernel" - 7: 0%....50%....100% - 8 passes
==PROF== Profiling "layer_norm_kernel" - 8: 0%....50%....100% - 8 passes
==PROF== Profiling "conv1d_kernel" - 9: 0%....50%....100% - 8 passes
==PROF== Profiling "linear_proj_kernel" - 10: 0%....50%....100% - 8 passes
==PROF== Profiling "residual_kernel" - 11: 0%....50%....100% - 8 passes
Starting VITS Text Encoder Simulation (Part 4 CUDA SIMT)...
Encoder Simulation Completed.
Block size: 512
Kernel time: 2021.9524 ms
Final Feature Checksum: 99.228035
==PROF== Disconnected from process 13807
[13807] main@127.0.0.1
  layer_norm_kernel(const float *, float *, int) (1, 1, 1)x(512, 1, 1), Context 1, Stream 7, Device 0, CC 8.9
    Section: GPU Speed Of Light Throughput
    ----------------------- ------------- ------------
    Metric Name               Metric Unit Metric Value
    ----------------------- ------------- ------------
    DRAM Frequency          cycle/nsecond         8.06
    SM Frequency            cycle/nsecond         1.91
    Elapsed Cycles                  cycle        38451
    Memory Throughput                   %         1.78
    DRAM Throughput                     %         0.55
    Duration                      usecond        20.10
    L1/TEX Cache Throughput             %        44.87
    L2 Cache Throughput                 %         1.62
    SM Active Cycles                cycle      1522.92
    Compute (SM) Throughput             %         0.11
    ----------------------- ------------- ------------

    OPT   This kernel grid is too small to fill the available resources on this device, resulting in only 0.0 full      
          waves across all SMs. Look at Launch Statistics for more details.                                             

    Section: Launch Statistics
    -------------------------------- --------------- ---------------
    Metric Name                          Metric Unit    Metric Value
    -------------------------------- --------------- ---------------
    Block Size                                                   512
    Function Cache Configuration                     CachePreferNone
    Grid Size                                                      1
    Registers Per Thread             register/thread              40
    Shared Memory Configuration Size           Kbyte            8.19
    Driver Shared Memory Per Block       Kbyte/block            1.02
    Dynamic Shared Memory Per Block       byte/block               0
    Static Shared Memory Per Block        byte/block               0
    # SMs                                         SM              24
    Threads                                   thread             512
    Uses Green Context                                             0
    Waves Per SM                                                0.01
    -------------------------------- --------------- ---------------

    OPT   Est. Speedup: 95.83%                                                                                          
          The grid for this launch is configured to execute only 1 blocks, which is less than the GPU's 24              
          multiprocessors. This can underutilize some multiprocessors. If you do not intend to execute this kernel      
          concurrently with other workloads, consider reducing the block size to have at least one block per            
          multiprocessor or increase the size of the grid to fully utilize the available hardware resources. See the    
          Hardware Model (https://docs.nvidia.com/nsight-compute/ProfilingGuide/index.html#metrics-hw-model)            
          description for more details on launch configurations.                                                        

    Section: Occupancy
    ------------------------------- ----------- ------------
    Metric Name                     Metric Unit Metric Value
    ------------------------------- ----------- ------------
    Block Limit SM                        block           24
    Block Limit Registers                 block            3
    Block Limit Shared Mem                block            8
    Block Limit Warps                     block            3
    Theoretical Active Warps per SM        warp           48
    Theoretical Occupancy                     %          100
    Achieved Occupancy                        %         2.36
    Achieved Active Warps Per SM           warp         1.13
    ------------------------------- ----------- ------------

    OPT   Est. Local Speedup: 97.64%                                                                                    
          The difference between calculated theoretical (100.0%) and measured achieved occupancy (2.4%) can be the      
          result of warp scheduling overheads or workload imbalances during the kernel execution. Load imbalances can   
          occur between warps within a block as well as across blocks of the same kernel. See the CUDA Best Practices   
          Guide (https://docs.nvidia.com/cuda/cuda-c-best-practices-guide/index.html#occupancy) for more details on     
          optimizing occupancy.                                                                                         

    Section: GPU and Memory Workload Distribution
    -------------------------- ----------- ------------
    Metric Name                Metric Unit Metric Value
    -------------------------- ----------- ------------
    Average DRAM Active Cycles       cycle          892
    Total DRAM Elapsed Cycles        cycle       648192
    Average L1 Active Cycles         cycle      1522.92
    Total L1 Elapsed Cycles          cycle       921368
    Average L2 Active Cycles         cycle      5258.56
    Total L2 Elapsed Cycles          cycle       581552
    Average SM Active Cycles         cycle      1522.92
    Total SM Elapsed Cycles          cycle       921368
    Average SMSP Active Cycles       cycle       394.35
    Total SMSP Elapsed Cycles        cycle      3685472
    -------------------------- ----------- ------------

  linear_proj_kernel(const float *, const float *, float *, int, int) (32, 1, 1)x(512, 1, 1), Context 1, Stream 7, Device 0, CC 8.9
    Section: GPU Speed Of Light Throughput
    ----------------------- ------------- ------------
    Metric Name               Metric Unit Metric Value
    ----------------------- ------------- ------------
    DRAM Frequency          cycle/nsecond         8.05
    SM Frequency            cycle/nsecond         1.91
    Elapsed Cycles                  cycle        38192
    Memory Throughput                   %        58.75
    DRAM Throughput                     %         1.69
    Duration                      usecond        19.97
    L1/TEX Cache Throughput             %        89.01
    L2 Cache Throughput                 %         8.62
    SM Active Cycles                cycle     24973.50
    Compute (SM) Throughput             %         4.71
    ----------------------- ------------- ------------

    OPT   This kernel grid is too small to fill the available resources on this device, resulting in only 0.4 full      
          waves across all SMs. Look at Launch Statistics for more details.                                             

    Section: Launch Statistics
    -------------------------------- --------------- ---------------
    Metric Name                          Metric Unit    Metric Value
    -------------------------------- --------------- ---------------
    Block Size                                                   512
    Function Cache Configuration                     CachePreferNone
    Grid Size                                                     32
    Registers Per Thread             register/thread              40
    Shared Memory Configuration Size           Kbyte           32.77
    Driver Shared Memory Per Block       Kbyte/block            1.02
    Dynamic Shared Memory Per Block       byte/block               0
    Static Shared Memory Per Block       Kbyte/block            2.05
    # SMs                                         SM              24
    Threads                                   thread           16384
    Uses Green Context                                             0
    Waves Per SM                                                0.44
    -------------------------------- --------------- ---------------

    OPT   If you execute __syncthreads() to synchronize the threads of a block, it is recommended to have more than the 
          achieved 1 blocks per multiprocessor. This way, blocks that aren't waiting for __syncthreads() can keep the   
          hardware busy.                                                                                                

    Section: Occupancy
    ------------------------------- ----------- ------------
    Metric Name                     Metric Unit Metric Value
    ------------------------------- ----------- ------------
    Block Limit SM                        block           24
    Block Limit Registers                 block            3
    Block Limit Shared Mem                block           10
    Block Limit Warps                     block            3
    Theoretical Active Warps per SM        warp           48
    Theoretical Occupancy                     %          100
    Achieved Occupancy                        %        13.90
    Achieved Active Warps Per SM           warp         6.67
    ------------------------------- ----------- ------------

    OPT   Est. Local Speedup: 86.1%                                                                                     
          The difference between calculated theoretical (100.0%) and measured achieved occupancy (13.9%) can be the     
          result of warp scheduling overheads or workload imbalances during the kernel execution. Load imbalances can   
          occur between warps within a block as well as across blocks of the same kernel. See the CUDA Best Practices   
          Guide (https://docs.nvidia.com/cuda/cuda-c-best-practices-guide/index.html#occupancy) for more details on     
          optimizing occupancy.                                                                                         

    Section: GPU and Memory Workload Distribution
    -------------------------- ----------- ------------
    Metric Name                Metric Unit Metric Value
    -------------------------- ----------- ------------
    Average DRAM Active Cycles       cycle         2724
    Total DRAM Elapsed Cycles        cycle       643072
    Average L1 Active Cycles         cycle     24973.50
    Total L1 Elapsed Cycles          cycle       908016
    Average L2 Active Cycles         cycle     15118.19
    Total L2 Elapsed Cycles          cycle       577632
    Average SM Active Cycles         cycle     24973.50
    Total SM Elapsed Cycles          cycle       908016
    Average SMSP Active Cycles       cycle     24347.42
    Total SMSP Elapsed Cycles        cycle      3632064
    -------------------------- ----------- ------------

    OPT   Est. Speedup: 20.56%                                                                                          
          One or more SMs have a much higher number of active cycles than the average number of active cycles. Maximum  
          instance value is 31.15% above the average, while the minimum instance value is 22.07% below the average.     
    ----- --------------------------------------------------------------------------------------------------------------
    OPT   Est. Speedup: 20.69%                                                                                          
          One or more SMSPs have a much higher number of active cycles than the average number of active cycles.        
          Maximum instance value is 32.15% above the average, while the minimum instance value is 25.47% below the      
          average.                                                                                                      
    ----- --------------------------------------------------------------------------------------------------------------
    OPT   Est. Speedup: 20.56%                                                                                          
          One or more L1 Slices have a much higher number of active cycles than the average number of active cycles.    
          Maximum instance value is 31.15% above the average, while the minimum instance value is 22.07% below the      
          average.                                                                                                      
    ----- --------------------------------------------------------------------------------------------------------------
    OPT   Est. Speedup: 9.417%                                                                                          
          One or more L2 Slices have a much lower number of active cycles than the average number of active cycles.     
          Maximum instance value is 22.49% above the average, while the minimum instance value is 30.74% below the      
          average.                                                                                                      

  linear_proj_kernel(const float *, const float *, float *, int, int) (32, 1, 1)x(512, 1, 1), Context 1, Stream 7, Device 0, CC 8.9
    Section: GPU Speed Of Light Throughput
    ----------------------- ------------- ------------
    Metric Name               Metric Unit Metric Value
    ----------------------- ------------- ------------
    DRAM Frequency          cycle/nsecond         8.08
    SM Frequency            cycle/nsecond         1.91
    Elapsed Cycles                  cycle        37868
    Memory Throughput                   %        58.86
    DRAM Throughput                     %         1.71
    Duration                      usecond        19.78
    L1/TEX Cache Throughput             %        88.79
    L2 Cache Throughput                 %         8.69
    SM Active Cycles                cycle     25035.08
    Compute (SM) Throughput             %         4.72
    ----------------------- ------------- ------------

    OPT   This kernel grid is too small to fill the available resources on this device, resulting in only 0.4 full      
          waves across all SMs. Look at Launch Statistics for more details.                                             

    Section: Launch Statistics
    -------------------------------- --------------- ---------------
    Metric Name                          Metric Unit    Metric Value
    -------------------------------- --------------- ---------------
    Block Size                                                   512
    Function Cache Configuration                     CachePreferNone
    Grid Size                                                     32
    Registers Per Thread             register/thread              40
    Shared Memory Configuration Size           Kbyte           32.77
    Driver Shared Memory Per Block       Kbyte/block            1.02
    Dynamic Shared Memory Per Block       byte/block               0
    Static Shared Memory Per Block       Kbyte/block            2.05
    # SMs                                         SM              24
    Threads                                   thread           16384
    Uses Green Context                                             0
    Waves Per SM                                                0.44
    -------------------------------- --------------- ---------------

    OPT   If you execute __syncthreads() to synchronize the threads of a block, it is recommended to have more than the 
          achieved 1 blocks per multiprocessor. This way, blocks that aren't waiting for __syncthreads() can keep the   
          hardware busy.                                                                                                

    Section: Occupancy
    ------------------------------- ----------- ------------
    Metric Name                     Metric Unit Metric Value
    ------------------------------- ----------- ------------
    Block Limit SM                        block           24
    Block Limit Registers                 block            3
    Block Limit Shared Mem                block           10
    Block Limit Warps                     block            3
    Theoretical Active Warps per SM        warp           48
    Theoretical Occupancy                     %          100
    Achieved Occupancy                        %        13.82
    Achieved Active Warps Per SM           warp         6.63
    ------------------------------- ----------- ------------

    OPT   Est. Local Speedup: 86.18%                                                                                    
          The difference between calculated theoretical (100.0%) and measured achieved occupancy (13.8%) can be the     
          result of warp scheduling overheads or workload imbalances during the kernel execution. Load imbalances can   
          occur between warps within a block as well as across blocks of the same kernel. See the CUDA Best Practices   
          Guide (https://docs.nvidia.com/cuda/cuda-c-best-practices-guide/index.html#occupancy) for more details on     
          optimizing occupancy.                                                                                         

    Section: GPU and Memory Workload Distribution
    -------------------------- ----------- ------------
    Metric Name                Metric Unit Metric Value
    -------------------------- ----------- ------------
    Average DRAM Active Cycles       cycle         2724
    Total DRAM Elapsed Cycles        cycle       638976
    Average L1 Active Cycles         cycle     25035.08
    Total L1 Elapsed Cycles          cycle       906432
    Average L2 Active Cycles         cycle     14262.38
    Total L2 Elapsed Cycles          cycle       572656
    Average SM Active Cycles         cycle     25035.08
    Total SM Elapsed Cycles          cycle       906432
    Average SMSP Active Cycles       cycle     24394.75
    Total SMSP Elapsed Cycles        cycle      3625728
    -------------------------- ----------- ------------

    OPT   Est. Speedup: 20.11%                                                                                          
          One or more SMs have a much higher number of active cycles than the average number of active cycles. Maximum  
          instance value is 30.33% above the average, while the minimum instance value is 21.77% below the average.     
    ----- --------------------------------------------------------------------------------------------------------------
    OPT   Est. Speedup: 20.48%                                                                                          
          One or more SMSPs have a much higher number of active cycles than the average number of active cycles.        
          Maximum instance value is 31.71% above the average, while the minimum instance value is 25.34% below the      
          average.                                                                                                      
    ----- --------------------------------------------------------------------------------------------------------------
    OPT   Est. Speedup: 20.11%                                                                                          
          One or more L1 Slices have a much higher number of active cycles than the average number of active cycles.    
          Maximum instance value is 30.33% above the average, while the minimum instance value is 21.77% below the      
          average.                                                                                                      
    ----- --------------------------------------------------------------------------------------------------------------
    OPT   Est. Speedup: 10.76%                                                                                          
          One or more L2 Slices have a much higher number of active cycles than the average number of active cycles.    
          Additionally, other L2 Slices have a much lower number of active cycles than the average number of active     
          cycles. Maximum instance value is 27.00% above the average, while the minimum instance value is 25.76% below  
          the average.                                                                                                  

  linear_proj_kernel(const float *, const float *, float *, int, int) (32, 1, 1)x(512, 1, 1), Context 1, Stream 7, Device 0, CC 8.9
    Section: GPU Speed Of Light Throughput
    ----------------------- ------------- ------------
    Metric Name               Metric Unit Metric Value
    ----------------------- ------------- ------------
    DRAM Frequency          cycle/nsecond         8.05
    SM Frequency            cycle/nsecond         1.91
    Elapsed Cycles                  cycle        38070
    Memory Throughput                   %        58.93
    DRAM Throughput                     %         1.70
    Duration                      usecond        19.90
    L1/TEX Cache Throughput             %        88.82
    L2 Cache Throughput                 %         8.65
    SM Active Cycles                cycle     25025.67
    Compute (SM) Throughput             %         4.72
    ----------------------- ------------- ------------

    OPT   This kernel grid is too small to fill the available resources on this device, resulting in only 0.4 full      
          waves across all SMs. Look at Launch Statistics for more details.                                             

    Section: Launch Statistics
    -------------------------------- --------------- ---------------
    Metric Name                          Metric Unit    Metric Value
    -------------------------------- --------------- ---------------
    Block Size                                                   512
    Function Cache Configuration                     CachePreferNone
    Grid Size                                                     32
    Registers Per Thread             register/thread              40
    Shared Memory Configuration Size           Kbyte           32.77
    Driver Shared Memory Per Block       Kbyte/block            1.02
    Dynamic Shared Memory Per Block       byte/block               0
    Static Shared Memory Per Block       Kbyte/block            2.05
    # SMs                                         SM              24
    Threads                                   thread           16384
    Uses Green Context                                             0
    Waves Per SM                                                0.44
    -------------------------------- --------------- ---------------

    OPT   If you execute __syncthreads() to synchronize the threads of a block, it is recommended to have more than the 
          achieved 1 blocks per multiprocessor. This way, blocks that aren't waiting for __syncthreads() can keep the   
          hardware busy.                                                                                                

    Section: Occupancy
    ------------------------------- ----------- ------------
    Metric Name                     Metric Unit Metric Value
    ------------------------------- ----------- ------------
    Block Limit SM                        block           24
    Block Limit Registers                 block            3
    Block Limit Shared Mem                block           10
    Block Limit Warps                     block            3
    Theoretical Active Warps per SM        warp           48
    Theoretical Occupancy                     %          100
    Achieved Occupancy                        %        13.89
    Achieved Active Warps Per SM           warp         6.67
    ------------------------------- ----------- ------------

    OPT   Est. Local Speedup: 86.11%                                                                                    
          The difference between calculated theoretical (100.0%) and measured achieved occupancy (13.9%) can be the     
          result of warp scheduling overheads or workload imbalances during the kernel execution. Load imbalances can   
          occur between warps within a block as well as across blocks of the same kernel. See the CUDA Best Practices   
          Guide (https://docs.nvidia.com/cuda/cuda-c-best-practices-guide/index.html#occupancy) for more details on     
          optimizing occupancy.                                                                                         

    Section: GPU and Memory Workload Distribution
    -------------------------- ----------- ------------
    Metric Name                Metric Unit Metric Value
    -------------------------- ----------- ------------
    Average DRAM Active Cycles       cycle         2724
    Total DRAM Elapsed Cycles        cycle       641024
    Average L1 Active Cycles         cycle     25025.67
    Total L1 Elapsed Cycles          cycle       905232
    Average L2 Active Cycles         cycle        15879
    Total L2 Elapsed Cycles          cycle       575728
    Average SM Active Cycles         cycle     25025.67
    Total SM Elapsed Cycles          cycle       905232
    Average SMSP Active Cycles       cycle     24464.84
    Total SMSP Elapsed Cycles        cycle      3620928
    -------------------------- ----------- ------------

    OPT   Est. Speedup: 20.42%                                                                                          
          One or more SMs have a much higher number of active cycles than the average number of active cycles. Maximum  
          instance value is 30.77% above the average, while the minimum instance value is 21.70% below the average.     
    ----- --------------------------------------------------------------------------------------------------------------
    OPT   Est. Speedup: 20.55%                                                                                          
          One or more SMSPs have a much higher number of active cycles than the average number of active cycles.        
          Maximum instance value is 31.68% above the average, while the minimum instance value is 25.12% below the      
          average.                                                                                                      
    ----- --------------------------------------------------------------------------------------------------------------
    OPT   Est. Speedup: 20.42%                                                                                          
          One or more L1 Slices have a much higher number of active cycles than the average number of active cycles.    
          Maximum instance value is 30.77% above the average, while the minimum instance value is 21.70% below the      
          average.                                                                                                      
    ----- --------------------------------------------------------------------------------------------------------------
    OPT   Est. Speedup: 5.901%                                                                                          
          One or more L2 Slices have a much higher number of active cycles than the average number of active cycles.    
          Maximum instance value is 13.37% above the average, while the minimum instance value is 6.93% below the       
          average.                                                                                                      

  qkt_kernel(const float *, const float *, float *, float) (8, 1, 1)x(512, 1, 1), Context 1, Stream 7, Device 0, CC 8.9
    Section: GPU Speed Of Light Throughput
    ----------------------- ------------- ------------
    Metric Name               Metric Unit Metric Value
    ----------------------- ------------- ------------
    DRAM Frequency          cycle/nsecond         8.05
    SM Frequency            cycle/nsecond         1.91
    Elapsed Cycles                  cycle        20574
    Memory Throughput                   %        27.40
    DRAM Throughput                     %         1.34
    Duration                      usecond        10.78
    L1/TEX Cache Throughput             %        90.94
    L2 Cache Throughput                 %         0.62
    SM Active Cycles                cycle      6206.17
    Compute (SM) Throughput             %         3.42
    ----------------------- ------------- ------------

    OPT   This kernel grid is too small to fill the available resources on this device, resulting in only 0.1 full      
          waves across all SMs. Look at Launch Statistics for more details.                                             

    Section: Launch Statistics
    -------------------------------- --------------- ---------------
    Metric Name                          Metric Unit    Metric Value
    -------------------------------- --------------- ---------------
    Block Size                                                   512
    Function Cache Configuration                     CachePreferNone
    Grid Size                                                      8
    Registers Per Thread             register/thread              40
    Shared Memory Configuration Size           Kbyte            8.19
    Driver Shared Memory Per Block       Kbyte/block            1.02
    Dynamic Shared Memory Per Block       byte/block               0
    Static Shared Memory Per Block        byte/block               0
    # SMs                                         SM              24
    Threads                                   thread            4096
    Uses Green Context                                             0
    Waves Per SM                                                0.11
    -------------------------------- --------------- ---------------

    OPT   Est. Speedup: 66.67%                                                                                          
          The grid for this launch is configured to execute only 8 blocks, which is less than the GPU's 24              
          multiprocessors. This can underutilize some multiprocessors. If you do not intend to execute this kernel      
          concurrently with other workloads, consider reducing the block size to have at least one block per            
          multiprocessor or increase the size of the grid to fully utilize the available hardware resources. See the    
          Hardware Model (https://docs.nvidia.com/nsight-compute/ProfilingGuide/index.html#metrics-hw-model)            
          description for more details on launch configurations.                                                        

    Section: Occupancy
    ------------------------------- ----------- ------------
    Metric Name                     Metric Unit Metric Value
    ------------------------------- ----------- ------------
    Block Limit SM                        block           24
    Block Limit Registers                 block            3
    Block Limit Shared Mem                block            8
    Block Limit Warps                     block            3
    Theoretical Active Warps per SM        warp           48
    Theoretical Occupancy                     %          100
    Achieved Occupancy                        %        32.89
    Achieved Active Warps Per SM           warp        15.79
    ------------------------------- ----------- ------------

    OPT   Est. Local Speedup: 67.11%                                                                                    
          The difference between calculated theoretical (100.0%) and measured achieved occupancy (32.9%) can be the     
          result of warp scheduling overheads or workload imbalances during the kernel execution. Load imbalances can   
          occur between warps within a block as well as across blocks of the same kernel. See the CUDA Best Practices   
          Guide (https://docs.nvidia.com/cuda/cuda-c-best-practices-guide/index.html#occupancy) for more details on     
          optimizing occupancy.                                                                                         

    Section: GPU and Memory Workload Distribution
    -------------------------- ----------- ------------
    Metric Name                Metric Unit Metric Value
    -------------------------- ----------- ------------
    Average DRAM Active Cycles       cycle         1164
    Total DRAM Elapsed Cycles        cycle       347136
    Average L1 Active Cycles         cycle      6206.17
    Total L1 Elapsed Cycles          cycle       494312
    Average L2 Active Cycles         cycle      3301.19
    Total L2 Elapsed Cycles          cycle       311168
    Average SM Active Cycles         cycle      6206.17
    Total SM Elapsed Cycles          cycle       494312
    Average SMSP Active Cycles       cycle      6163.16
    Total SMSP Elapsed Cycles        cycle      1977248
    -------------------------- ----------- ------------

    OPT   Est. Speedup: 20.12%                                                                                          
          One or more SMs have a much lower number of active cycles than the average number of active cycles. Maximum   
          instance value is 66.78% above the average, while the minimum instance value is 100.00% below the average.    
    ----- --------------------------------------------------------------------------------------------------------------
    OPT   Est. Speedup: 20%                                                                                             
          One or more SMSPs have a much lower number of active cycles than the average number of active cycles. Maximum 
          instance value is 66.85% above the average, while the minimum instance value is 100.00% below the average.    
    ----- --------------------------------------------------------------------------------------------------------------
    OPT   Est. Speedup: 20.12%                                                                                          
          One or more L1 Slices have a much lower number of active cycles than the average number of active cycles.     
          Maximum instance value is 66.78% above the average, while the minimum instance value is 100.00% below the     
          average.                                                                                                      
    ----- --------------------------------------------------------------------------------------------------------------
    OPT   Est. Speedup: 8.904%                                                                                          
          One or more L2 Slices have a much higher number of active cycles than the average number of active cycles.    
          Maximum instance value is 52.45% above the average, while the minimum instance value is 47.72% below the      
          average.                                                                                                      

  softmax_kernel(float *) (1, 1, 1)x(512, 1, 1), Context 1, Stream 7, Device 0, CC 8.9
    Section: GPU Speed Of Light Throughput
    ----------------------- ------------- ------------
    Metric Name               Metric Unit Metric Value
    ----------------------- ------------- ------------
    DRAM Frequency          cycle/nsecond         8.06
    SM Frequency            cycle/nsecond         1.91
    Elapsed Cycles                  cycle        31941
    Memory Throughput                   %         3.92
    DRAM Throughput                     %         0.74
    Duration                      usecond        16.70
    L1/TEX Cache Throughput             %        75.51
    L2 Cache Throughput                 %         3.92
    SM Active Cycles                cycle      1251.33
    Compute (SM) Throughput             %         0.24
    ----------------------- ------------- ------------

    OPT   This kernel grid is too small to fill the available resources on this device, resulting in only 0.0 full      
          waves across all SMs. Look at Launch Statistics for more details.                                             

    Section: Launch Statistics
    -------------------------------- --------------- ---------------
    Metric Name                          Metric Unit    Metric Value
    -------------------------------- --------------- ---------------
    Block Size                                                   512
    Function Cache Configuration                     CachePreferNone
    Grid Size                                                      1
    Registers Per Thread             register/thread              39
    Shared Memory Configuration Size           Kbyte            8.19
    Driver Shared Memory Per Block       Kbyte/block            1.02
    Dynamic Shared Memory Per Block       byte/block               0
    Static Shared Memory Per Block        byte/block               0
    # SMs                                         SM              24
    Threads                                   thread             512
    Uses Green Context                                             0
    Waves Per SM                                                0.01
    -------------------------------- --------------- ---------------

    OPT   Est. Speedup: 95.83%                                                                                          
          The grid for this launch is configured to execute only 1 blocks, which is less than the GPU's 24              
          multiprocessors. This can underutilize some multiprocessors. If you do not intend to execute this kernel      
          concurrently with other workloads, consider reducing the block size to have at least one block per            
          multiprocessor or increase the size of the grid to fully utilize the available hardware resources. See the    
          Hardware Model (https://docs.nvidia.com/nsight-compute/ProfilingGuide/index.html#metrics-hw-model)            
          description for more details on launch configurations.                                                        

    Section: Occupancy
    ------------------------------- ----------- ------------
    Metric Name                     Metric Unit Metric Value
    ------------------------------- ----------- ------------
    Block Limit SM                        block           24
    Block Limit Registers                 block            3
    Block Limit Shared Mem                block            8
    Block Limit Warps                     block            3
    Theoretical Active Warps per SM        warp           48
    Theoretical Occupancy                     %          100
    Achieved Occupancy                        %         8.52
    Achieved Active Warps Per SM           warp         4.09
    ------------------------------- ----------- ------------

    OPT   Est. Local Speedup: 91.48%                                                                                    
          The difference between calculated theoretical (100.0%) and measured achieved occupancy (8.5%) can be the      
          result of warp scheduling overheads or workload imbalances during the kernel execution. Load imbalances can   
          occur between warps within a block as well as across blocks of the same kernel. See the CUDA Best Practices   
          Guide (https://docs.nvidia.com/cuda/cuda-c-best-practices-guide/index.html#occupancy) for more details on     
          optimizing occupancy.                                                                                         

    Section: GPU and Memory Workload Distribution
    -------------------------- ----------- ------------
    Metric Name                Metric Unit Metric Value
    -------------------------- ----------- ------------
    Average DRAM Active Cycles       cycle          996
    Total DRAM Elapsed Cycles        cycle       538624
    Average L1 Active Cycles         cycle      1251.33
    Total L1 Elapsed Cycles          cycle       774784
    Average L2 Active Cycles         cycle      7216.56
    Total L2 Elapsed Cycles          cycle       483072
    Average SM Active Cycles         cycle      1251.33
    Total SM Elapsed Cycles          cycle       774784
    Average SMSP Active Cycles       cycle      1234.44
    Total SMSP Elapsed Cycles        cycle      3099136
    -------------------------- ----------- ------------

    OPT   Est. Speedup: 13.16%                                                                                          
          One or more L2 Slices have a much lower number of active cycles than the average number of active cycles.     
          Maximum instance value is 55.06% above the average, while the minimum instance value is 99.42% below the      
          average.                                                                                                      

  av_kernel(const float *, const float *, float *) (8, 1, 1)x(512, 1, 1), Context 1, Stream 7, Device 0, CC 8.9
    Section: GPU Speed Of Light Throughput
    ----------------------- ------------- ------------
    Metric Name               Metric Unit Metric Value
    ----------------------- ------------- ------------
    DRAM Frequency          cycle/nsecond            8
    SM Frequency            cycle/nsecond         1.89
    Elapsed Cycles                  cycle         5992
    Memory Throughput                   %        15.69
    DRAM Throughput                     %        15.69
    Duration                      usecond         3.17
    L1/TEX Cache Throughput             %        52.61
    L2 Cache Throughput                 %         3.10
    SM Active Cycles                cycle      1338.04
    Compute (SM) Throughput             %        11.61
    ----------------------- ------------- ------------

    OPT   This kernel grid is too small to fill the available resources on this device, resulting in only 0.1 full      
          waves across all SMs. Look at Launch Statistics for more details.                                             

    Section: Launch Statistics
    -------------------------------- --------------- ---------------
    Metric Name                          Metric Unit    Metric Value
    -------------------------------- --------------- ---------------
    Block Size                                                   512
    Function Cache Configuration                     CachePreferNone
    Grid Size                                                      8
    Registers Per Thread             register/thread              39
    Shared Memory Configuration Size           Kbyte            8.19
    Driver Shared Memory Per Block       Kbyte/block            1.02
    Dynamic Shared Memory Per Block       byte/block               0
    Static Shared Memory Per Block        byte/block               0
    # SMs                                         SM              24
    Threads                                   thread            4096
    Uses Green Context                                             0
    Waves Per SM                                                0.11
    -------------------------------- --------------- ---------------

    OPT   Est. Speedup: 66.67%                                                                                          
          The grid for this launch is configured to execute only 8 blocks, which is less than the GPU's 24              
          multiprocessors. This can underutilize some multiprocessors. If you do not intend to execute this kernel      
          concurrently with other workloads, consider reducing the block size to have at least one block per            
          multiprocessor or increase the size of the grid to fully utilize the available hardware resources. See the    
          Hardware Model (https://docs.nvidia.com/nsight-compute/ProfilingGuide/index.html#metrics-hw-model)            
          description for more details on launch configurations.                                                        

    Section: Occupancy
    ------------------------------- ----------- ------------
    Metric Name                     Metric Unit Metric Value
    ------------------------------- ----------- ------------
    Block Limit SM                        block           24
    Block Limit Registers                 block            3
    Block Limit Shared Mem                block            8
    Block Limit Warps                     block            3
    Theoretical Active Warps per SM        warp           48
    Theoretical Occupancy                     %          100
    Achieved Occupancy                        %        32.26
    Achieved Active Warps Per SM           warp        15.49
    ------------------------------- ----------- ------------

    OPT   Est. Local Speedup: 67.74%                                                                                    
          The difference between calculated theoretical (100.0%) and measured achieved occupancy (32.3%) can be the     
          result of warp scheduling overheads or workload imbalances during the kernel execution. Load imbalances can   
          occur between warps within a block as well as across blocks of the same kernel. See the CUDA Best Practices   
          Guide (https://docs.nvidia.com/cuda/cuda-c-best-practices-guide/index.html#occupancy) for more details on     
          optimizing occupancy.                                                                                         

    Section: GPU and Memory Workload Distribution
    -------------------------- ----------- ------------
    Metric Name                Metric Unit Metric Value
    -------------------------- ----------- ------------
    Average DRAM Active Cycles       cycle         3976
    Total DRAM Elapsed Cycles        cycle       101376
    Average L1 Active Cycles         cycle      1338.04
    Total L1 Elapsed Cycles          cycle       145552
    Average L2 Active Cycles         cycle      1670.25
    Total L2 Elapsed Cycles          cycle        90368
    Average SM Active Cycles         cycle      1338.04
    Total SM Elapsed Cycles          cycle       145552
    Average SMSP Active Cycles       cycle      1300.70
    Total SMSP Elapsed Cycles        cycle       582208
    -------------------------- ----------- ------------

    OPT   Est. Speedup: 14.8%                                                                                           
          One or more SMs have a much lower number of active cycles than the average number of active cycles. Maximum   
          instance value is 67.09% above the average, while the minimum instance value is 100.00% below the average.    
    ----- --------------------------------------------------------------------------------------------------------------
    OPT   Est. Speedup: 14.47%                                                                                          
          One or more SMSPs have a much lower number of active cycles than the average number of active cycles. Maximum 
          instance value is 67.48% above the average, while the minimum instance value is 100.00% below the average.    
    ----- --------------------------------------------------------------------------------------------------------------
    OPT   Est. Speedup: 14.8%                                                                                           
          One or more L1 Slices have a much lower number of active cycles than the average number of active cycles.     
          Maximum instance value is 67.09% above the average, while the minimum instance value is 100.00% below the     
          average.                                                                                                      
    ----- --------------------------------------------------------------------------------------------------------------
    OPT   Est. Speedup: 8.337%                                                                                          
          One or more L2 Slices have a much lower number of active cycles than the average number of active cycles.     
          Maximum instance value is 28.19% above the average, while the minimum instance value is 33.48% below the      
          average.                                                                                                      

  residual_kernel(float *, const float *, int) (8, 1, 1)x(512, 1, 1), Context 1, Stream 7, Device 0, CC 8.9
    Section: GPU Speed Of Light Throughput
    ----------------------- ------------- ------------
    Metric Name               Metric Unit Metric Value
    ----------------------- ------------- ------------
    DRAM Frequency          cycle/nsecond         7.87
    SM Frequency            cycle/nsecond         1.87
    Elapsed Cycles                  cycle         3705
    Memory Throughput                   %         7.12
    DRAM Throughput                     %         7.12
    Duration                      usecond         1.98
    L1/TEX Cache Throughput             %         7.40
    L2 Cache Throughput                 %         1.86
    SM Active Cycles                cycle       576.79
    Compute (SM) Throughput             %         1.12
    ----------------------- ------------- ------------

    OPT   This kernel grid is too small to fill the available resources on this device, resulting in only 0.1 full      
          waves across all SMs. Look at Launch Statistics for more details.                                             

    Section: Launch Statistics
    -------------------------------- --------------- ---------------
    Metric Name                          Metric Unit    Metric Value
    -------------------------------- --------------- ---------------
    Block Size                                                   512
    Function Cache Configuration                     CachePreferNone
    Grid Size                                                      8
    Registers Per Thread             register/thread              16
    Shared Memory Configuration Size           Kbyte            8.19
    Driver Shared Memory Per Block       Kbyte/block            1.02
    Dynamic Shared Memory Per Block       byte/block               0
    Static Shared Memory Per Block        byte/block               0
    # SMs                                         SM              24
    Threads                                   thread            4096
    Uses Green Context                                             0
    Waves Per SM                                                0.11
    -------------------------------- --------------- ---------------

    OPT   Est. Speedup: 66.67%                                                                                          
          The grid for this launch is configured to execute only 8 blocks, which is less than the GPU's 24              
          multiprocessors. This can underutilize some multiprocessors. If you do not intend to execute this kernel      
          concurrently with other workloads, consider reducing the block size to have at least one block per            
          multiprocessor or increase the size of the grid to fully utilize the available hardware resources. See the    
          Hardware Model (https://docs.nvidia.com/nsight-compute/ProfilingGuide/index.html#metrics-hw-model)            
          description for more details on launch configurations.                                                        

    Section: Occupancy
    ------------------------------- ----------- ------------
    Metric Name                     Metric Unit Metric Value
    ------------------------------- ----------- ------------
    Block Limit SM                        block           24
    Block Limit Registers                 block            8
    Block Limit Shared Mem                block            8
    Block Limit Warps                     block            3
    Theoretical Active Warps per SM        warp           48
    Theoretical Occupancy                     %          100
    Achieved Occupancy                        %        30.63
    Achieved Active Warps Per SM           warp        14.70
    ------------------------------- ----------- ------------

    OPT   Est. Local Speedup: 69.37%                                                                                    
          The difference between calculated theoretical (100.0%) and measured achieved occupancy (30.6%) can be the     
          result of warp scheduling overheads or workload imbalances during the kernel execution. Load imbalances can   
          occur between warps within a block as well as across blocks of the same kernel. See the CUDA Best Practices   
          Guide (https://docs.nvidia.com/cuda/cuda-c-best-practices-guide/index.html#occupancy) for more details on     
          optimizing occupancy.                                                                                         

    Section: GPU and Memory Workload Distribution
    -------------------------- ----------- ------------
    Metric Name                Metric Unit Metric Value
    -------------------------- ----------- ------------
    Average DRAM Active Cycles       cycle         1112
    Total DRAM Elapsed Cycles        cycle        62464
    Average L1 Active Cycles         cycle       576.79
    Total L1 Elapsed Cycles          cycle        91728
    Average L2 Active Cycles         cycle       728.56
    Total L2 Elapsed Cycles          cycle        55888
    Average SM Active Cycles         cycle       576.79
    Total SM Elapsed Cycles          cycle        91728
    Average SMSP Active Cycles       cycle          612
    Total SMSP Elapsed Cycles        cycle       366912
    -------------------------- ----------- ------------

    OPT   Est. Speedup: 10.2%                                                                                           
          One or more SMs have a much lower number of active cycles than the average number of active cycles. Maximum   
          instance value is 67.60% above the average, while the minimum instance value is 100.00% below the average.    
    ----- --------------------------------------------------------------------------------------------------------------
    OPT   Est. Speedup: 10.84%                                                                                          
          One or more SMSPs have a much lower number of active cycles than the average number of active cycles. Maximum 
          instance value is 67.69% above the average, while the minimum instance value is 100.00% below the average.    
    ----- --------------------------------------------------------------------------------------------------------------
    OPT   Est. Speedup: 10.2%                                                                                           
          One or more L1 Slices have a much lower number of active cycles than the average number of active cycles.     
          Maximum instance value is 67.60% above the average, while the minimum instance value is 100.00% below the     
          average.                                                                                                      
    ----- --------------------------------------------------------------------------------------------------------------
    OPT   Est. Speedup: 7.769%                                                                                          
          One or more L2 Slices have a much higher number of active cycles than the average number of active cycles.    
          Maximum instance value is 37.25% above the average, while the minimum instance value is 25.61% below the      
          average.                                                                                                      

  layer_norm_kernel(const float *, float *, int) (1, 1, 1)x(512, 1, 1), Context 1, Stream 7, Device 0, CC 8.9
    Section: GPU Speed Of Light Throughput
    ----------------------- ------------- ------------
    Metric Name               Metric Unit Metric Value
    ----------------------- ------------- ------------
    DRAM Frequency          cycle/nsecond         8.09
    SM Frequency            cycle/nsecond         1.92
    Elapsed Cycles                  cycle        38719
    Memory Throughput                   %         1.74
    DRAM Throughput                     %         0.55
    Duration                      usecond        20.19
    L1/TEX Cache Throughput             %        44.53
    L2 Cache Throughput                 %         1.53
    SM Active Cycles                cycle      1534.58
    Compute (SM) Throughput             %         0.11
    ----------------------- ------------- ------------

    OPT   This kernel grid is too small to fill the available resources on this device, resulting in only 0.0 full      
          waves across all SMs. Look at Launch Statistics for more details.                                             

    Section: Launch Statistics
    -------------------------------- --------------- ---------------
    Metric Name                          Metric Unit    Metric Value
    -------------------------------- --------------- ---------------
    Block Size                                                   512
    Function Cache Configuration                     CachePreferNone
    Grid Size                                                      1
    Registers Per Thread             register/thread              40
    Shared Memory Configuration Size           Kbyte            8.19
    Driver Shared Memory Per Block       Kbyte/block            1.02
    Dynamic Shared Memory Per Block       byte/block               0
    Static Shared Memory Per Block        byte/block               0
    # SMs                                         SM              24
    Threads                                   thread             512
    Uses Green Context                                             0
    Waves Per SM                                                0.01
    -------------------------------- --------------- ---------------

    OPT   Est. Speedup: 95.83%                                                                                          
          The grid for this launch is configured to execute only 1 blocks, which is less than the GPU's 24              
          multiprocessors. This can underutilize some multiprocessors. If you do not intend to execute this kernel      
          concurrently with other workloads, consider reducing the block size to have at least one block per            
          multiprocessor or increase the size of the grid to fully utilize the available hardware resources. See the    
          Hardware Model (https://docs.nvidia.com/nsight-compute/ProfilingGuide/index.html#metrics-hw-model)            
          description for more details on launch configurations.                                                        

    Section: Occupancy
    ------------------------------- ----------- ------------
    Metric Name                     Metric Unit Metric Value
    ------------------------------- ----------- ------------
    Block Limit SM                        block           24
    Block Limit Registers                 block            3
    Block Limit Shared Mem                block            8
    Block Limit Warps                     block            3
    Theoretical Active Warps per SM        warp           48
    Theoretical Occupancy                     %          100
    Achieved Occupancy                        %         2.35
    Achieved Active Warps Per SM           warp         1.13
    ------------------------------- ----------- ------------

    OPT   Est. Local Speedup: 97.65%                                                                                    
          The difference between calculated theoretical (100.0%) and measured achieved occupancy (2.3%) can be the      
          result of warp scheduling overheads or workload imbalances during the kernel execution. Load imbalances can   
          occur between warps within a block as well as across blocks of the same kernel. See the CUDA Best Practices   
          Guide (https://docs.nvidia.com/cuda/cuda-c-best-practices-guide/index.html#occupancy) for more details on     
          optimizing occupancy.                                                                                         

    Section: GPU and Memory Workload Distribution
    -------------------------- ----------- ------------
    Metric Name                Metric Unit Metric Value
    -------------------------- ----------- ------------
    Average DRAM Active Cycles       cycle          892
    Total DRAM Elapsed Cycles        cycle       653312
    Average L1 Active Cycles         cycle      1534.58
    Total L1 Elapsed Cycles          cycle       943800
    Average L2 Active Cycles         cycle      5196.19
    Total L2 Elapsed Cycles          cycle       585696
    Average SM Active Cycles         cycle      1534.58
    Total SM Elapsed Cycles          cycle       943800
    Average SMSP Active Cycles       cycle       394.84
    Total SMSP Elapsed Cycles        cycle      3775200
    -------------------------- ----------- ------------

    OPT   Est. Speedup: 8.574%                                                                                          
          One or more L2 Slices have a much lower number of active cycles than the average number of active cycles.     
          Maximum instance value is 60.40% above the average, while the minimum instance value is 99.19% below the      
          average.                                                                                                      

  conv1d_kernel(const float *, const float *, float *, int, int) (32, 1, 1)x(512, 1, 1), Context 1, Stream 7, Device 0, CC 8.9
    Section: GPU Speed Of Light Throughput
    ----------------------- ------------- ------------
    Metric Name               Metric Unit Metric Value
    ----------------------- ------------- ------------
    DRAM Frequency          cycle/nsecond         8.09
    SM Frequency            cycle/nsecond         1.92
    Elapsed Cycles                  cycle       410161
    Memory Throughput                   %        64.56
    DRAM Throughput                     %         1.46
    Duration                      usecond       213.66
    L1/TEX Cache Throughput             %        99.25
    L2 Cache Throughput                 %        40.21
    SM Active Cycles                cycle    267008.29
    Compute (SM) Throughput             %         7.84
    ----------------------- ------------- ------------

    OPT   Memory is more heavily utilized than Compute: Look at the Memory Workload Analysis section to identify the L1 
          bottleneck. Check memory replay (coalescing) metrics to make sure you're efficiently utilizing the bytes      
          transferred. Also consider whether it is possible to do more work per memory access (kernel fusion) or        
          whether there are values you can (re)compute.                                                                 

    Section: Launch Statistics
    -------------------------------- --------------- ---------------
    Metric Name                          Metric Unit    Metric Value
    -------------------------------- --------------- ---------------
    Block Size                                                   512
    Function Cache Configuration                     CachePreferNone
    Grid Size                                                     32
    Registers Per Thread             register/thread              26
    Shared Memory Configuration Size           Kbyte            8.19
    Driver Shared Memory Per Block       Kbyte/block            1.02
    Dynamic Shared Memory Per Block       byte/block               0
    Static Shared Memory Per Block        byte/block               0
    # SMs                                         SM              24
    Threads                                   thread           16384
    Uses Green Context                                             0
    Waves Per SM                                                0.44
    -------------------------------- --------------- ---------------

    OPT   If you execute __syncthreads() to synchronize the threads of a block, it is recommended to have more than the 
          achieved 1 blocks per multiprocessor. This way, blocks that aren't waiting for __syncthreads() can keep the   
          hardware busy.                                                                                                

    Section: Occupancy
    ------------------------------- ----------- ------------
    Metric Name                     Metric Unit Metric Value
    ------------------------------- ----------- ------------
    Block Limit SM                        block           24
    Block Limit Registers                 block            4
    Block Limit Shared Mem                block            8
    Block Limit Warps                     block            3
    Theoretical Active Warps per SM        warp           48
    Theoretical Occupancy                     %          100
    Achieved Occupancy                        %        46.06
    Achieved Active Warps Per SM           warp        22.11
    ------------------------------- ----------- ------------

    OPT   Est. Local Speedup: 53.94%                                                                                    
          The difference between calculated theoretical (100.0%) and measured achieved occupancy (46.1%) can be the     
          result of warp scheduling overheads or workload imbalances during the kernel execution. Load imbalances can   
          occur between warps within a block as well as across blocks of the same kernel. See the CUDA Best Practices   
          Guide (https://docs.nvidia.com/cuda/cuda-c-best-practices-guide/index.html#occupancy) for more details on     
          optimizing occupancy.                                                                                         

    Section: GPU and Memory Workload Distribution
    -------------------------- ----------- ------------
    Metric Name                Metric Unit Metric Value
    -------------------------- ----------- ------------
    Average DRAM Active Cycles       cycle        25276
    Total DRAM Elapsed Cycles        cycle      6915072
    Average L1 Active Cycles         cycle    267008.29
    Total L1 Elapsed Cycles          cycle      9851520
    Average L2 Active Cycles         cycle    380170.19
    Total L2 Elapsed Cycles          cycle      6203072
    Average SM Active Cycles         cycle    267008.29
    Total SM Elapsed Cycles          cycle      9851520
    Average SMSP Active Cycles       cycle    266679.88
    Total SMSP Elapsed Cycles        cycle     39406080
    -------------------------- ----------- ------------

    OPT   Est. Speedup: 22.5%                                                                                           
          One or more SMs have a much higher number of active cycles than the average number of active cycles. Maximum  
          instance value is 34.60% above the average, while the minimum instance value is 23.30% below the average.     
    ----- --------------------------------------------------------------------------------------------------------------
    OPT   Est. Speedup: 22.56%                                                                                          
          One or more SMSPs have a much higher number of active cycles than the average number of active cycles.        
          Maximum instance value is 34.73% above the average, while the minimum instance value is 23.51% below the      
          average.                                                                                                      
    ----- --------------------------------------------------------------------------------------------------------------
    OPT   Est. Speedup: 22.5%                                                                                           
          One or more L1 Slices have a much higher number of active cycles than the average number of active cycles.    
          Maximum instance value is 34.60% above the average, while the minimum instance value is 23.30% below the      
          average.                                                                                                      

  linear_proj_kernel(const float *, const float *, float *, int, int) (32, 1, 1)x(512, 1, 1), Context 1, Stream 7, Device 0, CC 8.9
    Section: GPU Speed Of Light Throughput
    ----------------------- ------------- ------------
    Metric Name               Metric Unit Metric Value
    ----------------------- ------------- ------------
    DRAM Frequency          cycle/nsecond         8.09
    SM Frequency            cycle/nsecond         1.92
    Elapsed Cycles                  cycle       138846
    Memory Throughput                   %        64.17
    DRAM Throughput                     %         1.78
    Duration                      usecond        72.35
    L1/TEX Cache Throughput             %        96.97
    L2 Cache Throughput                 %         9.43
    SM Active Cycles                cycle     91595.12
    Compute (SM) Throughput             %         5.03
    ----------------------- ------------- ------------

    OPT   Memory is more heavily utilized than Compute: Look at the Memory Workload Analysis section to identify the L1 
          bottleneck. Check memory replay (coalescing) metrics to make sure you're efficiently utilizing the bytes      
          transferred. Also consider whether it is possible to do more work per memory access (kernel fusion) or        
          whether there are values you can (re)compute.                                                                 

    Section: Launch Statistics
    -------------------------------- --------------- ---------------
    Metric Name                          Metric Unit    Metric Value
    -------------------------------- --------------- ---------------
    Block Size                                                   512
    Function Cache Configuration                     CachePreferNone
    Grid Size                                                     32
    Registers Per Thread             register/thread              40
    Shared Memory Configuration Size           Kbyte           32.77
    Driver Shared Memory Per Block       Kbyte/block            1.02
    Dynamic Shared Memory Per Block       byte/block               0
    Static Shared Memory Per Block       Kbyte/block            2.05
    # SMs                                         SM              24
    Threads                                   thread           16384
    Uses Green Context                                             0
    Waves Per SM                                                0.44
    -------------------------------- --------------- ---------------

    OPT   If you execute __syncthreads() to synchronize the threads of a block, it is recommended to have more than the 
          achieved 1 blocks per multiprocessor. This way, blocks that aren't waiting for __syncthreads() can keep the   
          hardware busy.                                                                                                

    Section: Occupancy
    ------------------------------- ----------- ------------
    Metric Name                     Metric Unit Metric Value
    ------------------------------- ----------- ------------
    Block Limit SM                        block           24
    Block Limit Registers                 block            3
    Block Limit Shared Mem                block           10
    Block Limit Warps                     block            3
    Theoretical Active Warps per SM        warp           48
    Theoretical Occupancy                     %          100
    Achieved Occupancy                        %        12.94
    Achieved Active Warps Per SM           warp         6.21
    ------------------------------- ----------- ------------

    OPT   Est. Local Speedup: 87.06%                                                                                    
          The difference between calculated theoretical (100.0%) and measured achieved occupancy (12.9%) can be the     
          result of warp scheduling overheads or workload imbalances during the kernel execution. Load imbalances can   
          occur between warps within a block as well as across blocks of the same kernel. See the CUDA Best Practices   
          Guide (https://docs.nvidia.com/cuda/cuda-c-best-practices-guide/index.html#occupancy) for more details on     
          optimizing occupancy.                                                                                         

    Section: GPU and Memory Workload Distribution
    -------------------------- ----------- ------------
    Metric Name                Metric Unit Metric Value
    -------------------------- ----------- ------------
    Average DRAM Active Cycles       cycle        10404
    Total DRAM Elapsed Cycles        cycle      2340864
    Average L1 Active Cycles         cycle     91595.12
    Total L1 Elapsed Cycles          cycle      3322160
    Average L2 Active Cycles         cycle     79889.31
    Total L2 Elapsed Cycles          cycle      2100016
    Average SM Active Cycles         cycle     91595.12
    Total SM Elapsed Cycles          cycle      3322160
    Average SMSP Active Cycles       cycle     90949.25
    Total SMSP Elapsed Cycles        cycle     13288640
    -------------------------- ----------- ------------

    OPT   Est. Speedup: 21.91%                                                                                          
          One or more SMs have a much higher number of active cycles than the average number of active cycles. Maximum  
          instance value is 33.11% above the average, while the minimum instance value is 24.39% below the average.     
    ----- --------------------------------------------------------------------------------------------------------------
    OPT   Est. Speedup: 21.89%                                                                                          
          One or more SMSPs have a much higher number of active cycles than the average number of active cycles.        
          Maximum instance value is 33.31% above the average, while the minimum instance value is 25.00% below the      
          average.                                                                                                      
    ----- --------------------------------------------------------------------------------------------------------------
    OPT   Est. Speedup: 21.91%                                                                                          
          One or more L1 Slices have a much higher number of active cycles than the average number of active cycles.    
          Maximum instance value is 33.11% above the average, while the minimum instance value is 24.39% below the      
          average.                                                                                                      

  residual_kernel(float *, const float *, int) (8, 1, 1)x(512, 1, 1), Context 1, Stream 7, Device 0, CC 8.9
    Section: GPU Speed Of Light Throughput
    ----------------------- ------------- ------------
    Metric Name               Metric Unit Metric Value
    ----------------------- ------------- ------------
    DRAM Frequency          cycle/nsecond         7.87
    SM Frequency            cycle/nsecond         1.87
    Elapsed Cycles                  cycle         3718
    Memory Throughput                   %         7.10
    DRAM Throughput                     %         7.10
    Duration                      usecond         1.98
    L1/TEX Cache Throughput             %         7.38
    L2 Cache Throughput                 %         1.97
    SM Active Cycles                cycle       577.79
    Compute (SM) Throughput             %         1.17
    ----------------------- ------------- ------------

    OPT   This kernel grid is too small to fill the available resources on this device, resulting in only 0.1 full      
          waves across all SMs. Look at Launch Statistics for more details.                                             

    Section: Launch Statistics
    -------------------------------- --------------- ---------------
    Metric Name                          Metric Unit    Metric Value
    -------------------------------- --------------- ---------------
    Block Size                                                   512
    Function Cache Configuration                     CachePreferNone
    Grid Size                                                      8
    Registers Per Thread             register/thread              16
    Shared Memory Configuration Size           Kbyte            8.19
    Driver Shared Memory Per Block       Kbyte/block            1.02
    Dynamic Shared Memory Per Block       byte/block               0
    Static Shared Memory Per Block        byte/block               0
    # SMs                                         SM              24
    Threads                                   thread            4096
    Uses Green Context                                             0
    Waves Per SM                                                0.11
    -------------------------------- --------------- ---------------

    OPT   Est. Speedup: 66.67%                                                                                          
          The grid for this launch is configured to execute only 8 blocks, which is less than the GPU's 24              
          multiprocessors. This can underutilize some multiprocessors. If you do not intend to execute this kernel      
          concurrently with other workloads, consider reducing the block size to have at least one block per            
          multiprocessor or increase the size of the grid to fully utilize the available hardware resources. See the    
          Hardware Model (https://docs.nvidia.com/nsight-compute/ProfilingGuide/index.html#metrics-hw-model)            
          description for more details on launch configurations.                                                        

    Section: Occupancy
    ------------------------------- ----------- ------------
    Metric Name                     Metric Unit Metric Value
    ------------------------------- ----------- ------------
    Block Limit SM                        block           24
    Block Limit Registers                 block            8
    Block Limit Shared Mem                block            8
    Block Limit Warps                     block            3
    Theoretical Active Warps per SM        warp           48
    Theoretical Occupancy                     %          100
    Achieved Occupancy                        %        32.04
    Achieved Active Warps Per SM           warp        15.38
    ------------------------------- ----------- ------------

    OPT   Est. Local Speedup: 67.96%                                                                                    
          The difference between calculated theoretical (100.0%) and measured achieved occupancy (32.0%) can be the     
          result of warp scheduling overheads or workload imbalances during the kernel execution. Load imbalances can   
          occur between warps within a block as well as across blocks of the same kernel. See the CUDA Best Practices   
          Guide (https://docs.nvidia.com/cuda/cuda-c-best-practices-guide/index.html#occupancy) for more details on     
          optimizing occupancy.                                                                                         

    Section: GPU and Memory Workload Distribution
    -------------------------- ----------- ------------
    Metric Name                Metric Unit Metric Value
    -------------------------- ----------- ------------
    Average DRAM Active Cycles       cycle         1108
    Total DRAM Elapsed Cycles        cycle        62464
    Average L1 Active Cycles         cycle       577.79
    Total L1 Elapsed Cycles          cycle        87232
    Average L2 Active Cycles         cycle       600.38
    Total L2 Elapsed Cycles          cycle        56240
    Average SM Active Cycles         cycle       577.79
    Total SM Elapsed Cycles          cycle        87232
    Average SMSP Active Cycles       cycle       562.58
    Total SMSP Elapsed Cycles        cycle       348928
    -------------------------- ----------- ------------

    OPT   Est. Speedup: 10.81%                                                                                          
          One or more SMs have a much lower number of active cycles than the average number of active cycles. Maximum   
          instance value is 67.97% above the average, while the minimum instance value is 100.00% below the average.    
    ----- --------------------------------------------------------------------------------------------------------------
    OPT   Est. Speedup: 10.58%                                                                                          
          One or more SMSPs have a much lower number of active cycles than the average number of active cycles. Maximum 
          instance value is 68.36% above the average, while the minimum instance value is 100.00% below the average.    
    ----- --------------------------------------------------------------------------------------------------------------
    OPT   Est. Speedup: 10.81%                                                                                          
          One or more L1 Slices have a much lower number of active cycles than the average number of active cycles.     
          Maximum instance value is 67.97% above the average, while the minimum instance value is 100.00% below the     
          average.                                                                                                      
    ----- --------------------------------------------------------------------------------------------------------------
    OPT   Est. Speedup: 8.271%                                                                                          
          One or more L2 Slices have a much lower number of active cycles than the average number of active cycles.     
          Maximum instance value is 48.42% above the average, while the minimum instance value is 93.00% below the      
          average.                                                                                                      

