========== GPU Result (NUM_PATTERNS = 4) ==========
Patterns = 4 | Block size = 256
GPU time      = 1.406464 ms (0.351616 ms / pattern)
GPU sum       = 416.272675
Pattern-0 sum = 99.228035

========== Nsight Compute  ==========
==PROF== Connected to process 464 (/workspace/P5/main)
==PROF== Profiling "layer_norm_kernel" - 0: 0%....50%....100% - 8 passes
==PROF== Profiling "linear_proj_kernel" - 1: 0%....50%....100% - 8 passes
==PROF== Profiling "linear_proj_kernel" - 2: 0%....50%....100% - 8 passes
==PROF== Profiling "linear_proj_kernel" - 3: 0%....50%....100% - 8 passes
==PROF== Profiling "qkt_kernel" - 4: 0%....50%....100% - 8 passes
==PROF== Profiling "softmax_kernel(float *)" - 5: 0%....50%....100% - 8 passes
==PROF== Profiling "av_kernel" - 6: 0%....50%....100% - 8 passes
==PROF== Profiling "residual_kernel" - 7: 0%....50%....100% - 8 passes
==PROF== Profiling "layer_norm_kernel" - 8: 0%....50%....100% - 8 passes
==PROF== Profiling "conv1d_kernel" - 9: 0%....50%....100% - 8 passes
==PROF== Profiling "linear_proj_kernel" - 10: 0%....50%....100% - 8 passes
==PROF== Profiling "residual_kernel" - 11: 0%....50%....100% - 8 passes
Patterns = 4 | Block size = 256
GPU time      = 1216.383057 ms (304.095764 ms / pattern)
GPU sum       = 416.272675
Pattern-0 sum = 99.228035
==PROF== Disconnected from process 464
[464] main@127.0.0.1
  layer_norm_kernel(const float *, float *, int) (1, 4, 1)x(256, 1, 1), Context 1, Stream 7, Device 0, CC 8.9
    Section: GPU Speed Of Light Throughput
    ----------------------- ------------- ------------
    Metric Name               Metric Unit Metric Value
    ----------------------- ------------- ------------
    DRAM Frequency          cycle/nsecond         8.06
    SM Frequency            cycle/nsecond         1.92
    Elapsed Cycles                  cycle        38571
    Memory Throughput                   %         7.01
    DRAM Throughput                     %         1.50
    Duration                      usecond        20.13
    L1/TEX Cache Throughput             %        44.85
    L2 Cache Throughput                 %         5.89
    SM Active Cycles                cycle      6091.83
    Compute (SM) Throughput             %         0.44
    ----------------------- ------------- ------------

    OPT   This kernel grid is too small to fill the available resources on this device, resulting in only 0.0 full      
          waves across all SMs. Look at Launch Statistics for more details.                                             

    Section: Launch Statistics
    -------------------------------- --------------- ---------------
    Metric Name                          Metric Unit    Metric Value
    -------------------------------- --------------- ---------------
    Block Size                                                   256
    Function Cache Configuration                     CachePreferNone
    Grid Size                                                      4
    Registers Per Thread             register/thread              40
    Shared Memory Configuration Size           Kbyte           16.38
    Driver Shared Memory Per Block       Kbyte/block            1.02
    Dynamic Shared Memory Per Block       byte/block               0
    Static Shared Memory Per Block        byte/block               0
    # SMs                                         SM              24
    Threads                                   thread            1024
    Uses Green Context                                             0
    Waves Per SM                                                0.03
    -------------------------------- --------------- ---------------

    OPT   Est. Speedup: 83.33%                                                                                          
          The grid for this launch is configured to execute only 4 blocks, which is less than the GPU's 24              
          multiprocessors. This can underutilize some multiprocessors. If you do not intend to execute this kernel      
          concurrently with other workloads, consider reducing the block size to have at least one block per            
          multiprocessor or increase the size of the grid to fully utilize the available hardware resources. See the    
          Hardware Model (https://docs.nvidia.com/nsight-compute/ProfilingGuide/index.html#metrics-hw-model)            
          description for more details on launch configurations.                                                        

    Section: Occupancy
    ------------------------------- ----------- ------------
    Metric Name                     Metric Unit Metric Value
    ------------------------------- ----------- ------------
    Block Limit SM                        block           24
    Block Limit Registers                 block            6
    Block Limit Shared Mem                block           16
    Block Limit Warps                     block            6
    Theoretical Active Warps per SM        warp           48
    Theoretical Occupancy                     %          100
    Achieved Occupancy                        %         2.29
    Achieved Active Warps Per SM           warp         1.10
    ------------------------------- ----------- ------------

    OPT   Est. Local Speedup: 97.71%                                                                                    
          The difference between calculated theoretical (100.0%) and measured achieved occupancy (2.3%) can be the      
          result of warp scheduling overheads or workload imbalances during the kernel execution. Load imbalances can   
          occur between warps within a block as well as across blocks of the same kernel. See the CUDA Best Practices   
          Guide (https://docs.nvidia.com/cuda/cuda-c-best-practices-guide/index.html#occupancy) for more details on     
          optimizing occupancy.                                                                                         

    Section: GPU and Memory Workload Distribution
    -------------------------- ----------- ------------
    Metric Name                Metric Unit Metric Value
    -------------------------- ----------- ------------
    Average DRAM Active Cycles       cycle         2428
    Total DRAM Elapsed Cycles        cycle       649216
    Average L1 Active Cycles         cycle      6091.83
    Total L1 Elapsed Cycles          cycle       935568
    Average L2 Active Cycles         cycle     13600.12
    Total L2 Elapsed Cycles          cycle       583360
    Average SM Active Cycles         cycle      6091.83
    Total SM Elapsed Cycles          cycle       935568
    Average SMSP Active Cycles       cycle      1554.66
    Total SMSP Elapsed Cycles        cycle      3742272
    -------------------------- ----------- ------------

    OPT   Est. Speedup: 13.03%                                                                                          
          One or more SMs have a much lower number of active cycles than the average number of active cycles. Maximum   
          instance value is 83.39% above the average, while the minimum instance value is 100.00% below the average.    
    ----- --------------------------------------------------------------------------------------------------------------
    OPT   Est. Speedup: 13.03%                                                                                          
          One or more L1 Slices have a much lower number of active cycles than the average number of active cycles.     
          Maximum instance value is 83.39% above the average, while the minimum instance value is 100.00% below the     
          average.                                                                                                      
    ----- --------------------------------------------------------------------------------------------------------------
    OPT   Est. Speedup: 5.901%                                                                                          
          One or more L2 Slices have a much higher number of active cycles than the average number of active cycles.    
          Maximum instance value is 15.82% above the average, while the minimum instance value is 4.58% below the       
          average.                                                                                                      

  linear_proj_kernel(const float *, const float *, float *, int, int) (32, 4, 1)x(256, 1, 1), Context 1, Stream 7, Device 0, CC 8.9
    Section: GPU Speed Of Light Throughput
    ----------------------- ------------- ------------
    Metric Name               Metric Unit Metric Value
    ----------------------- ------------- ------------
    DRAM Frequency          cycle/nsecond         8.08
    SM Frequency            cycle/nsecond         1.92
    Elapsed Cycles                  cycle       106493
    Memory Throughput                   %        83.55
    DRAM Throughput                     %         0.95
    Duration                      usecond        55.52
    L1/TEX Cache Throughput             %        95.63
    L2 Cache Throughput                 %         5.19
    SM Active Cycles                cycle     92950.38
    Compute (SM) Throughput             %         6.62
    ----------------------- ------------- ------------

    INF   The kernel is utilizing greater than 80.0% of the available compute or memory performance of the device. To   
          further improve performance, work will likely need to be shifted from the most utilized to another unit.      
          Start by analyzing L1 in the Memory Workload Analysis section.                                                

    Section: Launch Statistics
    -------------------------------- --------------- ---------------
    Metric Name                          Metric Unit    Metric Value
    -------------------------------- --------------- ---------------
    Block Size                                                   256
    Function Cache Configuration                     CachePreferNone
    Grid Size                                                    128
    Registers Per Thread             register/thread              40
    Shared Memory Configuration Size           Kbyte           65.54
    Driver Shared Memory Per Block       Kbyte/block            1.02
    Dynamic Shared Memory Per Block       byte/block               0
    Static Shared Memory Per Block       Kbyte/block            2.05
    # SMs                                         SM              24
    Threads                                   thread           32768
    Uses Green Context                                             0
    Waves Per SM                                                0.89
    -------------------------------- --------------- ---------------

    Section: Occupancy
    ------------------------------- ----------- ------------
    Metric Name                     Metric Unit Metric Value
    ------------------------------- ----------- ------------
    Block Limit SM                        block           24
    Block Limit Registers                 block            6
    Block Limit Shared Mem                block           21
    Block Limit Warps                     block            6
    Theoretical Active Warps per SM        warp           48
    Theoretical Occupancy                     %          100
    Achieved Occupancy                        %        37.42
    Achieved Active Warps Per SM           warp        17.96
    ------------------------------- ----------- ------------

    OPT   Est. Local Speedup: 62.58%                                                                                    
          The difference between calculated theoretical (100.0%) and measured achieved occupancy (37.4%) can be the     
          result of warp scheduling overheads or workload imbalances during the kernel execution. Load imbalances can   
          occur between warps within a block as well as across blocks of the same kernel. See the CUDA Best Practices   
          Guide (https://docs.nvidia.com/cuda/cuda-c-best-practices-guide/index.html#occupancy) for more details on     
          optimizing occupancy.                                                                                         

    Section: GPU and Memory Workload Distribution
    -------------------------- ----------- ------------
    Metric Name                Metric Unit Metric Value
    -------------------------- ----------- ------------
    Average DRAM Active Cycles       cycle         4268
    Total DRAM Elapsed Cycles        cycle      1795072
    Average L1 Active Cycles         cycle     92950.38
    Total L1 Elapsed Cycles          cycle      2553448
    Average L2 Active Cycles         cycle     53588.62
    Total L2 Elapsed Cycles          cycle      1610608
    Average SM Active Cycles         cycle     92950.38
    Total SM Elapsed Cycles          cycle      2553448
    Average SMSP Active Cycles       cycle     91966.12
    Total SMSP Elapsed Cycles        cycle     10213792
    -------------------------- ----------- ------------

    OPT   Est. Speedup: 9.732%                                                                                          
          One or more SMs have a much higher number of active cycles than the average number of active cycles. Maximum  
          instance value is 11.14% above the average, while the minimum instance value is 6.98% below the average.      
    ----- --------------------------------------------------------------------------------------------------------------
    OPT   Est. Speedup: 10.22%                                                                                          
          One or more SMSPs have a much higher number of active cycles than the average number of active cycles.        
          Additionally, other SMSPs have a much lower number of active cycles than the average number of active         
          cycles. Maximum instance value is 11.83% above the average, while the minimum instance value is 10.52% below  
          the average.                                                                                                  
    ----- --------------------------------------------------------------------------------------------------------------
    OPT   Est. Speedup: 9.732%                                                                                          
          One or more L1 Slices have a much higher number of active cycles than the average number of active cycles.    
          Maximum instance value is 11.14% above the average, while the minimum instance value is 6.98% below the       
          average.                                                                                                      
    ----- --------------------------------------------------------------------------------------------------------------
    OPT   Est. Speedup: 6.13%                                                                                           
          One or more L2 Slices have a much higher number of active cycles than the average number of active cycles.    
          Maximum instance value is 11.51% above the average, while the minimum instance value is 5.12% below the       
          average.                                                                                                      

  linear_proj_kernel(const float *, const float *, float *, int, int) (32, 4, 1)x(256, 1, 1), Context 1, Stream 7, Device 0, CC 8.9
    Section: GPU Speed Of Light Throughput
    ----------------------- ------------- ------------
    Metric Name               Metric Unit Metric Value
    ----------------------- ------------- ------------
    DRAM Frequency          cycle/nsecond         8.09
    SM Frequency            cycle/nsecond         1.92
    Elapsed Cycles                  cycle       106775
    Memory Throughput                   %        83.02
    DRAM Throughput                     %         0.95
    Duration                      usecond        55.65
    L1/TEX Cache Throughput             %        95.46
    L2 Cache Throughput                 %         5.09
    SM Active Cycles                cycle     93117.46
    Compute (SM) Throughput             %         6.57
    ----------------------- ------------- ------------

    INF   The kernel is utilizing greater than 80.0% of the available compute or memory performance of the device. To   
          further improve performance, work will likely need to be shifted from the most utilized to another unit.      
          Start by analyzing L1 in the Memory Workload Analysis section.                                                

    Section: Launch Statistics
    -------------------------------- --------------- ---------------
    Metric Name                          Metric Unit    Metric Value
    -------------------------------- --------------- ---------------
    Block Size                                                   256
    Function Cache Configuration                     CachePreferNone
    Grid Size                                                    128
    Registers Per Thread             register/thread              40
    Shared Memory Configuration Size           Kbyte           65.54
    Driver Shared Memory Per Block       Kbyte/block            1.02
    Dynamic Shared Memory Per Block       byte/block               0
    Static Shared Memory Per Block       Kbyte/block            2.05
    # SMs                                         SM              24
    Threads                                   thread           32768
    Uses Green Context                                             0
    Waves Per SM                                                0.89
    -------------------------------- --------------- ---------------

    Section: Occupancy
    ------------------------------- ----------- ------------
    Metric Name                     Metric Unit Metric Value
    ------------------------------- ----------- ------------
    Block Limit SM                        block           24
    Block Limit Registers                 block            6
    Block Limit Shared Mem                block           21
    Block Limit Warps                     block            6
    Theoretical Active Warps per SM        warp           48
    Theoretical Occupancy                     %          100
    Achieved Occupancy                        %        36.88
    Achieved Active Warps Per SM           warp        17.70
    ------------------------------- ----------- ------------

    OPT   Est. Local Speedup: 63.12%                                                                                    
          The difference between calculated theoretical (100.0%) and measured achieved occupancy (36.9%) can be the     
          result of warp scheduling overheads or workload imbalances during the kernel execution. Load imbalances can   
          occur between warps within a block as well as across blocks of the same kernel. See the CUDA Best Practices   
          Guide (https://docs.nvidia.com/cuda/cuda-c-best-practices-guide/index.html#occupancy) for more details on     
          optimizing occupancy.                                                                                         

    Section: GPU and Memory Workload Distribution
    -------------------------- ----------- ------------
    Metric Name                Metric Unit Metric Value
    -------------------------- ----------- ------------
    Average DRAM Active Cycles       cycle         4268
    Total DRAM Elapsed Cycles        cycle      1800192
    Average L1 Active Cycles         cycle     93117.46
    Total L1 Elapsed Cycles          cycle      2569784
    Average L2 Active Cycles         cycle     52289.81
    Total L2 Elapsed Cycles          cycle      1615024
    Average SM Active Cycles         cycle     93117.46
    Total SM Elapsed Cycles          cycle      2569784
    Average SMSP Active Cycles       cycle     92126.98
    Total SMSP Elapsed Cycles        cycle     10279136
    -------------------------- ----------- ------------

    OPT   Est. Speedup: 9.738%                                                                                          
          One or more SMs have a much higher number of active cycles than the average number of active cycles. Maximum  
          instance value is 11.20% above the average, while the minimum instance value is 7.28% below the average.      
    ----- --------------------------------------------------------------------------------------------------------------
    OPT   Est. Speedup: 10.14%                                                                                          
          One or more SMSPs have a much higher number of active cycles than the average number of active cycles.        
          Maximum instance value is 11.79% above the average, while the minimum instance value is 8.77% below the       
          average.                                                                                                      
    ----- --------------------------------------------------------------------------------------------------------------
    OPT   Est. Speedup: 9.738%                                                                                          
          One or more L1 Slices have a much higher number of active cycles than the average number of active cycles.    
          Maximum instance value is 11.20% above the average, while the minimum instance value is 7.28% below the       
          average.                                                                                                      
    ----- --------------------------------------------------------------------------------------------------------------
    OPT   Est. Speedup: 5.225%                                                                                          
          One or more L2 Slices have a much higher number of active cycles than the average number of active cycles.    
          Maximum instance value is 10.09% above the average, while the minimum instance value is 6.62% below the       
          average.                                                                                                      

  linear_proj_kernel(const float *, const float *, float *, int, int) (32, 4, 1)x(256, 1, 1), Context 1, Stream 7, Device 0, CC 8.9
    Section: GPU Speed Of Light Throughput
    ----------------------- ------------- ------------
    Metric Name               Metric Unit Metric Value
    ----------------------- ------------- ------------
    DRAM Frequency          cycle/nsecond         8.09
    SM Frequency            cycle/nsecond         1.92
    Elapsed Cycles                  cycle       106357
    Memory Throughput                   %        83.66
    DRAM Throughput                     %        12.06
    Duration                      usecond        55.46
    L1/TEX Cache Throughput             %        95.46
    L2 Cache Throughput                 %         5.07
    SM Active Cycles                cycle     93123.12
    Compute (SM) Throughput             %         6.63
    ----------------------- ------------- ------------

    INF   The kernel is utilizing greater than 80.0% of the available compute or memory performance of the device. To   
          further improve performance, work will likely need to be shifted from the most utilized to another unit.      
          Start by analyzing L1 in the Memory Workload Analysis section.                                                

    Section: Launch Statistics
    -------------------------------- --------------- ---------------
    Metric Name                          Metric Unit    Metric Value
    -------------------------------- --------------- ---------------
    Block Size                                                   256
    Function Cache Configuration                     CachePreferNone
    Grid Size                                                    128
    Registers Per Thread             register/thread              40
    Shared Memory Configuration Size           Kbyte           65.54
    Driver Shared Memory Per Block       Kbyte/block            1.02
    Dynamic Shared Memory Per Block       byte/block               0
    Static Shared Memory Per Block       Kbyte/block            2.05
    # SMs                                         SM              24
    Threads                                   thread           32768
    Uses Green Context                                             0
    Waves Per SM                                                0.89
    -------------------------------- --------------- ---------------

    Section: Occupancy
    ------------------------------- ----------- ------------
    Metric Name                     Metric Unit Metric Value
    ------------------------------- ----------- ------------
    Block Limit SM                        block           24
    Block Limit Registers                 block            6
    Block Limit Shared Mem                block           21
    Block Limit Warps                     block            6
    Theoretical Active Warps per SM        warp           48
    Theoretical Occupancy                     %          100
    Achieved Occupancy                        %        36.90
    Achieved Active Warps Per SM           warp        17.71
    ------------------------------- ----------- ------------

    OPT   Est. Local Speedup: 63.1%                                                                                     
          The difference between calculated theoretical (100.0%) and measured achieved occupancy (36.9%) can be the     
          result of warp scheduling overheads or workload imbalances during the kernel execution. Load imbalances can   
          occur between warps within a block as well as across blocks of the same kernel. See the CUDA Best Practices   
          Guide (https://docs.nvidia.com/cuda/cuda-c-best-practices-guide/index.html#occupancy) for more details on     
          optimizing occupancy.                                                                                         

    Section: GPU and Memory Workload Distribution
    -------------------------- ----------- ------------
    Metric Name                Metric Unit Metric Value
    -------------------------- ----------- ------------
    Average DRAM Active Cycles       cycle        54100
    Total DRAM Elapsed Cycles        cycle      1794048
    Average L1 Active Cycles         cycle     93123.12
    Total L1 Elapsed Cycles          cycle      2549992
    Average L2 Active Cycles         cycle     52296.62
    Total L2 Elapsed Cycles          cycle      1608496
    Average SM Active Cycles         cycle     93123.12
    Total SM Elapsed Cycles          cycle      2549992
    Average SMSP Active Cycles       cycle     92273.50
    Total SMSP Elapsed Cycles        cycle     10199968
    -------------------------- ----------- ------------

    OPT   Est. Speedup: 9.487%                                                                                          
          One or more SMs have a much higher number of active cycles than the average number of active cycles. Maximum  
          instance value is 10.82% above the average, while the minimum instance value is 7.24% below the average.      
    ----- --------------------------------------------------------------------------------------------------------------
    OPT   Est. Speedup: 10.47%                                                                                          
          One or more SMSPs have a much higher number of active cycles than the average number of active cycles.        
          Maximum instance value is 12.05% above the average, while the minimum instance value is 9.82% below the       
          average.                                                                                                      
    ----- --------------------------------------------------------------------------------------------------------------
    OPT   Est. Speedup: 9.487%                                                                                          
          One or more L1 Slices have a much higher number of active cycles than the average number of active cycles.    
          Maximum instance value is 10.82% above the average, while the minimum instance value is 7.24% below the       
          average.                                                                                                      

  qkt_kernel(const float *, const float *, float *, float) (16, 4, 1)x(256, 1, 1), Context 1, Stream 7, Device 0, CC 8.9
    Section: GPU Speed Of Light Throughput
    ----------------------- ------------- ------------
    Metric Name               Metric Unit Metric Value
    ----------------------- ------------- ------------
    DRAM Frequency          cycle/nsecond         8.07
    SM Frequency            cycle/nsecond         1.91
    Elapsed Cycles                  cycle        29169
    Memory Throughput                   %        77.46
    DRAM Throughput                     %         3.45
    Duration                      usecond        15.23
    L1/TEX Cache Throughput             %        92.79
    L2 Cache Throughput                 %         2.31
    SM Active Cycles                cycle     24339.58
    Compute (SM) Throughput             %         9.66
    ----------------------- ------------- ------------

    OPT   Memory is more heavily utilized than Compute: Look at the Memory Workload Analysis section to identify the L1 
          bottleneck. Check memory replay (coalescing) metrics to make sure you're efficiently utilizing the bytes      
          transferred. Also consider whether it is possible to do more work per memory access (kernel fusion) or        
          whether there are values you can (re)compute.                                                                 

    Section: Launch Statistics
    -------------------------------- --------------- ---------------
    Metric Name                          Metric Unit    Metric Value
    -------------------------------- --------------- ---------------
    Block Size                                                   256
    Function Cache Configuration                     CachePreferNone
    Grid Size                                                     64
    Registers Per Thread             register/thread              40
    Shared Memory Configuration Size           Kbyte           16.38
    Driver Shared Memory Per Block       Kbyte/block            1.02
    Dynamic Shared Memory Per Block       byte/block               0
    Static Shared Memory Per Block        byte/block               0
    # SMs                                         SM              24
    Threads                                   thread           16384
    Uses Green Context                                             0
    Waves Per SM                                                0.44
    -------------------------------- --------------- ---------------

    Section: Occupancy
    ------------------------------- ----------- ------------
    Metric Name                     Metric Unit Metric Value
    ------------------------------- ----------- ------------
    Block Limit SM                        block           24
    Block Limit Registers                 block            6
    Block Limit Shared Mem                block           16
    Block Limit Warps                     block            6
    Theoretical Active Warps per SM        warp           48
    Theoretical Occupancy                     %          100
    Achieved Occupancy                        %        38.99
    Achieved Active Warps Per SM           warp        18.72
    ------------------------------- ----------- ------------

    OPT   Est. Local Speedup: 61.01%                                                                                    
          The difference between calculated theoretical (100.0%) and measured achieved occupancy (39.0%) can be the     
          result of warp scheduling overheads or workload imbalances during the kernel execution. Load imbalances can   
          occur between warps within a block as well as across blocks of the same kernel. See the CUDA Best Practices   
          Guide (https://docs.nvidia.com/cuda/cuda-c-best-practices-guide/index.html#occupancy) for more details on     
          optimizing occupancy.                                                                                         

    Section: GPU and Memory Workload Distribution
    -------------------------- ----------- ------------
    Metric Name                Metric Unit Metric Value
    -------------------------- ----------- ------------
    Average DRAM Active Cycles       cycle         4240
    Total DRAM Elapsed Cycles        cycle       491520
    Average L1 Active Cycles         cycle     24339.58
    Total L1 Elapsed Cycles          cycle       699696
    Average L2 Active Cycles         cycle     15557.25
    Total L2 Elapsed Cycles          cycle       440992
    Average SM Active Cycles         cycle     24339.58
    Total SM Elapsed Cycles          cycle       699696
    Average SMSP Active Cycles       cycle     24187.52
    Total SMSP Elapsed Cycles        cycle      2798784
    -------------------------- ----------- ------------

    OPT   Est. Speedup: 8.952%                                                                                          
          One or more SMs have a much lower number of active cycles than the average number of active cycles. Maximum   
          instance value is 10.72% above the average, while the minimum instance value is 23.71% below the average.     
    ----- --------------------------------------------------------------------------------------------------------------
    OPT   Est. Speedup: 9.218%                                                                                          
          One or more SMSPs have a much lower number of active cycles than the average number of active cycles. Maximum 
          instance value is 11.11% above the average, while the minimum instance value is 26.88% below the average.     
    ----- --------------------------------------------------------------------------------------------------------------
    OPT   Est. Speedup: 8.952%                                                                                          
          One or more L1 Slices have a much lower number of active cycles than the average number of active cycles.     
          Maximum instance value is 10.72% above the average, while the minimum instance value is 23.71% below the      
          average.                                                                                                      
    ----- --------------------------------------------------------------------------------------------------------------
    OPT   Est. Speedup: 6.659%                                                                                          
          One or more L2 Slices have a much higher number of active cycles than the average number of active cycles.    
          Additionally, other L2 Slices have a much lower number of active cycles than the average number of active     
          cycles. Maximum instance value is 11.80% above the average, while the minimum instance value is 10.09% below  
          the average.                                                                                                  

  softmax_kernel(float *) (1, 4, 1)x(256, 1, 1), Context 1, Stream 7, Device 0, CC 8.9
    Section: GPU Speed Of Light Throughput
    ----------------------- ------------- ------------
    Metric Name               Metric Unit Metric Value
    ----------------------- ------------- ------------
    DRAM Frequency          cycle/nsecond         8.08
    SM Frequency            cycle/nsecond         1.91
    Elapsed Cycles                  cycle        32392
    Memory Throughput                   %        15.13
    DRAM Throughput                     %         1.85
    Duration                      usecond        16.93
    L1/TEX Cache Throughput             %        75.47
    L2 Cache Throughput                 %        15.13
    SM Active Cycles                cycle      5018.29
    Compute (SM) Throughput             %         0.93
    ----------------------- ------------- ------------

    OPT   This kernel grid is too small to fill the available resources on this device, resulting in only 0.0 full      
          waves across all SMs. Look at Launch Statistics for more details.                                             

    Section: Launch Statistics
    -------------------------------- --------------- ---------------
    Metric Name                          Metric Unit    Metric Value
    -------------------------------- --------------- ---------------
    Block Size                                                   256
    Function Cache Configuration                     CachePreferNone
    Grid Size                                                      4
    Registers Per Thread             register/thread              35
    Shared Memory Configuration Size           Kbyte           16.38
    Driver Shared Memory Per Block       Kbyte/block            1.02
    Dynamic Shared Memory Per Block       byte/block               0
    Static Shared Memory Per Block        byte/block               0
    # SMs                                         SM              24
    Threads                                   thread            1024
    Uses Green Context                                             0
    Waves Per SM                                                0.03
    -------------------------------- --------------- ---------------

    OPT   Est. Speedup: 83.33%                                                                                          
          The grid for this launch is configured to execute only 4 blocks, which is less than the GPU's 24              
          multiprocessors. This can underutilize some multiprocessors. If you do not intend to execute this kernel      
          concurrently with other workloads, consider reducing the block size to have at least one block per            
          multiprocessor or increase the size of the grid to fully utilize the available hardware resources. See the    
          Hardware Model (https://docs.nvidia.com/nsight-compute/ProfilingGuide/index.html#metrics-hw-model)            
          description for more details on launch configurations.                                                        

    Section: Occupancy
    ------------------------------- ----------- ------------
    Metric Name                     Metric Unit Metric Value
    ------------------------------- ----------- ------------
    Block Limit SM                        block           24
    Block Limit Registers                 block            6
    Block Limit Shared Mem                block           16
    Block Limit Warps                     block            6
    Theoretical Active Warps per SM        warp           48
    Theoretical Occupancy                     %          100
    Achieved Occupancy                        %         8.46
    Achieved Active Warps Per SM           warp         4.06
    ------------------------------- ----------- ------------

    OPT   Est. Local Speedup: 91.54%                                                                                    
          The difference between calculated theoretical (100.0%) and measured achieved occupancy (8.5%) can be the      
          result of warp scheduling overheads or workload imbalances during the kernel execution. Load imbalances can   
          occur between warps within a block as well as across blocks of the same kernel. See the CUDA Best Practices   
          Guide (https://docs.nvidia.com/cuda/cuda-c-best-practices-guide/index.html#occupancy) for more details on     
          optimizing occupancy.                                                                                         

    Section: GPU and Memory Workload Distribution
    -------------------------- ----------- ------------
    Metric Name                Metric Unit Metric Value
    -------------------------- ----------- ------------
    Average DRAM Active Cycles       cycle         2532
    Total DRAM Elapsed Cycles        cycle       546816
    Average L1 Active Cycles         cycle      5018.29
    Total L1 Elapsed Cycles          cycle       777592
    Average L2 Active Cycles         cycle     19306.69
    Total L2 Elapsed Cycles          cycle       489856
    Average SM Active Cycles         cycle      5018.29
    Total SM Elapsed Cycles          cycle       777592
    Average SMSP Active Cycles       cycle      4931.05
    Total SMSP Elapsed Cycles        cycle      3110368
    -------------------------- ----------- ------------

    OPT   Est. Speedup: 12.94%                                                                                          
          One or more SMs have a much lower number of active cycles than the average number of active cycles. Maximum   
          instance value is 83.54% above the average, while the minimum instance value is 100.00% below the average.    
    ----- --------------------------------------------------------------------------------------------------------------
    OPT   Est. Speedup: 12.74%                                                                                          
          One or more SMSPs have a much lower number of active cycles than the average number of active cycles. Maximum 
          instance value is 83.70% above the average, while the minimum instance value is 100.00% below the average.    
    ----- --------------------------------------------------------------------------------------------------------------
    OPT   Est. Speedup: 12.94%                                                                                          
          One or more L1 Slices have a much lower number of active cycles than the average number of active cycles.     
          Maximum instance value is 83.54% above the average, while the minimum instance value is 100.00% below the     
          average.                                                                                                      

  av_kernel(const float *, const float *, float *) (16, 4, 1)x(256, 1, 1), Context 1, Stream 7, Device 0, CC 8.9
    Section: GPU Speed Of Light Throughput
    ----------------------- ------------- ------------
    Metric Name               Metric Unit Metric Value
    ----------------------- ------------- ------------
    DRAM Frequency          cycle/nsecond         7.93
    SM Frequency            cycle/nsecond         1.90
    Elapsed Cycles                  cycle         7312
    Memory Throughput                   %        37.77
    DRAM Throughput                     %        13.90
    Duration                      usecond         3.84
    L1/TEX Cache Throughput             %        58.38
    L2 Cache Throughput                 %         5.48
    SM Active Cycles                cycle      4823.46
    Compute (SM) Throughput             %        37.77
    ----------------------- ------------- ------------

    OPT   This kernel grid is too small to fill the available resources on this device, resulting in only 0.4 full      
          waves across all SMs. Look at Launch Statistics for more details.                                             

    Section: Launch Statistics
    -------------------------------- --------------- ---------------
    Metric Name                          Metric Unit    Metric Value
    -------------------------------- --------------- ---------------
    Block Size                                                   256
    Function Cache Configuration                     CachePreferNone
    Grid Size                                                     64
    Registers Per Thread             register/thread              40
    Shared Memory Configuration Size           Kbyte           16.38
    Driver Shared Memory Per Block       Kbyte/block            1.02
    Dynamic Shared Memory Per Block       byte/block               0
    Static Shared Memory Per Block        byte/block               0
    # SMs                                         SM              24
    Threads                                   thread           16384
    Uses Green Context                                             0
    Waves Per SM                                                0.44
    -------------------------------- --------------- ---------------

    Section: Occupancy
    ------------------------------- ----------- ------------
    Metric Name                     Metric Unit Metric Value
    ------------------------------- ----------- ------------
    Block Limit SM                        block           24
    Block Limit Registers                 block            6
    Block Limit Shared Mem                block           16
    Block Limit Warps                     block            6
    Theoretical Active Warps per SM        warp           48
    Theoretical Occupancy                     %          100
    Achieved Occupancy                        %        35.78
    Achieved Active Warps Per SM           warp        17.17
    ------------------------------- ----------- ------------

    OPT   Est. Local Speedup: 64.22%                                                                                    
          The difference between calculated theoretical (100.0%) and measured achieved occupancy (35.8%) can be the     
          result of warp scheduling overheads or workload imbalances during the kernel execution. Load imbalances can   
          occur between warps within a block as well as across blocks of the same kernel. See the CUDA Best Practices   
          Guide (https://docs.nvidia.com/cuda/cuda-c-best-practices-guide/index.html#occupancy) for more details on     
          optimizing occupancy.                                                                                         

    Section: GPU and Memory Workload Distribution
    -------------------------- ----------- ------------
    Metric Name                Metric Unit Metric Value
    -------------------------- ----------- ------------
    Average DRAM Active Cycles       cycle         4236
    Total DRAM Elapsed Cycles        cycle       121856
    Average L1 Active Cycles         cycle      4823.46
    Total L1 Elapsed Cycles          cycle       178944
    Average L2 Active Cycles         cycle         3577
    Total L2 Elapsed Cycles          cycle       110448
    Average SM Active Cycles         cycle      4823.46
    Total SM Elapsed Cycles          cycle       178944
    Average SMSP Active Cycles       cycle      4858.79
    Total SMSP Elapsed Cycles        cycle       715776
    -------------------------- ----------- ------------

    OPT   Est. Speedup: 6.896%                                                                                          
          One or more SMs have a much lower number of active cycles than the average number of active cycles. Maximum   
          instance value is 10.66% above the average, while the minimum instance value is 21.45% below the average.     
    ----- --------------------------------------------------------------------------------------------------------------
    OPT   Est. Speedup: 11.57%                                                                                          
          One or more SMSPs have a much lower number of active cycles than the average number of active cycles. Maximum 
          instance value is 17.76% above the average, while the minimum instance value is 24.38% below the average.     
    ----- --------------------------------------------------------------------------------------------------------------
    OPT   Est. Speedup: 6.896%                                                                                          
          One or more L1 Slices have a much lower number of active cycles than the average number of active cycles.     
          Maximum instance value is 10.66% above the average, while the minimum instance value is 21.45% below the      
          average.                                                                                                      
    ----- --------------------------------------------------------------------------------------------------------------
    OPT   Est. Speedup: 10.84%                                                                                          
          One or more L2 Slices have a much higher number of active cycles than the average number of active cycles.    
          Additionally, other L2 Slices have a much lower number of active cycles than the average number of active     
          cycles. Maximum instance value is 20.92% above the average, while the minimum instance value is 21.50% below  
          the average.                                                                                                  

  residual_kernel(float *, const float *, int) (64, 1, 1)x(256, 1, 1), Context 1, Stream 7, Device 0, CC 8.9
    Section: GPU Speed Of Light Throughput
    ----------------------- ------------- ------------
    Metric Name               Metric Unit Metric Value
    ----------------------- ------------- ------------
    DRAM Frequency          cycle/nsecond         7.90
    SM Frequency            cycle/nsecond         1.88
    Elapsed Cycles                  cycle         4686
    Memory Throughput                   %        21.21
    DRAM Throughput                     %        21.21
    Duration                      usecond         2.50
    L1/TEX Cache Throughput             %         6.40
    L2 Cache Throughput                 %         5.90
    SM Active Cycles                cycle      2665.25
    Compute (SM) Throughput             %         3.87
    ----------------------- ------------- ------------

    OPT   This kernel grid is too small to fill the available resources on this device, resulting in only 0.4 full      
          waves across all SMs. Look at Launch Statistics for more details.                                             

    Section: Launch Statistics
    -------------------------------- --------------- ---------------
    Metric Name                          Metric Unit    Metric Value
    -------------------------------- --------------- ---------------
    Block Size                                                   256
    Function Cache Configuration                     CachePreferNone
    Grid Size                                                     64
    Registers Per Thread             register/thread              16
    Shared Memory Configuration Size           Kbyte           16.38
    Driver Shared Memory Per Block       Kbyte/block            1.02
    Dynamic Shared Memory Per Block       byte/block               0
    Static Shared Memory Per Block        byte/block               0
    # SMs                                         SM              24
    Threads                                   thread           16384
    Uses Green Context                                             0
    Waves Per SM                                                0.44
    -------------------------------- --------------- ---------------

    Section: Occupancy
    ------------------------------- ----------- ------------
    Metric Name                     Metric Unit Metric Value
    ------------------------------- ----------- ------------
    Block Limit SM                        block           24
    Block Limit Registers                 block           16
    Block Limit Shared Mem                block           16
    Block Limit Warps                     block            6
    Theoretical Active Warps per SM        warp           48
    Theoretical Occupancy                     %          100
    Achieved Occupancy                        %        35.60
    Achieved Active Warps Per SM           warp        17.09
    ------------------------------- ----------- ------------

    OPT   Est. Local Speedup: 64.4%                                                                                     
          The difference between calculated theoretical (100.0%) and measured achieved occupancy (35.6%) can be the     
          result of warp scheduling overheads or workload imbalances during the kernel execution. Load imbalances can   
          occur between warps within a block as well as across blocks of the same kernel. See the CUDA Best Practices   
          Guide (https://docs.nvidia.com/cuda/cuda-c-best-practices-guide/index.html#occupancy) for more details on     
          optimizing occupancy.                                                                                         

    Section: GPU and Memory Workload Distribution
    -------------------------- ----------- ------------
    Metric Name                Metric Unit Metric Value
    -------------------------- ----------- ------------
    Average DRAM Active Cycles       cycle         4180
    Total DRAM Elapsed Cycles        cycle        78848
    Average L1 Active Cycles         cycle      2665.25
    Total L1 Elapsed Cycles          cycle       105880
    Average L2 Active Cycles         cycle      1657.81
    Total L2 Elapsed Cycles          cycle        70848
    Average SM Active Cycles         cycle      2665.25
    Total SM Elapsed Cycles          cycle       105880
    Average SMSP Active Cycles       cycle      2344.01
    Total SMSP Elapsed Cycles        cycle       423520
    -------------------------- ----------- ------------

    OPT   Est. Speedup: 9.768%                                                                                          
          One or more L2 Slices have a much higher number of active cycles than the average number of active cycles.    
          Maximum instance value is 26.09% above the average, while the minimum instance value is 14.89% below the      
          average.                                                                                                      

  layer_norm_kernel(const float *, float *, int) (1, 4, 1)x(256, 1, 1), Context 1, Stream 7, Device 0, CC 8.9
    Section: GPU Speed Of Light Throughput
    ----------------------- ------------- ------------
    Metric Name               Metric Unit Metric Value
    ----------------------- ------------- ------------
    DRAM Frequency          cycle/nsecond         8.09
    SM Frequency            cycle/nsecond         1.92
    Elapsed Cycles                  cycle        38693
    Memory Throughput                   %         7.08
    DRAM Throughput                     %         1.49
    Duration                      usecond        20.19
    L1/TEX Cache Throughput             %        44.85
    L2 Cache Throughput                 %         5.87
    SM Active Cycles                cycle      6091.50
    Compute (SM) Throughput             %         0.45
    ----------------------- ------------- ------------

    OPT   This kernel grid is too small to fill the available resources on this device, resulting in only 0.0 full      
          waves across all SMs. Look at Launch Statistics for more details.                                             

    Section: Launch Statistics
    -------------------------------- --------------- ---------------
    Metric Name                          Metric Unit    Metric Value
    -------------------------------- --------------- ---------------
    Block Size                                                   256
    Function Cache Configuration                     CachePreferNone
    Grid Size                                                      4
    Registers Per Thread             register/thread              40
    Shared Memory Configuration Size           Kbyte           16.38
    Driver Shared Memory Per Block       Kbyte/block            1.02
    Dynamic Shared Memory Per Block       byte/block               0
    Static Shared Memory Per Block        byte/block               0
    # SMs                                         SM              24
    Threads                                   thread            1024
    Uses Green Context                                             0
    Waves Per SM                                                0.03
    -------------------------------- --------------- ---------------

    OPT   Est. Speedup: 83.33%                                                                                          
          The grid for this launch is configured to execute only 4 blocks, which is less than the GPU's 24              
          multiprocessors. This can underutilize some multiprocessors. If you do not intend to execute this kernel      
          concurrently with other workloads, consider reducing the block size to have at least one block per            
          multiprocessor or increase the size of the grid to fully utilize the available hardware resources. See the    
          Hardware Model (https://docs.nvidia.com/nsight-compute/ProfilingGuide/index.html#metrics-hw-model)            
          description for more details on launch configurations.                                                        

    Section: Occupancy
    ------------------------------- ----------- ------------
    Metric Name                     Metric Unit Metric Value
    ------------------------------- ----------- ------------
    Block Limit SM                        block           24
    Block Limit Registers                 block            6
    Block Limit Shared Mem                block           16
    Block Limit Warps                     block            6
    Theoretical Active Warps per SM        warp           48
    Theoretical Occupancy                     %          100
    Achieved Occupancy                        %         2.20
    Achieved Active Warps Per SM           warp         1.06
    ------------------------------- ----------- ------------

    OPT   Est. Local Speedup: 97.8%                                                                                     
          The difference between calculated theoretical (100.0%) and measured achieved occupancy (2.2%) can be the      
          result of warp scheduling overheads or workload imbalances during the kernel execution. Load imbalances can   
          occur between warps within a block as well as across blocks of the same kernel. See the CUDA Best Practices   
          Guide (https://docs.nvidia.com/cuda/cuda-c-best-practices-guide/index.html#occupancy) for more details on     
          optimizing occupancy.                                                                                         

    Section: GPU and Memory Workload Distribution
    -------------------------- ----------- ------------
    Metric Name                Metric Unit Metric Value
    -------------------------- ----------- ------------
    Average DRAM Active Cycles       cycle         2428
    Total DRAM Elapsed Cycles        cycle       653312
    Average L1 Active Cycles         cycle      6091.50
    Total L1 Elapsed Cycles          cycle       926168
    Average L2 Active Cycles         cycle     13157.50
    Total L2 Elapsed Cycles          cycle       585104
    Average SM Active Cycles         cycle      6091.50
    Total SM Elapsed Cycles          cycle       926168
    Average SMSP Active Cycles       cycle      1591.77
    Total SMSP Elapsed Cycles        cycle      3704672
    -------------------------- ----------- ------------

    OPT   Est. Speedup: 13.17%                                                                                          
          One or more SMs have a much lower number of active cycles than the average number of active cycles. Maximum   
          instance value is 83.44% above the average, while the minimum instance value is 100.00% below the average.    
    ----- --------------------------------------------------------------------------------------------------------------
    OPT   Est. Speedup: 13.17%                                                                                          
          One or more L1 Slices have a much lower number of active cycles than the average number of active cycles.     
          Maximum instance value is 83.44% above the average, while the minimum instance value is 100.00% below the     
          average.                                                                                                      
    ----- --------------------------------------------------------------------------------------------------------------
    OPT   Est. Speedup: 6.008%                                                                                          
          One or more L2 Slices have a much higher number of active cycles than the average number of active cycles.    
          Maximum instance value is 16.70% above the average, while the minimum instance value is 2.57% below the       
          average.                                                                                                      

  conv1d_kernel(const float *, const float *, float *, int, int) (64, 4, 1)x(256, 1, 1), Context 1, Stream 7, Device 0, CC 8.9
    Section: GPU Speed Of Light Throughput
    ----------------------- ------------- ------------
    Metric Name               Metric Unit Metric Value
    ----------------------- ------------- ------------
    DRAM Frequency          cycle/nsecond         8.09
    SM Frequency            cycle/nsecond         1.92
    Elapsed Cycles                  cycle      1122187
    Memory Throughput                   %        94.52
    DRAM Throughput                     %         0.57
    Duration                      usecond       584.54
    L1/TEX Cache Throughput             %        99.69
    L2 Cache Throughput                 %        57.67
    SM Active Cycles                cycle   1063180.42
    Compute (SM) Throughput             %        11.48
    ----------------------- ------------- ------------

    INF   The kernel is utilizing greater than 80.0% of the available compute or memory performance of the device. To   
          further improve performance, work will likely need to be shifted from the most utilized to another unit.      
          Start by analyzing L1 in the Memory Workload Analysis section.                                                

    Section: Launch Statistics
    -------------------------------- --------------- ---------------
    Metric Name                          Metric Unit    Metric Value
    -------------------------------- --------------- ---------------
    Block Size                                                   256
    Function Cache Configuration                     CachePreferNone
    Grid Size                                                    256
    Registers Per Thread             register/thread              40
    Shared Memory Configuration Size           Kbyte           16.38
    Driver Shared Memory Per Block       Kbyte/block            1.02
    Dynamic Shared Memory Per Block       byte/block               0
    Static Shared Memory Per Block        byte/block               0
    # SMs                                         SM              24
    Threads                                   thread           65536
    Uses Green Context                                             0
    Waves Per SM                                                1.78
    -------------------------------- --------------- ---------------

    Section: Occupancy
    ------------------------------- ----------- ------------
    Metric Name                     Metric Unit Metric Value
    ------------------------------- ----------- ------------
    Block Limit SM                        block           24
    Block Limit Registers                 block            6
    Block Limit Shared Mem                block           16
    Block Limit Warps                     block            6
    Theoretical Active Warps per SM        warp           48
    Theoretical Occupancy                     %          100
    Achieved Occupancy                        %        81.69
    Achieved Active Warps Per SM           warp        39.21
    ------------------------------- ----------- ------------

    OPT   Est. Local Speedup: 18.31%                                                                                    
          The difference between calculated theoretical (100.0%) and measured achieved occupancy (81.7%) can be the     
          result of warp scheduling overheads or workload imbalances during the kernel execution. Load imbalances can   
          occur between warps within a block as well as across blocks of the same kernel. See the CUDA Best Practices   
          Guide (https://docs.nvidia.com/cuda/cuda-c-best-practices-guide/index.html#occupancy) for more details on     
          optimizing occupancy.                                                                                         

    Section: GPU and Memory Workload Distribution
    -------------------------- ----------- ------------
    Metric Name                Metric Unit Metric Value
    -------------------------- ----------- ------------
    Average DRAM Active Cycles       cycle        26996
    Total DRAM Elapsed Cycles        cycle     18919424
    Average L1 Active Cycles         cycle   1063180.42
    Total L1 Elapsed Cycles          cycle     26913064
    Average L2 Active Cycles         cycle   1055119.31
    Total L2 Elapsed Cycles          cycle     16972912
    Average SM Active Cycles         cycle   1063180.42
    Total SM Elapsed Cycles          cycle     26913064
    Average SMSP Active Cycles       cycle   1061974.67
    Total SMSP Elapsed Cycles        cycle    107652256
    -------------------------- ----------- ------------

  linear_proj_kernel(const float *, const float *, float *, int, int) (32, 4, 1)x(256, 1, 1), Context 1, Stream 7, Device 0, CC 8.9
    Section: GPU Speed Of Light Throughput
    ----------------------- ------------- ------------
    Metric Name               Metric Unit Metric Value
    ----------------------- ------------- ------------
    DRAM Frequency          cycle/nsecond         8.09
    SM Frequency            cycle/nsecond         1.92
    Elapsed Cycles                  cycle       407878
    Memory Throughput                   %        86.85
    DRAM Throughput                     %         0.96
    Duration                      usecond       212.48
    L1/TEX Cache Throughput             %        98.51
    L2 Cache Throughput                 %        13.13
    SM Active Cycles                cycle    360696.83
    Compute (SM) Throughput             %         6.79
    ----------------------- ------------- ------------

    INF   The kernel is utilizing greater than 80.0% of the available compute or memory performance of the device. To   
          further improve performance, work will likely need to be shifted from the most utilized to another unit.      
          Start by analyzing L1 in the Memory Workload Analysis section.                                                

    Section: Launch Statistics
    -------------------------------- --------------- ---------------
    Metric Name                          Metric Unit    Metric Value
    -------------------------------- --------------- ---------------
    Block Size                                                   256
    Function Cache Configuration                     CachePreferNone
    Grid Size                                                    128
    Registers Per Thread             register/thread              40
    Shared Memory Configuration Size           Kbyte           65.54
    Driver Shared Memory Per Block       Kbyte/block            1.02
    Dynamic Shared Memory Per Block       byte/block               0
    Static Shared Memory Per Block       Kbyte/block            2.05
    # SMs                                         SM              24
    Threads                                   thread           32768
    Uses Green Context                                             0
    Waves Per SM                                                0.89
    -------------------------------- --------------- ---------------

    Section: Occupancy
    ------------------------------- ----------- ------------
    Metric Name                     Metric Unit Metric Value
    ------------------------------- ----------- ------------
    Block Limit SM                        block           24
    Block Limit Registers                 block            6
    Block Limit Shared Mem                block           21
    Block Limit Warps                     block            6
    Theoretical Active Warps per SM        warp           48
    Theoretical Occupancy                     %          100
    Achieved Occupancy                        %        37.85
    Achieved Active Warps Per SM           warp        18.17
    ------------------------------- ----------- ------------

    OPT   Est. Local Speedup: 62.15%                                                                                    
          The difference between calculated theoretical (100.0%) and measured achieved occupancy (37.8%) can be the     
          result of warp scheduling overheads or workload imbalances during the kernel execution. Load imbalances can   
          occur between warps within a block as well as across blocks of the same kernel. See the CUDA Best Practices   
          Guide (https://docs.nvidia.com/cuda/cuda-c-best-practices-guide/index.html#occupancy) for more details on     
          optimizing occupancy.                                                                                         

    Section: GPU and Memory Workload Distribution
    -------------------------- ----------- ------------
    Metric Name                Metric Unit Metric Value
    -------------------------- ----------- ------------
    Average DRAM Active Cycles       cycle        16584
    Total DRAM Elapsed Cycles        cycle      6876160
    Average L1 Active Cycles         cycle    360696.83
    Total L1 Elapsed Cycles          cycle      9818304
    Average L2 Active Cycles         cycle    342978.56
    Total L2 Elapsed Cycles          cycle      6169008
    Average SM Active Cycles         cycle    360696.83
    Total SM Elapsed Cycles          cycle      9818304
    Average SMSP Active Cycles       cycle    358564.62
    Total SMSP Elapsed Cycles        cycle     39273216
    -------------------------- ----------- ------------

    OPT   Est. Speedup: 9.837%                                                                                          
          One or more SMs have a much higher number of active cycles than the average number of active cycles. Maximum  
          instance value is 11.16% above the average, while the minimum instance value is 6.46% below the average.      
    ----- --------------------------------------------------------------------------------------------------------------
    OPT   Est. Speedup: 10.3%                                                                                           
          One or more SMSPs have a much higher number of active cycles than the average number of active cycles.        
          Additionally, other SMSPs have a much lower number of active cycles than the average number of active         
          cycles. Maximum instance value is 11.75% above the average, while the minimum instance value is 11.00% below  
          the average.                                                                                                  
    ----- --------------------------------------------------------------------------------------------------------------
    OPT   Est. Speedup: 9.837%                                                                                          
          One or more L1 Slices have a much higher number of active cycles than the average number of active cycles.    
          Maximum instance value is 11.16% above the average, while the minimum instance value is 6.46% below the       
          average.                                                                                                      

  residual_kernel(float *, const float *, int) (64, 1, 1)x(256, 1, 1), Context 1, Stream 7, Device 0, CC 8.9
    Section: GPU Speed Of Light Throughput
    ----------------------- ------------- ------------
    Metric Name               Metric Unit Metric Value
    ----------------------- ------------- ------------
    DRAM Frequency          cycle/nsecond         7.89
    SM Frequency            cycle/nsecond         1.89
    Elapsed Cycles                  cycle         4422
    Memory Throughput                   %        22.83
    DRAM Throughput                     %        22.83
    Duration                      usecond         2.34
    L1/TEX Cache Throughput             %         7.09
    L2 Cache Throughput                 %         6.25
    SM Active Cycles                cycle      2407.04
    Compute (SM) Throughput             %         3.80
    ----------------------- ------------- ------------

    OPT   This kernel grid is too small to fill the available resources on this device, resulting in only 0.4 full      
          waves across all SMs. Look at Launch Statistics for more details.                                             

    Section: Launch Statistics
    -------------------------------- --------------- ---------------
    Metric Name                          Metric Unit    Metric Value
    -------------------------------- --------------- ---------------
    Block Size                                                   256
    Function Cache Configuration                     CachePreferNone
    Grid Size                                                     64
    Registers Per Thread             register/thread              16
    Shared Memory Configuration Size           Kbyte           16.38
    Driver Shared Memory Per Block       Kbyte/block            1.02
    Dynamic Shared Memory Per Block       byte/block               0
    Static Shared Memory Per Block        byte/block               0
    # SMs                                         SM              24
    Threads                                   thread           16384
    Uses Green Context                                             0
    Waves Per SM                                                0.44
    -------------------------------- --------------- ---------------

    Section: Occupancy
    ------------------------------- ----------- ------------
    Metric Name                     Metric Unit Metric Value
    ------------------------------- ----------- ------------
    Block Limit SM                        block           24
    Block Limit Registers                 block           16
    Block Limit Shared Mem                block           16
    Block Limit Warps                     block            6
    Theoretical Active Warps per SM        warp           48
    Theoretical Occupancy                     %          100
    Achieved Occupancy                        %        38.00
    Achieved Active Warps Per SM           warp        18.24
    ------------------------------- ----------- ------------

    OPT   Est. Local Speedup: 62%                                                                                       
          The difference between calculated theoretical (100.0%) and measured achieved occupancy (38.0%) can be the     
          result of warp scheduling overheads or workload imbalances during the kernel execution. Load imbalances can   
          occur between warps within a block as well as across blocks of the same kernel. See the CUDA Best Practices   
          Guide (https://docs.nvidia.com/cuda/cuda-c-best-practices-guide/index.html#occupancy) for more details on     
          optimizing occupancy.                                                                                         

    Section: GPU and Memory Workload Distribution
    -------------------------- ----------- ------------
    Metric Name                Metric Unit Metric Value
    -------------------------- ----------- ------------
    Average DRAM Active Cycles       cycle         4208
    Total DRAM Elapsed Cycles        cycle        73728
    Average L1 Active Cycles         cycle      2407.04
    Total L1 Elapsed Cycles          cycle       107720
    Average L2 Active Cycles         cycle      1545.75
    Total L2 Elapsed Cycles          cycle        66864
    Average SM Active Cycles         cycle      2407.04
    Total SM Elapsed Cycles          cycle       107720
    Average SMSP Active Cycles       cycle      2295.73
    Total SMSP Elapsed Cycles        cycle       430880
    -------------------------- ----------- ------------

    OPT   Est. Speedup: 6.397%                                                                                          
          One or more L2 Slices have a much higher number of active cycles than the average number of active cycles.    
          Maximum instance value is 17.30% above the average, while the minimum instance value is 7.62% below the       
          average.                                                                                                      

