==PROF== Connected to process 2943 (/workspace/P5/main)
==PROF== Profiling "layer_norm_kernel" - 0: 0%....50%....100% - 8 passes
==PROF== Profiling "linear_proj_kernel" - 1: 0%....50%....100% - 8 passes
==PROF== Profiling "linear_proj_kernel" - 2: 0%....50%....100% - 8 passes
==PROF== Profiling "linear_proj_kernel" - 3: 0%....50%....100% - 8 passes
==PROF== Profiling "qkt_kernel" - 4: 0%....50%....100% - 8 passes
==PROF== Profiling "softmax_kernel(float *)" - 5: 0%....50%....100% - 8 passes
==PROF== Profiling "av_kernel" - 6: 0%....50%....100% - 8 passes
==PROF== Profiling "residual_kernel" - 7: 0%....50%....100% - 8 passes
==PROF== Profiling "layer_norm_kernel" - 8: 0%....50%....100% - 8 passes
==PROF== Profiling "conv1d_kernel" - 9: 0%....50%....100% - 8 passes
==PROF== Profiling "linear_proj_kernel" - 10: 0%....50%....100% - 8 passes
==PROF== Profiling "residual_kernel" - 11: 0%....50%....100% - 8 passes
Starting VITS Text Encoder Simulation (Part 5 Multi-pattern)...
Encoder Simulation Completed.
Patterns: 2 | Block size: 256
Kernel time: 1332.6929 ms (666.3464 ms / pattern)
Pattern-0 Checksum: 99.228035
==PROF== Disconnected from process 2943
[2943] main@127.0.0.1
  layer_norm_kernel(const float *, float *, int) (1, 2, 1)x(256, 1, 1), Context 1, Stream 7, Device 0, CC 8.9
    Section: GPU Speed Of Light Throughput
    ----------------------- ------------- ------------
    Metric Name               Metric Unit Metric Value
    ----------------------- ------------- ------------
    DRAM Frequency          cycle/nsecond         8.08
    SM Frequency            cycle/nsecond         1.91
    Elapsed Cycles                  cycle        38480
    Memory Throughput                   %         3.53
    DRAM Throughput                     %         0.87
    Duration                      usecond        20.10
    L1/TEX Cache Throughput             %        44.97
    L2 Cache Throughput                 %         2.99
    SM Active Cycles                cycle      3037.92
    Compute (SM) Throughput             %         0.22
    ----------------------- ------------- ------------

    OPT   This kernel grid is too small to fill the available resources on this device, resulting in only 0.0 full      
          waves across all SMs. Look at Launch Statistics for more details.                                             

    Section: Launch Statistics
    -------------------------------- --------------- ---------------
    Metric Name                          Metric Unit    Metric Value
    -------------------------------- --------------- ---------------
    Block Size                                                   256
    Function Cache Configuration                     CachePreferNone
    Grid Size                                                      2
    Registers Per Thread             register/thread              40
    Shared Memory Configuration Size           Kbyte           16.38
    Driver Shared Memory Per Block       Kbyte/block            1.02
    Dynamic Shared Memory Per Block       byte/block               0
    Static Shared Memory Per Block        byte/block               0
    # SMs                                         SM              24
    Threads                                   thread             512
    Uses Green Context                                             0
    Waves Per SM                                                0.01
    -------------------------------- --------------- ---------------

    OPT   Est. Speedup: 91.67%                                                                                          
          The grid for this launch is configured to execute only 2 blocks, which is less than the GPU's 24              
          multiprocessors. This can underutilize some multiprocessors. If you do not intend to execute this kernel      
          concurrently with other workloads, consider reducing the block size to have at least one block per            
          multiprocessor or increase the size of the grid to fully utilize the available hardware resources. See the    
          Hardware Model (https://docs.nvidia.com/nsight-compute/ProfilingGuide/index.html#metrics-hw-model)            
          description for more details on launch configurations.                                                        

    Section: Occupancy
    ------------------------------- ----------- ------------
    Metric Name                     Metric Unit Metric Value
    ------------------------------- ----------- ------------
    Block Limit SM                        block           24
    Block Limit Registers                 block            6
    Block Limit Shared Mem                block           16
    Block Limit Warps                     block            6
    Theoretical Active Warps per SM        warp           48
    Theoretical Occupancy                     %          100
    Achieved Occupancy                        %         2.22
    Achieved Active Warps Per SM           warp         1.07
    ------------------------------- ----------- ------------

    OPT   Est. Local Speedup: 97.78%                                                                                    
          The difference between calculated theoretical (100.0%) and measured achieved occupancy (2.2%) can be the      
          result of warp scheduling overheads or workload imbalances during the kernel execution. Load imbalances can   
          occur between warps within a block as well as across blocks of the same kernel. See the CUDA Best Practices   
          Guide (https://docs.nvidia.com/cuda/cuda-c-best-practices-guide/index.html#occupancy) for more details on     
          optimizing occupancy.                                                                                         

    Section: GPU and Memory Workload Distribution
    -------------------------- ----------- ------------
    Metric Name                Metric Unit Metric Value
    -------------------------- ----------- ------------
    Average DRAM Active Cycles       cycle         1404
    Total DRAM Elapsed Cycles        cycle       649216
    Average L1 Active Cycles         cycle      3037.92
    Total L1 Elapsed Cycles          cycle       928888
    Average L2 Active Cycles         cycle      9900.69
    Total L2 Elapsed Cycles          cycle       582016
    Average SM Active Cycles         cycle      3037.92
    Total SM Elapsed Cycles          cycle       928888
    Average SMSP Active Cycles       cycle       776.06
    Total SMSP Elapsed Cycles        cycle      3715552
    -------------------------- ----------- ------------

    OPT   Est. Speedup: 7.197%                                                                                          
          One or more SMs have a much lower number of active cycles than the average number of active cycles. Maximum   
          instance value is 91.69% above the average, while the minimum instance value is 100.00% below the average.    
    ----- --------------------------------------------------------------------------------------------------------------
    OPT   Est. Speedup: 7.197%                                                                                          
          One or more L1 Slices have a much lower number of active cycles than the average number of active cycles.     
          Maximum instance value is 91.69% above the average, while the minimum instance value is 100.00% below the     
          average.                                                                                                      
    ----- --------------------------------------------------------------------------------------------------------------
    OPT   Est. Speedup: 6.237%                                                                                          
          One or more L2 Slices have a much higher number of active cycles than the average number of active cycles.    
          Maximum instance value is 22.92% above the average, while the minimum instance value is 5.07% below the       
          average.                                                                                                      

  linear_proj_kernel(const float *, const float *, float *, int, int) (32, 2, 1)x(256, 1, 1), Context 1, Stream 7, Device 0, CC 8.9
    Section: GPU Speed Of Light Throughput
    ----------------------- ------------- ------------
    Metric Name               Metric Unit Metric Value
    ----------------------- ------------- ------------
    DRAM Frequency          cycle/nsecond         8.09
    SM Frequency            cycle/nsecond         1.92
    Elapsed Cycles                  cycle        55867
    Memory Throughput                   %        80.54
    DRAM Throughput                     %         1.38
    Duration                      usecond        29.12
    L1/TEX Cache Throughput             %        94.26
    L2 Cache Throughput                 %         5.93
    SM Active Cycles                cycle     47151.17
    Compute (SM) Throughput             %         6.38
    ----------------------- ------------- ------------

    INF   The kernel is utilizing greater than 80.0% of the available compute or memory performance of the device. To   
          further improve performance, work will likely need to be shifted from the most utilized to another unit.      
          Start by analyzing L1 in the Memory Workload Analysis section.                                                

    Section: Launch Statistics
    -------------------------------- --------------- ---------------
    Metric Name                          Metric Unit    Metric Value
    -------------------------------- --------------- ---------------
    Block Size                                                   256
    Function Cache Configuration                     CachePreferNone
    Grid Size                                                     64
    Registers Per Thread             register/thread              40
    Shared Memory Configuration Size           Kbyte           65.54
    Driver Shared Memory Per Block       Kbyte/block            1.02
    Dynamic Shared Memory Per Block       byte/block               0
    Static Shared Memory Per Block       Kbyte/block            2.05
    # SMs                                         SM              24
    Threads                                   thread           16384
    Uses Green Context                                             0
    Waves Per SM                                                0.44
    -------------------------------- --------------- ---------------

    Section: Occupancy
    ------------------------------- ----------- ------------
    Metric Name                     Metric Unit Metric Value
    ------------------------------- ----------- ------------
    Block Limit SM                        block           24
    Block Limit Registers                 block            6
    Block Limit Shared Mem                block           21
    Block Limit Warps                     block            6
    Theoretical Active Warps per SM        warp           48
    Theoretical Occupancy                     %          100
    Achieved Occupancy                        %        22.94
    Achieved Active Warps Per SM           warp        11.01
    ------------------------------- ----------- ------------

    OPT   Est. Local Speedup: 77.06%                                                                                    
          The difference between calculated theoretical (100.0%) and measured achieved occupancy (22.9%) can be the     
          result of warp scheduling overheads or workload imbalances during the kernel execution. Load imbalances can   
          occur between warps within a block as well as across blocks of the same kernel. See the CUDA Best Practices   
          Guide (https://docs.nvidia.com/cuda/cuda-c-best-practices-guide/index.html#occupancy) for more details on     
          optimizing occupancy.                                                                                         

    Section: GPU and Memory Workload Distribution
    -------------------------- ----------- ------------
    Metric Name                Metric Unit Metric Value
    -------------------------- ----------- ------------
    Average DRAM Active Cycles       cycle         3244
    Total DRAM Elapsed Cycles        cycle       942080
    Average L1 Active Cycles         cycle     47151.17
    Total L1 Elapsed Cycles          cycle      1324416
    Average L2 Active Cycles         cycle     24996.31
    Total L2 Elapsed Cycles          cycle       844912
    Average SM Active Cycles         cycle     47151.17
    Total SM Elapsed Cycles          cycle      1324416
    Average SMSP Active Cycles       cycle     46527.36
    Total SMSP Elapsed Cycles        cycle      5297664
    -------------------------- ----------- ------------

    OPT   Est. Speedup: 10.77%                                                                                          
          One or more SMs have a much lower number of active cycles than the average number of active cycles. Maximum   
          instance value is 12.60% above the average, while the minimum instance value is 24.35% below the average.     
    ----- --------------------------------------------------------------------------------------------------------------
    OPT   Est. Speedup: 10.91%                                                                                          
          One or more SMSPs have a much lower number of active cycles than the average number of active cycles. Maximum 
          instance value is 12.94% above the average, while the minimum instance value is 27.76% below the average.     
    ----- --------------------------------------------------------------------------------------------------------------
    OPT   Est. Speedup: 10.77%                                                                                          
          One or more L1 Slices have a much lower number of active cycles than the average number of active cycles.     
          Maximum instance value is 12.60% above the average, while the minimum instance value is 24.35% below the      
          average.                                                                                                      
    ----- --------------------------------------------------------------------------------------------------------------
    OPT   Est. Speedup: 5.789%                                                                                          
          One or more L2 Slices have a much higher number of active cycles than the average number of active cycles.    
          Maximum instance value is 12.23% above the average, while the minimum instance value is 1.83% below the       
          average.                                                                                                      

  linear_proj_kernel(const float *, const float *, float *, int, int) (32, 2, 1)x(256, 1, 1), Context 1, Stream 7, Device 0, CC 8.9
    Section: GPU Speed Of Light Throughput
    ----------------------- ------------- ------------
    Metric Name               Metric Unit Metric Value
    ----------------------- ------------- ------------
    DRAM Frequency          cycle/nsecond         8.08
    SM Frequency            cycle/nsecond         1.92
    Elapsed Cycles                  cycle        55390
    Memory Throughput                   %        80.04
    DRAM Throughput                     %         1.39
    Duration                      usecond        28.90
    L1/TEX Cache Throughput             %        94.22
    L2 Cache Throughput                 %         5.99
    SM Active Cycles                cycle     47170.17
    Compute (SM) Throughput             %         6.34
    ----------------------- ------------- ------------

    INF   The kernel is utilizing greater than 80.0% of the available compute or memory performance of the device. To   
          further improve performance, work will likely need to be shifted from the most utilized to another unit.      
          Start by analyzing L1 in the Memory Workload Analysis section.                                                

    Section: Launch Statistics
    -------------------------------- --------------- ---------------
    Metric Name                          Metric Unit    Metric Value
    -------------------------------- --------------- ---------------
    Block Size                                                   256
    Function Cache Configuration                     CachePreferNone
    Grid Size                                                     64
    Registers Per Thread             register/thread              40
    Shared Memory Configuration Size           Kbyte           65.54
    Driver Shared Memory Per Block       Kbyte/block            1.02
    Dynamic Shared Memory Per Block       byte/block               0
    Static Shared Memory Per Block       Kbyte/block            2.05
    # SMs                                         SM              24
    Threads                                   thread           16384
    Uses Green Context                                             0
    Waves Per SM                                                0.44
    -------------------------------- --------------- ---------------

    Section: Occupancy
    ------------------------------- ----------- ------------
    Metric Name                     Metric Unit Metric Value
    ------------------------------- ----------- ------------
    Block Limit SM                        block           24
    Block Limit Registers                 block            6
    Block Limit Shared Mem                block           21
    Block Limit Warps                     block            6
    Theoretical Active Warps per SM        warp           48
    Theoretical Occupancy                     %          100
    Achieved Occupancy                        %        22.97
    Achieved Active Warps Per SM           warp        11.03
    ------------------------------- ----------- ------------

    OPT   Est. Local Speedup: 77.03%                                                                                    
          The difference between calculated theoretical (100.0%) and measured achieved occupancy (23.0%) can be the     
          result of warp scheduling overheads or workload imbalances during the kernel execution. Load imbalances can   
          occur between warps within a block as well as across blocks of the same kernel. See the CUDA Best Practices   
          Guide (https://docs.nvidia.com/cuda/cuda-c-best-practices-guide/index.html#occupancy) for more details on     
          optimizing occupancy.                                                                                         

    Section: GPU and Memory Workload Distribution
    -------------------------- ----------- ------------
    Metric Name                Metric Unit Metric Value
    -------------------------- ----------- ------------
    Average DRAM Active Cycles       cycle         3244
    Total DRAM Elapsed Cycles        cycle       933888
    Average L1 Active Cycles         cycle     47170.17
    Total L1 Elapsed Cycles          cycle      1332536
    Average L2 Active Cycles         cycle     25807.50
    Total L2 Elapsed Cycles          cycle       837712
    Average SM Active Cycles         cycle     47170.17
    Total SM Elapsed Cycles          cycle      1332536
    Average SMSP Active Cycles       cycle     46506.25
    Total SMSP Elapsed Cycles        cycle      5330144
    -------------------------- ----------- ------------

    OPT   Est. Speedup: 10.03%                                                                                          
          One or more SMs have a much lower number of active cycles than the average number of active cycles. Maximum   
          instance value is 11.81% above the average, while the minimum instance value is 24.34% below the average.     
    ----- --------------------------------------------------------------------------------------------------------------
    OPT   Est. Speedup: 10.37%                                                                                          
          One or more SMSPs have a much lower number of active cycles than the average number of active cycles. Maximum 
          instance value is 12.38% above the average, while the minimum instance value is 25.63% below the average.     
    ----- --------------------------------------------------------------------------------------------------------------
    OPT   Est. Speedup: 10.03%                                                                                          
          One or more L1 Slices have a much lower number of active cycles than the average number of active cycles.     
          Maximum instance value is 11.81% above the average, while the minimum instance value is 24.34% below the      
          average.                                                                                                      
    ----- --------------------------------------------------------------------------------------------------------------
    OPT   Est. Speedup: 5.444%                                                                                          
          One or more L2 Slices have a much higher number of active cycles than the average number of active cycles.    
          Maximum instance value is 11.05% above the average, while the minimum instance value is 2.16% below the       
          average.                                                                                                      

  linear_proj_kernel(const float *, const float *, float *, int, int) (32, 2, 1)x(256, 1, 1), Context 1, Stream 7, Device 0, CC 8.9
    Section: GPU Speed Of Light Throughput
    ----------------------- ------------- ------------
    Metric Name               Metric Unit Metric Value
    ----------------------- ------------- ------------
    DRAM Frequency          cycle/nsecond         8.08
    SM Frequency            cycle/nsecond         1.92
    Elapsed Cycles                  cycle        55091
    Memory Throughput                   %        80.53
    DRAM Throughput                     %         1.40
    Duration                      usecond        28.74
    L1/TEX Cache Throughput             %        94.46
    L2 Cache Throughput                 %         6.01
    SM Active Cycles                cycle     47045.83
    Compute (SM) Throughput             %         6.38
    ----------------------- ------------- ------------

    INF   The kernel is utilizing greater than 80.0% of the available compute or memory performance of the device. To   
          further improve performance, work will likely need to be shifted from the most utilized to another unit.      
          Start by analyzing L1 in the Memory Workload Analysis section.                                                

    Section: Launch Statistics
    -------------------------------- --------------- ---------------
    Metric Name                          Metric Unit    Metric Value
    -------------------------------- --------------- ---------------
    Block Size                                                   256
    Function Cache Configuration                     CachePreferNone
    Grid Size                                                     64
    Registers Per Thread             register/thread              40
    Shared Memory Configuration Size           Kbyte           65.54
    Driver Shared Memory Per Block       Kbyte/block            1.02
    Dynamic Shared Memory Per Block       byte/block               0
    Static Shared Memory Per Block       Kbyte/block            2.05
    # SMs                                         SM              24
    Threads                                   thread           16384
    Uses Green Context                                             0
    Waves Per SM                                                0.44
    -------------------------------- --------------- ---------------

    Section: Occupancy
    ------------------------------- ----------- ------------
    Metric Name                     Metric Unit Metric Value
    ------------------------------- ----------- ------------
    Block Limit SM                        block           24
    Block Limit Registers                 block            6
    Block Limit Shared Mem                block           21
    Block Limit Warps                     block            6
    Theoretical Active Warps per SM        warp           48
    Theoretical Occupancy                     %          100
    Achieved Occupancy                        %        23.18
    Achieved Active Warps Per SM           warp        11.13
    ------------------------------- ----------- ------------

    OPT   Est. Local Speedup: 76.82%                                                                                    
          The difference between calculated theoretical (100.0%) and measured achieved occupancy (23.2%) can be the     
          result of warp scheduling overheads or workload imbalances during the kernel execution. Load imbalances can   
          occur between warps within a block as well as across blocks of the same kernel. See the CUDA Best Practices   
          Guide (https://docs.nvidia.com/cuda/cuda-c-best-practices-guide/index.html#occupancy) for more details on     
          optimizing occupancy.                                                                                         

    Section: GPU and Memory Workload Distribution
    -------------------------- ----------- ------------
    Metric Name                Metric Unit Metric Value
    -------------------------- ----------- ------------
    Average DRAM Active Cycles       cycle         3244
    Total DRAM Elapsed Cycles        cycle       928768
    Average L1 Active Cycles         cycle     47045.83
    Total L1 Elapsed Cycles          cycle      1324536
    Average L2 Active Cycles         cycle     26074.12
    Total L2 Elapsed Cycles          cycle       833200
    Average SM Active Cycles         cycle     47045.83
    Total SM Elapsed Cycles          cycle      1324536
    Average SMSP Active Cycles       cycle     46557.30
    Total SMSP Elapsed Cycles        cycle      5298144
    -------------------------- ----------- ------------

    OPT   Est. Speedup: 9.837%                                                                                          
          One or more SMs have a much lower number of active cycles than the average number of active cycles. Maximum   
          instance value is 11.54% above the average, while the minimum instance value is 24.15% below the average.     
    ----- --------------------------------------------------------------------------------------------------------------
    OPT   Est. Speedup: 10.94%                                                                                          
          One or more SMSPs have a much lower number of active cycles than the average number of active cycles. Maximum 
          instance value is 12.96% above the average, while the minimum instance value is 28.43% below the average.     
    ----- --------------------------------------------------------------------------------------------------------------
    OPT   Est. Speedup: 9.837%                                                                                          
          One or more L1 Slices have a much lower number of active cycles than the average number of active cycles.     
          Maximum instance value is 11.54% above the average, while the minimum instance value is 24.15% below the      
          average.                                                                                                      
    ----- --------------------------------------------------------------------------------------------------------------
    OPT   Est. Speedup: 6.528%                                                                                          
          One or more L2 Slices have a much higher number of active cycles than the average number of active cycles.    
          Maximum instance value is 13.04% above the average, while the minimum instance value is 2.73% below the       
          average.                                                                                                      

  qkt_kernel(const float *, const float *, float *, float) (16, 2, 1)x(256, 1, 1), Context 1, Stream 7, Device 0, CC 8.9
    Section: GPU Speed Of Light Throughput
    ----------------------- ------------- ------------
    Metric Name               Metric Unit Metric Value
    ----------------------- ------------- ------------
    DRAM Frequency          cycle/nsecond         8.07
    SM Frequency            cycle/nsecond         1.91
    Elapsed Cycles                  cycle        20692
    Memory Throughput                   %        55.09
    DRAM Throughput                     %         2.51
    Duration                      usecond        10.82
    L1/TEX Cache Throughput             %        87.24
    L2 Cache Throughput                 %         1.82
    SM Active Cycles                cycle     12940.79
    Compute (SM) Throughput             %         6.87
    ----------------------- ------------- ------------

    OPT   This kernel grid is too small to fill the available resources on this device, resulting in only 0.2 full      
          waves across all SMs. Look at Launch Statistics for more details.                                             

    Section: Launch Statistics
    -------------------------------- --------------- ---------------
    Metric Name                          Metric Unit    Metric Value
    -------------------------------- --------------- ---------------
    Block Size                                                   256
    Function Cache Configuration                     CachePreferNone
    Grid Size                                                     32
    Registers Per Thread             register/thread              40
    Shared Memory Configuration Size           Kbyte           16.38
    Driver Shared Memory Per Block       Kbyte/block            1.02
    Dynamic Shared Memory Per Block       byte/block               0
    Static Shared Memory Per Block        byte/block               0
    # SMs                                         SM              24
    Threads                                   thread            8192
    Uses Green Context                                             0
    Waves Per SM                                                0.22
    -------------------------------- --------------- ---------------

    OPT   If you execute __syncthreads() to synchronize the threads of a block, it is recommended to have more than the 
          achieved 1 blocks per multiprocessor. This way, blocks that aren't waiting for __syncthreads() can keep the   
          hardware busy.                                                                                                

    Section: Occupancy
    ------------------------------- ----------- ------------
    Metric Name                     Metric Unit Metric Value
    ------------------------------- ----------- ------------
    Block Limit SM                        block           24
    Block Limit Registers                 block            6
    Block Limit Shared Mem                block           16
    Block Limit Warps                     block            6
    Theoretical Active Warps per SM        warp           48
    Theoretical Occupancy                     %          100
    Achieved Occupancy                        %        22.57
    Achieved Active Warps Per SM           warp        10.83
    ------------------------------- ----------- ------------

    OPT   Est. Local Speedup: 77.43%                                                                                    
          The difference between calculated theoretical (100.0%) and measured achieved occupancy (22.6%) can be the     
          result of warp scheduling overheads or workload imbalances during the kernel execution. Load imbalances can   
          occur between warps within a block as well as across blocks of the same kernel. See the CUDA Best Practices   
          Guide (https://docs.nvidia.com/cuda/cuda-c-best-practices-guide/index.html#occupancy) for more details on     
          optimizing occupancy.                                                                                         

    Section: GPU and Memory Workload Distribution
    -------------------------- ----------- ------------
    Metric Name                Metric Unit Metric Value
    -------------------------- ----------- ------------
    Average DRAM Active Cycles       cycle         2188
    Total DRAM Elapsed Cycles        cycle       349184
    Average L1 Active Cycles         cycle     12940.79
    Total L1 Elapsed Cycles          cycle       491840
    Average L2 Active Cycles         cycle      8079.06
    Total L2 Elapsed Cycles          cycle       312976
    Average SM Active Cycles         cycle     12940.79
    Total SM Elapsed Cycles          cycle       491840
    Average SMSP Active Cycles       cycle     12740.22
    Total SMSP Elapsed Cycles        cycle      1967360
    -------------------------- ----------- ------------

    OPT   Est. Speedup: 19.6%                                                                                           
          One or more SMs have a much higher number of active cycles than the average number of active cycles. Maximum  
          instance value is 31.04% above the average, while the minimum instance value is 22.60% below the average.     
    ----- --------------------------------------------------------------------------------------------------------------
    OPT   Est. Speedup: 19.84%                                                                                          
          One or more SMSPs have a much higher number of active cycles than the average number of active cycles.        
          Additionally, other SMSPs have a much lower number of active cycles than the average number of active         
          cycles. Maximum instance value is 31.91% above the average, while the minimum instance value is 30.09% below  
          the average.                                                                                                  
    ----- --------------------------------------------------------------------------------------------------------------
    OPT   Est. Speedup: 19.6%                                                                                           
          One or more L1 Slices have a much higher number of active cycles than the average number of active cycles.    
          Maximum instance value is 31.04% above the average, while the minimum instance value is 22.60% below the      
          average.                                                                                                      
    ----- --------------------------------------------------------------------------------------------------------------
    OPT   Est. Speedup: 9.23%                                                                                           
          One or more L2 Slices have a much higher number of active cycles than the average number of active cycles.    
          Maximum instance value is 22.35% above the average, while the minimum instance value is 15.63% below the      
          average.                                                                                                      

  softmax_kernel(float *) (1, 2, 1)x(256, 1, 1), Context 1, Stream 7, Device 0, CC 8.9
    Section: GPU Speed Of Light Throughput
    ----------------------- ------------- ------------
    Metric Name               Metric Unit Metric Value
    ----------------------- ------------- ------------
    DRAM Frequency          cycle/nsecond         8.08
    SM Frequency            cycle/nsecond         1.91
    Elapsed Cycles                  cycle        32298
    Memory Throughput                   %         7.65
    DRAM Throughput                     %         1.11
    Duration                      usecond        16.86
    L1/TEX Cache Throughput             %        74.09
    L2 Cache Throughput                 %         7.65
    SM Active Cycles                cycle      2525.79
    Compute (SM) Throughput             %         0.47
    ----------------------- ------------- ------------

    OPT   This kernel grid is too small to fill the available resources on this device, resulting in only 0.0 full      
          waves across all SMs. Look at Launch Statistics for more details.                                             

    Section: Launch Statistics
    -------------------------------- --------------- ---------------
    Metric Name                          Metric Unit    Metric Value
    -------------------------------- --------------- ---------------
    Block Size                                                   256
    Function Cache Configuration                     CachePreferNone
    Grid Size                                                      2
    Registers Per Thread             register/thread              35
    Shared Memory Configuration Size           Kbyte           16.38
    Driver Shared Memory Per Block       Kbyte/block            1.02
    Dynamic Shared Memory Per Block       byte/block               0
    Static Shared Memory Per Block        byte/block               0
    # SMs                                         SM              24
    Threads                                   thread             512
    Uses Green Context                                             0
    Waves Per SM                                                0.01
    -------------------------------- --------------- ---------------

    OPT   Est. Speedup: 91.67%                                                                                          
          The grid for this launch is configured to execute only 2 blocks, which is less than the GPU's 24              
          multiprocessors. This can underutilize some multiprocessors. If you do not intend to execute this kernel      
          concurrently with other workloads, consider reducing the block size to have at least one block per            
          multiprocessor or increase the size of the grid to fully utilize the available hardware resources. See the    
          Hardware Model (https://docs.nvidia.com/nsight-compute/ProfilingGuide/index.html#metrics-hw-model)            
          description for more details on launch configurations.                                                        

    Section: Occupancy
    ------------------------------- ----------- ------------
    Metric Name                     Metric Unit Metric Value
    ------------------------------- ----------- ------------
    Block Limit SM                        block           24
    Block Limit Registers                 block            6
    Block Limit Shared Mem                block           16
    Block Limit Warps                     block            6
    Theoretical Active Warps per SM        warp           48
    Theoretical Occupancy                     %          100
    Achieved Occupancy                        %         8.22
    Achieved Active Warps Per SM           warp         3.95
    ------------------------------- ----------- ------------

    OPT   Est. Local Speedup: 91.78%                                                                                    
          The difference between calculated theoretical (100.0%) and measured achieved occupancy (8.2%) can be the      
          result of warp scheduling overheads or workload imbalances during the kernel execution. Load imbalances can   
          occur between warps within a block as well as across blocks of the same kernel. See the CUDA Best Practices   
          Guide (https://docs.nvidia.com/cuda/cuda-c-best-practices-guide/index.html#occupancy) for more details on     
          optimizing occupancy.                                                                                         

    Section: GPU and Memory Workload Distribution
    -------------------------- ----------- ------------
    Metric Name                Metric Unit Metric Value
    -------------------------- ----------- ------------
    Average DRAM Active Cycles       cycle         1512
    Total DRAM Elapsed Cycles        cycle       544768
    Average L1 Active Cycles         cycle      2525.79
    Total L1 Elapsed Cycles          cycle       771032
    Average L2 Active Cycles         cycle     14087.94
    Total L2 Elapsed Cycles          cycle       488336
    Average SM Active Cycles         cycle      2525.79
    Total SM Elapsed Cycles          cycle       771032
    Average SMSP Active Cycles       cycle      2464.94
    Total SMSP Elapsed Cycles        cycle      3084128
    -------------------------- ----------- ------------

    OPT   Est. Speedup: 7.209%                                                                                          
          One or more SMs have a much lower number of active cycles than the average number of active cycles. Maximum   
          instance value is 91.69% above the average, while the minimum instance value is 100.00% below the average.    
    ----- --------------------------------------------------------------------------------------------------------------
    OPT   Est. Speedup: 7.045%                                                                                          
          One or more SMSPs have a much lower number of active cycles than the average number of active cycles. Maximum 
          instance value is 91.81% above the average, while the minimum instance value is 100.00% below the average.    
    ----- --------------------------------------------------------------------------------------------------------------
    OPT   Est. Speedup: 7.209%                                                                                          
          One or more L1 Slices have a much lower number of active cycles than the average number of active cycles.     
          Maximum instance value is 91.69% above the average, while the minimum instance value is 100.00% below the     
          average.                                                                                                      
    ----- --------------------------------------------------------------------------------------------------------------
    OPT   Est. Speedup: 5.175%                                                                                          
          One or more L2 Slices have a much higher number of active cycles than the average number of active cycles.    
          Maximum instance value is 11.21% above the average, while the minimum instance value is 1.89% below the       
          average.                                                                                                      

  av_kernel(const float *, const float *, float *) (16, 2, 1)x(256, 1, 1), Context 1, Stream 7, Device 0, CC 8.9
    Section: GPU Speed Of Light Throughput
    ----------------------- ------------- ------------
    Metric Name               Metric Unit Metric Value
    ----------------------- ------------- ------------
    DRAM Frequency          cycle/nsecond            8
    SM Frequency            cycle/nsecond         1.90
    Elapsed Cycles                  cycle         6282
    Memory Throughput                   %        23.13
    DRAM Throughput                     %         8.30
    Duration                      usecond         3.30
    L1/TEX Cache Throughput             %        37.71
    L2 Cache Throughput                 %         3.68
    SM Active Cycles                cycle      3733.75
    Compute (SM) Throughput             %        23.13
    ----------------------- ------------- ------------

    OPT   This kernel grid is too small to fill the available resources on this device, resulting in only 0.2 full      
          waves across all SMs. Look at Launch Statistics for more details.                                             

    Section: Launch Statistics
    -------------------------------- --------------- ---------------
    Metric Name                          Metric Unit    Metric Value
    -------------------------------- --------------- ---------------
    Block Size                                                   256
    Function Cache Configuration                     CachePreferNone
    Grid Size                                                     32
    Registers Per Thread             register/thread              40
    Shared Memory Configuration Size           Kbyte           16.38
    Driver Shared Memory Per Block       Kbyte/block            1.02
    Dynamic Shared Memory Per Block       byte/block               0
    Static Shared Memory Per Block        byte/block               0
    # SMs                                         SM              24
    Threads                                   thread            8192
    Uses Green Context                                             0
    Waves Per SM                                                0.22
    -------------------------------- --------------- ---------------

    OPT   If you execute __syncthreads() to synchronize the threads of a block, it is recommended to have more than the 
          achieved 1 blocks per multiprocessor. This way, blocks that aren't waiting for __syncthreads() can keep the   
          hardware busy.                                                                                                

    Section: Occupancy
    ------------------------------- ----------- ------------
    Metric Name                     Metric Unit Metric Value
    ------------------------------- ----------- ------------
    Block Limit SM                        block           24
    Block Limit Registers                 block            6
    Block Limit Shared Mem                block           16
    Block Limit Warps                     block            6
    Theoretical Active Warps per SM        warp           48
    Theoretical Occupancy                     %          100
    Achieved Occupancy                        %        21.40
    Achieved Active Warps Per SM           warp        10.27
    ------------------------------- ----------- ------------

    OPT   Est. Local Speedup: 78.6%                                                                                     
          The difference between calculated theoretical (100.0%) and measured achieved occupancy (21.4%) can be the     
          result of warp scheduling overheads or workload imbalances during the kernel execution. Load imbalances can   
          occur between warps within a block as well as across blocks of the same kernel. See the CUDA Best Practices   
          Guide (https://docs.nvidia.com/cuda/cuda-c-best-practices-guide/index.html#occupancy) for more details on     
          optimizing occupancy.                                                                                         

    Section: GPU and Memory Workload Distribution
    -------------------------- ----------- ------------
    Metric Name                Metric Unit Metric Value
    -------------------------- ----------- ------------
    Average DRAM Active Cycles       cycle         2188
    Total DRAM Elapsed Cycles        cycle       105472
    Average L1 Active Cycles         cycle      3733.75
    Total L1 Elapsed Cycles          cycle       146096
    Average L2 Active Cycles         cycle      2400.44
    Total L2 Elapsed Cycles          cycle        94864
    Average SM Active Cycles         cycle      3733.75
    Total SM Elapsed Cycles          cycle       146096
    Average SMSP Active Cycles       cycle      3617.34
    Total SMSP Elapsed Cycles        cycle       584384
    -------------------------- ----------- ------------

    OPT   Est. Speedup: 8.617%                                                                                          
          One or more SMs have a much higher number of active cycles than the average number of active cycles. Maximum  
          instance value is 14.05% above the average, while the minimum instance value is 7.28% below the average.      
    ----- --------------------------------------------------------------------------------------------------------------
    OPT   Est. Speedup: 7.148%                                                                                          
          One or more SMSPs have a much higher number of active cycles than the average number of active cycles.        
          Maximum instance value is 12.03% above the average, while the minimum instance value is 5.23% below the       
          average.                                                                                                      
    ----- --------------------------------------------------------------------------------------------------------------
    OPT   Est. Speedup: 8.617%                                                                                          
          One or more L1 Slices have a much higher number of active cycles than the average number of active cycles.    
          Maximum instance value is 14.05% above the average, while the minimum instance value is 7.28% below the       
          average.                                                                                                      
    ----- --------------------------------------------------------------------------------------------------------------
    OPT   Est. Speedup: 15.33%                                                                                          
          One or more L2 Slices have a much higher number of active cycles than the average number of active cycles.    
          Maximum instance value is 37.88% above the average, while the minimum instance value is 30.68% below the      
          average.                                                                                                      

  residual_kernel(float *, const float *, int) (32, 1, 1)x(256, 1, 1), Context 1, Stream 7, Device 0, CC 8.9
    Section: GPU Speed Of Light Throughput
    ----------------------- ------------- ------------
    Metric Name               Metric Unit Metric Value
    ----------------------- ------------- ------------
    DRAM Frequency          cycle/nsecond            8
    SM Frequency            cycle/nsecond         1.89
    Elapsed Cycles                  cycle         4169
    Memory Throughput                   %        12.07
    DRAM Throughput                     %        12.07
    Duration                      usecond         2.21
    L1/TEX Cache Throughput             %         4.18
    L2 Cache Throughput                 %         3.26
    SM Active Cycles                cycle      2040.88
    Compute (SM) Throughput             %         2.20
    ----------------------- ------------- ------------

    OPT   This kernel grid is too small to fill the available resources on this device, resulting in only 0.2 full      
          waves across all SMs. Look at Launch Statistics for more details.                                             

    Section: Launch Statistics
    -------------------------------- --------------- ---------------
    Metric Name                          Metric Unit    Metric Value
    -------------------------------- --------------- ---------------
    Block Size                                                   256
    Function Cache Configuration                     CachePreferNone
    Grid Size                                                     32
    Registers Per Thread             register/thread              16
    Shared Memory Configuration Size           Kbyte           16.38
    Driver Shared Memory Per Block       Kbyte/block            1.02
    Dynamic Shared Memory Per Block       byte/block               0
    Static Shared Memory Per Block        byte/block               0
    # SMs                                         SM              24
    Threads                                   thread            8192
    Uses Green Context                                             0
    Waves Per SM                                                0.22
    -------------------------------- --------------- ---------------

    OPT   If you execute __syncthreads() to synchronize the threads of a block, it is recommended to have more than the 
          achieved 1 blocks per multiprocessor. This way, blocks that aren't waiting for __syncthreads() can keep the   
          hardware busy.                                                                                                

    Section: Occupancy
    ------------------------------- ----------- ------------
    Metric Name                     Metric Unit Metric Value
    ------------------------------- ----------- ------------
    Block Limit SM                        block           24
    Block Limit Registers                 block           16
    Block Limit Shared Mem                block           16
    Block Limit Warps                     block            6
    Theoretical Active Warps per SM        warp           48
    Theoretical Occupancy                     %          100
    Achieved Occupancy                        %        18.46
    Achieved Active Warps Per SM           warp         8.86
    ------------------------------- ----------- ------------

    OPT   Est. Local Speedup: 81.54%                                                                                    
          The difference between calculated theoretical (100.0%) and measured achieved occupancy (18.5%) can be the     
          result of warp scheduling overheads or workload imbalances during the kernel execution. Load imbalances can   
          occur between warps within a block as well as across blocks of the same kernel. See the CUDA Best Practices   
          Guide (https://docs.nvidia.com/cuda/cuda-c-best-practices-guide/index.html#occupancy) for more details on     
          optimizing occupancy.                                                                                         

    Section: GPU and Memory Workload Distribution
    -------------------------- ----------- ------------
    Metric Name                Metric Unit Metric Value
    -------------------------- ----------- ------------
    Average DRAM Active Cycles       cycle         2132
    Total DRAM Elapsed Cycles        cycle        70656
    Average L1 Active Cycles         cycle      2040.88
    Total L1 Elapsed Cycles          cycle        93248
    Average L2 Active Cycles         cycle      1026.75
    Total L2 Elapsed Cycles          cycle        62928
    Average SM Active Cycles         cycle      2040.88
    Total SM Elapsed Cycles          cycle        93248
    Average SMSP Active Cycles       cycle      1733.56
    Total SMSP Elapsed Cycles        cycle       372992
    -------------------------- ----------- ------------

    OPT   Est. Speedup: 5.385%                                                                                          
          One or more SMs have a much lower number of active cycles than the average number of active cycles. Maximum   
          instance value is 10.25% above the average, while the minimum instance value is 22.34% below the average.     
    ----- --------------------------------------------------------------------------------------------------------------
    OPT   Est. Speedup: 5.385%                                                                                          
          One or more L1 Slices have a much lower number of active cycles than the average number of active cycles.     
          Maximum instance value is 10.25% above the average, while the minimum instance value is 22.34% below the      
          average.                                                                                                      
    ----- --------------------------------------------------------------------------------------------------------------
    OPT   Est. Speedup: 5.676%                                                                                          
          One or more L2 Slices have a much higher number of active cycles than the average number of active cycles.    
          Maximum instance value is 21.74% above the average, while the minimum instance value is 8.55% below the       
          average.                                                                                                      

  layer_norm_kernel(const float *, float *, int) (1, 2, 1)x(256, 1, 1), Context 1, Stream 7, Device 0, CC 8.9
    Section: GPU Speed Of Light Throughput
    ----------------------- ------------- ------------
    Metric Name               Metric Unit Metric Value
    ----------------------- ------------- ------------
    DRAM Frequency          cycle/nsecond         8.08
    SM Frequency            cycle/nsecond         1.92
    Elapsed Cycles                  cycle        38554
    Memory Throughput                   %         3.50
    DRAM Throughput                     %         0.87
    Duration                      usecond        20.13
    L1/TEX Cache Throughput             %        44.89
    L2 Cache Throughput                 %         2.99
    SM Active Cycles                cycle      3043.17
    Compute (SM) Throughput             %         0.22
    ----------------------- ------------- ------------

    OPT   This kernel grid is too small to fill the available resources on this device, resulting in only 0.0 full      
          waves across all SMs. Look at Launch Statistics for more details.                                             

    Section: Launch Statistics
    -------------------------------- --------------- ---------------
    Metric Name                          Metric Unit    Metric Value
    -------------------------------- --------------- ---------------
    Block Size                                                   256
    Function Cache Configuration                     CachePreferNone
    Grid Size                                                      2
    Registers Per Thread             register/thread              40
    Shared Memory Configuration Size           Kbyte           16.38
    Driver Shared Memory Per Block       Kbyte/block            1.02
    Dynamic Shared Memory Per Block       byte/block               0
    Static Shared Memory Per Block        byte/block               0
    # SMs                                         SM              24
    Threads                                   thread             512
    Uses Green Context                                             0
    Waves Per SM                                                0.01
    -------------------------------- --------------- ---------------

    OPT   Est. Speedup: 91.67%                                                                                          
          The grid for this launch is configured to execute only 2 blocks, which is less than the GPU's 24              
          multiprocessors. This can underutilize some multiprocessors. If you do not intend to execute this kernel      
          concurrently with other workloads, consider reducing the block size to have at least one block per            
          multiprocessor or increase the size of the grid to fully utilize the available hardware resources. See the    
          Hardware Model (https://docs.nvidia.com/nsight-compute/ProfilingGuide/index.html#metrics-hw-model)            
          description for more details on launch configurations.                                                        

    Section: Occupancy
    ------------------------------- ----------- ------------
    Metric Name                     Metric Unit Metric Value
    ------------------------------- ----------- ------------
    Block Limit SM                        block           24
    Block Limit Registers                 block            6
    Block Limit Shared Mem                block           16
    Block Limit Warps                     block            6
    Theoretical Active Warps per SM        warp           48
    Theoretical Occupancy                     %          100
    Achieved Occupancy                        %         2.28
    Achieved Active Warps Per SM           warp         1.09
    ------------------------------- ----------- ------------

    OPT   Est. Local Speedup: 97.72%                                                                                    
          The difference between calculated theoretical (100.0%) and measured achieved occupancy (2.3%) can be the      
          result of warp scheduling overheads or workload imbalances during the kernel execution. Load imbalances can   
          occur between warps within a block as well as across blocks of the same kernel. See the CUDA Best Practices   
          Guide (https://docs.nvidia.com/cuda/cuda-c-best-practices-guide/index.html#occupancy) for more details on     
          optimizing occupancy.                                                                                         

    Section: GPU and Memory Workload Distribution
    -------------------------- ----------- ------------
    Metric Name                Metric Unit Metric Value
    -------------------------- ----------- ------------
    Average DRAM Active Cycles       cycle         1416
    Total DRAM Elapsed Cycles        cycle       650240
    Average L1 Active Cycles         cycle      3043.17
    Total L1 Elapsed Cycles          cycle       936576
    Average L2 Active Cycles         cycle     10274.38
    Total L2 Elapsed Cycles          cycle       583072
    Average SM Active Cycles         cycle      3043.17
    Total SM Elapsed Cycles          cycle       936576
    Average SMSP Active Cycles       cycle       791.94
    Total SMSP Elapsed Cycles        cycle      3746304
    -------------------------- ----------- ------------

    OPT   Est. Speedup: 7.151%                                                                                          
          One or more SMs have a much lower number of active cycles than the average number of active cycles. Maximum   
          instance value is 91.69% above the average, while the minimum instance value is 100.00% below the average.    
    ----- --------------------------------------------------------------------------------------------------------------
    OPT   Est. Speedup: 7.151%                                                                                          
          One or more L1 Slices have a much lower number of active cycles than the average number of active cycles.     
          Maximum instance value is 91.69% above the average, while the minimum instance value is 100.00% below the     
          average.                                                                                                      
    ----- --------------------------------------------------------------------------------------------------------------
    OPT   Est. Speedup: 6.201%                                                                                          
          One or more L2 Slices have a much higher number of active cycles than the average number of active cycles.    
          Maximum instance value is 21.99% above the average, while the minimum instance value is 5.51% below the       
          average.                                                                                                      

  conv1d_kernel(const float *, const float *, float *, int, int) (64, 2, 1)x(256, 1, 1), Context 1, Stream 7, Device 0, CC 8.9
    Section: GPU Speed Of Light Throughput
    ----------------------- ------------- ------------
    Metric Name               Metric Unit Metric Value
    ----------------------- ------------- ------------
    DRAM Frequency          cycle/nsecond         8.09
    SM Frequency            cycle/nsecond         1.92
    Elapsed Cycles                  cycle       614145
    Memory Throughput                   %        86.36
    DRAM Throughput                     %         1.06
    Duration                      usecond       319.90
    L1/TEX Cache Throughput             %        99.46
    L2 Cache Throughput                 %        47.34
    SM Active Cycles                cycle    532814.58
    Compute (SM) Throughput             %        10.49
    ----------------------- ------------- ------------

    INF   The kernel is utilizing greater than 80.0% of the available compute or memory performance of the device. To   
          further improve performance, work will likely need to be shifted from the most utilized to another unit.      
          Start by analyzing L1 in the Memory Workload Analysis section.                                                

    Section: Launch Statistics
    -------------------------------- --------------- ---------------
    Metric Name                          Metric Unit    Metric Value
    -------------------------------- --------------- ---------------
    Block Size                                                   256
    Function Cache Configuration                     CachePreferNone
    Grid Size                                                    128
    Registers Per Thread             register/thread              40
    Shared Memory Configuration Size           Kbyte           16.38
    Driver Shared Memory Per Block       Kbyte/block            1.02
    Dynamic Shared Memory Per Block       byte/block               0
    Static Shared Memory Per Block        byte/block               0
    # SMs                                         SM              24
    Threads                                   thread           32768
    Uses Green Context                                             0
    Waves Per SM                                                0.89
    -------------------------------- --------------- ---------------

    Section: Occupancy
    ------------------------------- ----------- ------------
    Metric Name                     Metric Unit Metric Value
    ------------------------------- ----------- ------------
    Block Limit SM                        block           24
    Block Limit Registers                 block            6
    Block Limit Shared Mem                block           16
    Block Limit Warps                     block            6
    Theoretical Active Warps per SM        warp           48
    Theoretical Occupancy                     %          100
    Achieved Occupancy                        %        63.33
    Achieved Active Warps Per SM           warp        30.40
    ------------------------------- ----------- ------------

    OPT   Est. Local Speedup: 36.67%                                                                                    
          The difference between calculated theoretical (100.0%) and measured achieved occupancy (63.3%) can be the     
          result of warp scheduling overheads or workload imbalances during the kernel execution. Load imbalances can   
          occur between warps within a block as well as across blocks of the same kernel. See the CUDA Best Practices   
          Guide (https://docs.nvidia.com/cuda/cuda-c-best-practices-guide/index.html#occupancy) for more details on     
          optimizing occupancy.                                                                                         

    Section: GPU and Memory Workload Distribution
    -------------------------- ----------- ------------
    Metric Name                Metric Unit Metric Value
    -------------------------- ----------- ------------
    Average DRAM Active Cycles       cycle        27552
    Total DRAM Elapsed Cycles        cycle     10354688
    Average L1 Active Cycles         cycle    532814.58
    Total L1 Elapsed Cycles          cycle     14727376
    Average L2 Active Cycles         cycle    570843.44
    Total L2 Elapsed Cycles          cycle      9288816
    Average SM Active Cycles         cycle    532814.58
    Total SM Elapsed Cycles          cycle     14727376
    Average SMSP Active Cycles       cycle    531773.25
    Total SMSP Elapsed Cycles        cycle     58909504
    -------------------------- ----------- ------------

    OPT   Est. Speedup: 11.27%                                                                                          
          One or more SMs have a much lower number of active cycles than the average number of active cycles. Maximum   
          instance value is 12.97% above the average, while the minimum instance value is 16.78% below the average.     
    ----- --------------------------------------------------------------------------------------------------------------
    OPT   Est. Speedup: 11.32%                                                                                          
          One or more SMSPs have a much lower number of active cycles than the average number of active cycles. Maximum 
          instance value is 13.07% above the average, while the minimum instance value is 16.95% below the average.     
    ----- --------------------------------------------------------------------------------------------------------------
    OPT   Est. Speedup: 11.27%                                                                                          
          One or more L1 Slices have a much lower number of active cycles than the average number of active cycles.     
          Maximum instance value is 12.97% above the average, while the minimum instance value is 16.78% below the      
          average.                                                                                                      

  linear_proj_kernel(const float *, const float *, float *, int, int) (32, 2, 1)x(256, 1, 1), Context 1, Stream 7, Device 0, CC 8.9
    Section: GPU Speed Of Light Throughput
    ----------------------- ------------- ------------
    Metric Name               Metric Unit Metric Value
    ----------------------- ------------- ------------
    DRAM Frequency          cycle/nsecond         8.09
    SM Frequency            cycle/nsecond         1.92
    Elapsed Cycles                  cycle       208918
    Memory Throughput                   %        85.21
    DRAM Throughput                     %         1.48
    Duration                      usecond       108.86
    L1/TEX Cache Throughput             %        97.83
    L2 Cache Throughput                 %         8.23
    SM Active Cycles                cycle    181570.58
    Compute (SM) Throughput             %         6.66
    ----------------------- ------------- ------------

    INF   The kernel is utilizing greater than 80.0% of the available compute or memory performance of the device. To   
          further improve performance, work will likely need to be shifted from the most utilized to another unit.      
          Start by analyzing L1 in the Memory Workload Analysis section.                                                

    Section: Launch Statistics
    -------------------------------- --------------- ---------------
    Metric Name                          Metric Unit    Metric Value
    -------------------------------- --------------- ---------------
    Block Size                                                   256
    Function Cache Configuration                     CachePreferNone
    Grid Size                                                     64
    Registers Per Thread             register/thread              40
    Shared Memory Configuration Size           Kbyte           65.54
    Driver Shared Memory Per Block       Kbyte/block            1.02
    Dynamic Shared Memory Per Block       byte/block               0
    Static Shared Memory Per Block       Kbyte/block            2.05
    # SMs                                         SM              24
    Threads                                   thread           16384
    Uses Green Context                                             0
    Waves Per SM                                                0.44
    -------------------------------- --------------- ---------------

    Section: Occupancy
    ------------------------------- ----------- ------------
    Metric Name                     Metric Unit Metric Value
    ------------------------------- ----------- ------------
    Block Limit SM                        block           24
    Block Limit Registers                 block            6
    Block Limit Shared Mem                block           21
    Block Limit Warps                     block            6
    Theoretical Active Warps per SM        warp           48
    Theoretical Occupancy                     %          100
    Achieved Occupancy                        %        21.82
    Achieved Active Warps Per SM           warp        10.48
    ------------------------------- ----------- ------------

    OPT   Est. Local Speedup: 78.18%                                                                                    
          The difference between calculated theoretical (100.0%) and measured achieved occupancy (21.8%) can be the     
          result of warp scheduling overheads or workload imbalances during the kernel execution. Load imbalances can   
          occur between warps within a block as well as across blocks of the same kernel. See the CUDA Best Practices   
          Guide (https://docs.nvidia.com/cuda/cuda-c-best-practices-guide/index.html#occupancy) for more details on     
          optimizing occupancy.                                                                                         

    Section: GPU and Memory Workload Distribution
    -------------------------- ----------- ------------
    Metric Name                Metric Unit Metric Value
    -------------------------- ----------- ------------
    Average DRAM Active Cycles       cycle        13036
    Total DRAM Elapsed Cycles        cycle      3521536
    Average L1 Active Cycles         cycle    181570.58
    Total L1 Elapsed Cycles          cycle      5003072
    Average L2 Active Cycles         cycle    144068.25
    Total L2 Elapsed Cycles          cycle      3159712
    Average SM Active Cycles         cycle    181570.58
    Total SM Elapsed Cycles          cycle      5003072
    Average SMSP Active Cycles       cycle    179525.92
    Total SMSP Elapsed Cycles        cycle     20012288
    -------------------------- ----------- ------------

    OPT   Est. Speedup: 10.7%                                                                                           
          One or more SMs have a much lower number of active cycles than the average number of active cycles. Maximum   
          instance value is 12.28% above the average, while the minimum instance value is 24.97% below the average.     
    ----- --------------------------------------------------------------------------------------------------------------
    OPT   Est. Speedup: 10.67%                                                                                          
          One or more SMSPs have a much lower number of active cycles than the average number of active cycles. Maximum 
          instance value is 12.39% above the average, while the minimum instance value is 27.90% below the average.     
    ----- --------------------------------------------------------------------------------------------------------------
    OPT   Est. Speedup: 10.7%                                                                                           
          One or more L1 Slices have a much lower number of active cycles than the average number of active cycles.     
          Maximum instance value is 12.28% above the average, while the minimum instance value is 24.97% below the      
          average.                                                                                                      

  residual_kernel(float *, const float *, int) (32, 1, 1)x(256, 1, 1), Context 1, Stream 7, Device 0, CC 8.9
    Section: GPU Speed Of Light Throughput
    ----------------------- ------------- ------------
    Metric Name               Metric Unit Metric Value
    ----------------------- ------------- ------------
    DRAM Frequency          cycle/nsecond         7.88
    SM Frequency            cycle/nsecond         1.87
    Elapsed Cycles                  cycle         4073
    Memory Throughput                   %        12.43
    DRAM Throughput                     %        12.43
    Duration                      usecond         2.18
    L1/TEX Cache Throughput             %         4.15
    L2 Cache Throughput                 %         3.33
    SM Active Cycles                cycle      2056.21
    Compute (SM) Throughput             %         2.08
    ----------------------- ------------- ------------

    OPT   This kernel grid is too small to fill the available resources on this device, resulting in only 0.2 full      
          waves across all SMs. Look at Launch Statistics for more details.                                             

    Section: Launch Statistics
    -------------------------------- --------------- ---------------
    Metric Name                          Metric Unit    Metric Value
    -------------------------------- --------------- ---------------
    Block Size                                                   256
    Function Cache Configuration                     CachePreferNone
    Grid Size                                                     32
    Registers Per Thread             register/thread              16
    Shared Memory Configuration Size           Kbyte           16.38
    Driver Shared Memory Per Block       Kbyte/block            1.02
    Dynamic Shared Memory Per Block       byte/block               0
    Static Shared Memory Per Block        byte/block               0
    # SMs                                         SM              24
    Threads                                   thread            8192
    Uses Green Context                                             0
    Waves Per SM                                                0.22
    -------------------------------- --------------- ---------------

    OPT   If you execute __syncthreads() to synchronize the threads of a block, it is recommended to have more than the 
          achieved 1 blocks per multiprocessor. This way, blocks that aren't waiting for __syncthreads() can keep the   
          hardware busy.                                                                                                

    Section: Occupancy
    ------------------------------- ----------- ------------
    Metric Name                     Metric Unit Metric Value
    ------------------------------- ----------- ------------
    Block Limit SM                        block           24
    Block Limit Registers                 block           16
    Block Limit Shared Mem                block           16
    Block Limit Warps                     block            6
    Theoretical Active Warps per SM        warp           48
    Theoretical Occupancy                     %          100
    Achieved Occupancy                        %        18.59
    Achieved Active Warps Per SM           warp         8.92
    ------------------------------- ----------- ------------

    OPT   Est. Local Speedup: 81.41%                                                                                    
          The difference between calculated theoretical (100.0%) and measured achieved occupancy (18.6%) can be the     
          result of warp scheduling overheads or workload imbalances during the kernel execution. Load imbalances can   
          occur between warps within a block as well as across blocks of the same kernel. See the CUDA Best Practices   
          Guide (https://docs.nvidia.com/cuda/cuda-c-best-practices-guide/index.html#occupancy) for more details on     
          optimizing occupancy.                                                                                         

    Section: GPU and Memory Workload Distribution
    -------------------------- ----------- ------------
    Metric Name                Metric Unit Metric Value
    -------------------------- ----------- ------------
    Average DRAM Active Cycles       cycle         2132
    Total DRAM Elapsed Cycles        cycle        68608
    Average L1 Active Cycles         cycle      2056.21
    Total L1 Elapsed Cycles          cycle        98648
    Average L2 Active Cycles         cycle      1030.50
    Total L2 Elapsed Cycles          cycle        61584
    Average SM Active Cycles         cycle      2056.21
    Total SM Elapsed Cycles          cycle        98648
    Average SMSP Active Cycles       cycle      1754.91
    Total SMSP Elapsed Cycles        cycle       394592
    -------------------------- ----------- ------------

    OPT   Est. Speedup: 5.744%                                                                                          
          One or more L2 Slices have a much higher number of active cycles than the average number of active cycles.    
          Maximum instance value is 21.46% above the average, while the minimum instance value is 7.23% below the       
          average.                                                                                                      

Starting VITS Text Encoder Simulation (Part 5 Multi-pattern)...
Encoder Simulation Completed.
Patterns: 4 | Block size: 256
Kernel time: 1.4772 ms (0.3693 ms / pattern)
Pattern-0 Checksum: 99.228035
