==PROF== Connected to process 3444 (/workspace/P5/main)
==PROF== Profiling "layer_norm_kernel" - 0: 0%....50%....100% - 8 passes
==PROF== Profiling "linear_proj_kernel" - 1: 0%....50%....100% - 8 passes
==PROF== Profiling "linear_proj_kernel" - 2: 0%....50%....100% - 8 passes
==PROF== Profiling "linear_proj_kernel" - 3: 0%....50%....100% - 8 passes
==PROF== Profiling "qkt_kernel" - 4: 0%....50%....100% - 8 passes
==PROF== Profiling "softmax_kernel(float *)" - 5: 0%....50%....100% - 8 passes
==PROF== Profiling "av_kernel" - 6: 0%....50%....100% - 8 passes
==PROF== Profiling "residual_kernel" - 7: 0%....50%....100% - 8 passes
==PROF== Profiling "layer_norm_kernel" - 8: 0%....50%....100% - 8 passes
==PROF== Profiling "conv1d_kernel" - 9: 0%....50%....100% - 8 passes
==PROF== Profiling "linear_proj_kernel" - 10: 0%....50%....100% - 8 passes
==PROF== Profiling "residual_kernel" - 11: 0%....50%....100% - 8 passes
Starting VITS Text Encoder Simulation (Part 5 Multi-pattern)...
Encoder Simulation Completed.
Patterns: 16 | Block size: 256
Kernel time: 1203.7622 ms (75.2351 ms / pattern)
Pattern-0 Checksum: 99.228035
==PROF== Disconnected from process 3444
[3444] main@127.0.0.1
  layer_norm_kernel(const float *, float *, int) (1, 16, 1)x(256, 1, 1), Context 1, Stream 7, Device 0, CC 8.9
    Section: GPU Speed Of Light Throughput
    ----------------------- ------------- ------------
    Metric Name               Metric Unit Metric Value
    ----------------------- ------------- ------------
    DRAM Frequency          cycle/nsecond         8.07
    SM Frequency            cycle/nsecond         1.92
    Elapsed Cycles                  cycle        45867
    Memory Throughput                   %        23.90
    DRAM Throughput                     %         4.44
    Duration                      usecond        23.94
    L1/TEX Cache Throughput             %        42.18
    L2 Cache Throughput                 %        19.59
    SM Active Cycles                cycle        25909
    Compute (SM) Throughput             %         1.52
    ----------------------- ------------- ------------

    OPT   This kernel grid is too small to fill the available resources on this device, resulting in only 0.1 full      
          waves across all SMs. Look at Launch Statistics for more details.                                             

    Section: Launch Statistics
    -------------------------------- --------------- ---------------
    Metric Name                          Metric Unit    Metric Value
    -------------------------------- --------------- ---------------
    Block Size                                                   256
    Function Cache Configuration                     CachePreferNone
    Grid Size                                                     16
    Registers Per Thread             register/thread              40
    Shared Memory Configuration Size           Kbyte           16.38
    Driver Shared Memory Per Block       Kbyte/block            1.02
    Dynamic Shared Memory Per Block       byte/block               0
    Static Shared Memory Per Block        byte/block               0
    # SMs                                         SM              24
    Threads                                   thread            4096
    Uses Green Context                                             0
    Waves Per SM                                                0.11
    -------------------------------- --------------- ---------------

    OPT   Est. Speedup: 33.33%                                                                                          
          The grid for this launch is configured to execute only 16 blocks, which is less than the GPU's 24             
          multiprocessors. This can underutilize some multiprocessors. If you do not intend to execute this kernel      
          concurrently with other workloads, consider reducing the block size to have at least one block per            
          multiprocessor or increase the size of the grid to fully utilize the available hardware resources. See the    
          Hardware Model (https://docs.nvidia.com/nsight-compute/ProfilingGuide/index.html#metrics-hw-model)            
          description for more details on launch configurations.                                                        

    Section: Occupancy
    ------------------------------- ----------- ------------
    Metric Name                     Metric Unit Metric Value
    ------------------------------- ----------- ------------
    Block Limit SM                        block           24
    Block Limit Registers                 block            6
    Block Limit Shared Mem                block           16
    Block Limit Warps                     block            6
    Theoretical Active Warps per SM        warp           48
    Theoretical Occupancy                     %          100
    Achieved Occupancy                        %         2.18
    Achieved Active Warps Per SM           warp         1.04
    ------------------------------- ----------- ------------

    OPT   Est. Local Speedup: 97.82%                                                                                    
          The difference between calculated theoretical (100.0%) and measured achieved occupancy (2.2%) can be the      
          result of warp scheduling overheads or workload imbalances during the kernel execution. Load imbalances can   
          occur between warps within a block as well as across blocks of the same kernel. See the CUDA Best Practices   
          Guide (https://docs.nvidia.com/cuda/cuda-c-best-practices-guide/index.html#occupancy) for more details on     
          optimizing occupancy.                                                                                         

    Section: GPU and Memory Workload Distribution
    -------------------------- ----------- ------------
    Metric Name                Metric Unit Metric Value
    -------------------------- ----------- ------------
    Average DRAM Active Cycles       cycle         8572
    Total DRAM Elapsed Cycles        cycle       772608
    Average L1 Active Cycles         cycle        25909
    Total L1 Elapsed Cycles          cycle      1097392
    Average L2 Active Cycles         cycle        24549
    Total L2 Elapsed Cycles          cycle       693712
    Average SM Active Cycles         cycle        25909
    Total SM Elapsed Cycles          cycle      1097392
    Average SMSP Active Cycles       cycle      6517.71
    Total SMSP Elapsed Cycles        cycle      4389568
    -------------------------- ----------- ------------

    OPT   Est. Speedup: 23.28%                                                                                          
          One or more SMs have a much lower number of active cycles than the average number of active cycles. Maximum   
          instance value is 41.08% above the average, while the minimum instance value is 100.00% below the average.    
    ----- --------------------------------------------------------------------------------------------------------------
    OPT   Est. Speedup: 11.99%                                                                                          
          One or more SMSPs have a much lower number of active cycles than the average number of active cycles. Maximum 
          instance value is 84.13% above the average, while the minimum instance value is 100.00% below the average.    
    ----- --------------------------------------------------------------------------------------------------------------
    OPT   Est. Speedup: 23.28%                                                                                          
          One or more L1 Slices have a much lower number of active cycles than the average number of active cycles.     
          Maximum instance value is 41.08% above the average, while the minimum instance value is 100.00% below the     
          average.                                                                                                      

  linear_proj_kernel(const float *, const float *, float *, int, int) (32, 16, 1)x(256, 1, 1), Context 1, Stream 7, Device 0, CC 8.9
    Section: GPU Speed Of Light Throughput
    ----------------------- ------------- ------------
    Metric Name               Metric Unit Metric Value
    ----------------------- ------------- ------------
    DRAM Frequency          cycle/nsecond         8.09
    SM Frequency            cycle/nsecond         1.92
    Elapsed Cycles                  cycle       375000
    Memory Throughput                   %        94.62
    DRAM Throughput                     %         0.66
    Duration                      usecond       195.36
    L1/TEX Cache Throughput             %        98.43
    L2 Cache Throughput                 %         6.42
    SM Active Cycles                cycle    361386.29
    Compute (SM) Throughput             %         7.49
    ----------------------- ------------- ------------

    INF   The kernel is utilizing greater than 80.0% of the available compute or memory performance of the device. To   
          further improve performance, work will likely need to be shifted from the most utilized to another unit.      
          Start by analyzing L1 in the Memory Workload Analysis section.                                                

    Section: Launch Statistics
    -------------------------------- --------------- ---------------
    Metric Name                          Metric Unit    Metric Value
    -------------------------------- --------------- ---------------
    Block Size                                                   256
    Function Cache Configuration                     CachePreferNone
    Grid Size                                                    512
    Registers Per Thread             register/thread              40
    Shared Memory Configuration Size           Kbyte           65.54
    Driver Shared Memory Per Block       Kbyte/block            1.02
    Dynamic Shared Memory Per Block       byte/block               0
    Static Shared Memory Per Block       Kbyte/block            2.05
    # SMs                                         SM              24
    Threads                                   thread          131072
    Uses Green Context                                             0
    Waves Per SM                                                3.56
    -------------------------------- --------------- ---------------

    OPT   Est. Speedup: 25%                                                                                             
          A wave of thread blocks is defined as the maximum number of blocks that can be executed in parallel on the    
          target GPU. The number of blocks in a wave depends on the number of multiprocessors and the theoretical       
          occupancy of the kernel. This kernel launch results in 3 full waves and a partial wave of 79 thread blocks.   
          Under the assumption of a uniform execution duration of all thread blocks, the partial wave may account for   
          up to 25.0% of the total kernel runtime with a lower occupancy of 28.6%. Try launching a grid with no         
          partial wave. The overall impact of this tail effect also lessens with the number of full waves executed for  
          a grid. See the Hardware Model                                                                                
          (https://docs.nvidia.com/nsight-compute/ProfilingGuide/index.html#metrics-hw-model) description for more      
          details on launch configurations.                                                                             

    Section: Occupancy
    ------------------------------- ----------- ------------
    Metric Name                     Metric Unit Metric Value
    ------------------------------- ----------- ------------
    Block Limit SM                        block           24
    Block Limit Registers                 block            6
    Block Limit Shared Mem                block           21
    Block Limit Warps                     block            6
    Theoretical Active Warps per SM        warp           48
    Theoretical Occupancy                     %          100
    Achieved Occupancy                        %        71.41
    Achieved Active Warps Per SM           warp        34.28
    ------------------------------- ----------- ------------

    OPT   Est. Local Speedup: 28.59%                                                                                    
          The difference between calculated theoretical (100.0%) and measured achieved occupancy (71.4%) can be the     
          result of warp scheduling overheads or workload imbalances during the kernel execution. Load imbalances can   
          occur between warps within a block as well as across blocks of the same kernel. See the CUDA Best Practices   
          Guide (https://docs.nvidia.com/cuda/cuda-c-best-practices-guide/index.html#occupancy) for more details on     
          optimizing occupancy.                                                                                         

    Section: GPU and Memory Workload Distribution
    -------------------------- ----------- ------------
    Metric Name                Metric Unit Metric Value
    -------------------------- ----------- ------------
    Average DRAM Active Cycles       cycle        10412
    Total DRAM Elapsed Cycles        cycle      6323200
    Average L1 Active Cycles         cycle    361386.29
    Total L1 Elapsed Cycles          cycle      9022712
    Average L2 Active Cycles         cycle    249883.06
    Total L2 Elapsed Cycles          cycle      5671760
    Average SM Active Cycles         cycle    361386.29
    Total SM Elapsed Cycles          cycle      9022712
    Average SMSP Active Cycles       cycle    359999.32
    Total SMSP Elapsed Cycles        cycle     36090848
    -------------------------- ----------- ------------

  linear_proj_kernel(const float *, const float *, float *, int, int) (32, 16, 1)x(256, 1, 1), Context 1, Stream 7, Device 0, CC 8.9
    Section: GPU Speed Of Light Throughput
    ----------------------- ------------- ------------
    Metric Name               Metric Unit Metric Value
    ----------------------- ------------- ------------
    DRAM Frequency          cycle/nsecond         8.09
    SM Frequency            cycle/nsecond         1.92
    Elapsed Cycles                  cycle       375729
    Memory Throughput                   %        94.75
    DRAM Throughput                     %         0.66
    Duration                      usecond       195.74
    L1/TEX Cache Throughput             %        98.45
    L2 Cache Throughput                 %         6.55
    SM Active Cycles                cycle    361295.79
    Compute (SM) Throughput             %         7.50
    ----------------------- ------------- ------------

    INF   The kernel is utilizing greater than 80.0% of the available compute or memory performance of the device. To   
          further improve performance, work will likely need to be shifted from the most utilized to another unit.      
          Start by analyzing L1 in the Memory Workload Analysis section.                                                

    Section: Launch Statistics
    -------------------------------- --------------- ---------------
    Metric Name                          Metric Unit    Metric Value
    -------------------------------- --------------- ---------------
    Block Size                                                   256
    Function Cache Configuration                     CachePreferNone
    Grid Size                                                    512
    Registers Per Thread             register/thread              40
    Shared Memory Configuration Size           Kbyte           65.54
    Driver Shared Memory Per Block       Kbyte/block            1.02
    Dynamic Shared Memory Per Block       byte/block               0
    Static Shared Memory Per Block       Kbyte/block            2.05
    # SMs                                         SM              24
    Threads                                   thread          131072
    Uses Green Context                                             0
    Waves Per SM                                                3.56
    -------------------------------- --------------- ---------------

    OPT   Est. Speedup: 25%                                                                                             
          A wave of thread blocks is defined as the maximum number of blocks that can be executed in parallel on the    
          target GPU. The number of blocks in a wave depends on the number of multiprocessors and the theoretical       
          occupancy of the kernel. This kernel launch results in 3 full waves and a partial wave of 79 thread blocks.   
          Under the assumption of a uniform execution duration of all thread blocks, the partial wave may account for   
          up to 25.0% of the total kernel runtime with a lower occupancy of 28.2%. Try launching a grid with no         
          partial wave. The overall impact of this tail effect also lessens with the number of full waves executed for  
          a grid. See the Hardware Model                                                                                
          (https://docs.nvidia.com/nsight-compute/ProfilingGuide/index.html#metrics-hw-model) description for more      
          details on launch configurations.                                                                             

    Section: Occupancy
    ------------------------------- ----------- ------------
    Metric Name                     Metric Unit Metric Value
    ------------------------------- ----------- ------------
    Block Limit SM                        block           24
    Block Limit Registers                 block            6
    Block Limit Shared Mem                block           21
    Block Limit Warps                     block            6
    Theoretical Active Warps per SM        warp           48
    Theoretical Occupancy                     %          100
    Achieved Occupancy                        %        71.80
    Achieved Active Warps Per SM           warp        34.46
    ------------------------------- ----------- ------------

    OPT   Est. Local Speedup: 28.2%                                                                                     
          The difference between calculated theoretical (100.0%) and measured achieved occupancy (71.8%) can be the     
          result of warp scheduling overheads or workload imbalances during the kernel execution. Load imbalances can   
          occur between warps within a block as well as across blocks of the same kernel. See the CUDA Best Practices   
          Guide (https://docs.nvidia.com/cuda/cuda-c-best-practices-guide/index.html#occupancy) for more details on     
          optimizing occupancy.                                                                                         

    Section: GPU and Memory Workload Distribution
    -------------------------- ----------- ------------
    Metric Name                Metric Unit Metric Value
    -------------------------- ----------- ------------
    Average DRAM Active Cycles       cycle        10412
    Total DRAM Elapsed Cycles        cycle      6335488
    Average L1 Active Cycles         cycle    361295.79
    Total L1 Elapsed Cycles          cycle      9009824
    Average L2 Active Cycles         cycle    249446.31
    Total L2 Elapsed Cycles          cycle      5682768
    Average SM Active Cycles         cycle    361295.79
    Total SM Elapsed Cycles          cycle      9009824
    Average SMSP Active Cycles       cycle    359978.19
    Total SMSP Elapsed Cycles        cycle     36039296
    -------------------------- ----------- ------------

  linear_proj_kernel(const float *, const float *, float *, int, int) (32, 16, 1)x(256, 1, 1), Context 1, Stream 7, Device 0, CC 8.9
    Section: GPU Speed Of Light Throughput
    ----------------------- ------------- ------------
    Metric Name               Metric Unit Metric Value
    ----------------------- ------------- ------------
    DRAM Frequency          cycle/nsecond         8.09
    SM Frequency            cycle/nsecond         1.92
    Elapsed Cycles                  cycle       375614
    Memory Throughput                   %        94.74
    DRAM Throughput                     %         0.67
    Duration                      usecond       195.68
    L1/TEX Cache Throughput             %        98.41
    L2 Cache Throughput                 %         6.34
    SM Active Cycles                cycle    361463.29
    Compute (SM) Throughput             %         7.50
    ----------------------- ------------- ------------

    INF   The kernel is utilizing greater than 80.0% of the available compute or memory performance of the device. To   
          further improve performance, work will likely need to be shifted from the most utilized to another unit.      
          Start by analyzing L1 in the Memory Workload Analysis section.                                                

    Section: Launch Statistics
    -------------------------------- --------------- ---------------
    Metric Name                          Metric Unit    Metric Value
    -------------------------------- --------------- ---------------
    Block Size                                                   256
    Function Cache Configuration                     CachePreferNone
    Grid Size                                                    512
    Registers Per Thread             register/thread              40
    Shared Memory Configuration Size           Kbyte           65.54
    Driver Shared Memory Per Block       Kbyte/block            1.02
    Dynamic Shared Memory Per Block       byte/block               0
    Static Shared Memory Per Block       Kbyte/block            2.05
    # SMs                                         SM              24
    Threads                                   thread          131072
    Uses Green Context                                             0
    Waves Per SM                                                3.56
    -------------------------------- --------------- ---------------

    OPT   Est. Speedup: 25%                                                                                             
          A wave of thread blocks is defined as the maximum number of blocks that can be executed in parallel on the    
          target GPU. The number of blocks in a wave depends on the number of multiprocessors and the theoretical       
          occupancy of the kernel. This kernel launch results in 3 full waves and a partial wave of 79 thread blocks.   
          Under the assumption of a uniform execution duration of all thread blocks, the partial wave may account for   
          up to 25.0% of the total kernel runtime with a lower occupancy of 28.8%. Try launching a grid with no         
          partial wave. The overall impact of this tail effect also lessens with the number of full waves executed for  
          a grid. See the Hardware Model                                                                                
          (https://docs.nvidia.com/nsight-compute/ProfilingGuide/index.html#metrics-hw-model) description for more      
          details on launch configurations.                                                                             

    Section: Occupancy
    ------------------------------- ----------- ------------
    Metric Name                     Metric Unit Metric Value
    ------------------------------- ----------- ------------
    Block Limit SM                        block           24
    Block Limit Registers                 block            6
    Block Limit Shared Mem                block           21
    Block Limit Warps                     block            6
    Theoretical Active Warps per SM        warp           48
    Theoretical Occupancy                     %          100
    Achieved Occupancy                        %        71.21
    Achieved Active Warps Per SM           warp        34.18
    ------------------------------- ----------- ------------

    OPT   Est. Local Speedup: 28.79%                                                                                    
          The difference between calculated theoretical (100.0%) and measured achieved occupancy (71.2%) can be the     
          result of warp scheduling overheads or workload imbalances during the kernel execution. Load imbalances can   
          occur between warps within a block as well as across blocks of the same kernel. See the CUDA Best Practices   
          Guide (https://docs.nvidia.com/cuda/cuda-c-best-practices-guide/index.html#occupancy) for more details on     
          optimizing occupancy.                                                                                         

    Section: GPU and Memory Workload Distribution
    -------------------------- ----------- ------------
    Metric Name                Metric Unit Metric Value
    -------------------------- ----------- ------------
    Average DRAM Active Cycles       cycle        10540
    Total DRAM Elapsed Cycles        cycle      6332416
    Average L1 Active Cycles         cycle    361463.29
    Total L1 Elapsed Cycles          cycle      9010632
    Average L2 Active Cycles         cycle    252957.44
    Total L2 Elapsed Cycles          cycle      5681072
    Average SM Active Cycles         cycle    361463.29
    Total SM Elapsed Cycles          cycle      9010632
    Average SMSP Active Cycles       cycle    360038.15
    Total SMSP Elapsed Cycles        cycle     36042528
    -------------------------- ----------- ------------

  qkt_kernel(const float *, const float *, float *, float) (16, 16, 1)x(256, 1, 1), Context 1, Stream 7, Device 0, CC 8.9
    Section: GPU Speed Of Light Throughput
    ----------------------- ------------- ------------
    Metric Name               Metric Unit Metric Value
    ----------------------- ------------- ------------
    DRAM Frequency          cycle/nsecond         8.09
    SM Frequency            cycle/nsecond         1.92
    Elapsed Cycles                  cycle        98156
    Memory Throughput                   %        92.36
    DRAM Throughput                     %         3.99
    Duration                      usecond        51.20
    L1/TEX Cache Throughput             %        97.08
    L2 Cache Throughput                 %         2.28
    SM Active Cycles                cycle     93116.58
    Compute (SM) Throughput             %        11.51
    ----------------------- ------------- ------------

    INF   The kernel is utilizing greater than 80.0% of the available compute or memory performance of the device. To   
          further improve performance, work will likely need to be shifted from the most utilized to another unit.      
          Start by analyzing L1 in the Memory Workload Analysis section.                                                

    Section: Launch Statistics
    -------------------------------- --------------- ---------------
    Metric Name                          Metric Unit    Metric Value
    -------------------------------- --------------- ---------------
    Block Size                                                   256
    Function Cache Configuration                     CachePreferNone
    Grid Size                                                    256
    Registers Per Thread             register/thread              40
    Shared Memory Configuration Size           Kbyte           16.38
    Driver Shared Memory Per Block       Kbyte/block            1.02
    Dynamic Shared Memory Per Block       byte/block               0
    Static Shared Memory Per Block        byte/block               0
    # SMs                                         SM              24
    Threads                                   thread           65536
    Uses Green Context                                             0
    Waves Per SM                                                1.78
    -------------------------------- --------------- ---------------

    OPT   Est. Speedup: 50%                                                                                             
          A wave of thread blocks is defined as the maximum number of blocks that can be executed in parallel on the    
          target GPU. The number of blocks in a wave depends on the number of multiprocessors and the theoretical       
          occupancy of the kernel. This kernel launch results in 1 full waves and a partial wave of 111 thread blocks.  
          Under the assumption of a uniform execution duration of all thread blocks, the partial wave may account for   
          up to 50.0% of the total kernel runtime with a lower occupancy of 23.5%. Try launching a grid with no         
          partial wave. The overall impact of this tail effect also lessens with the number of full waves executed for  
          a grid. See the Hardware Model                                                                                
          (https://docs.nvidia.com/nsight-compute/ProfilingGuide/index.html#metrics-hw-model) description for more      
          details on launch configurations.                                                                             

    Section: Occupancy
    ------------------------------- ----------- ------------
    Metric Name                     Metric Unit Metric Value
    ------------------------------- ----------- ------------
    Block Limit SM                        block           24
    Block Limit Registers                 block            6
    Block Limit Shared Mem                block           16
    Block Limit Warps                     block            6
    Theoretical Active Warps per SM        warp           48
    Theoretical Occupancy                     %          100
    Achieved Occupancy                        %        76.51
    Achieved Active Warps Per SM           warp        36.72
    ------------------------------- ----------- ------------

    OPT   Est. Local Speedup: 23.49%                                                                                    
          The difference between calculated theoretical (100.0%) and measured achieved occupancy (76.5%) can be the     
          result of warp scheduling overheads or workload imbalances during the kernel execution. Load imbalances can   
          occur between warps within a block as well as across blocks of the same kernel. See the CUDA Best Practices   
          Guide (https://docs.nvidia.com/cuda/cuda-c-best-practices-guide/index.html#occupancy) for more details on     
          optimizing occupancy.                                                                                         

    Section: GPU and Memory Workload Distribution
    -------------------------- ----------- ------------
    Metric Name                Metric Unit Metric Value
    -------------------------- ----------- ------------
    Average DRAM Active Cycles       cycle        16524
    Total DRAM Elapsed Cycles        cycle      1655808
    Average L1 Active Cycles         cycle     93116.58
    Total L1 Elapsed Cycles          cycle      2348928
    Average L2 Active Cycles         cycle     60138.19
    Total L2 Elapsed Cycles          cycle      1484592
    Average SM Active Cycles         cycle     93116.58
    Total SM Elapsed Cycles          cycle      2348928
    Average SMSP Active Cycles       cycle     92604.96
    Total SMSP Elapsed Cycles        cycle      9395712
    -------------------------- ----------- ------------

  softmax_kernel(float *) (1, 16, 1)x(256, 1, 1), Context 1, Stream 7, Device 0, CC 8.9
    Section: GPU Speed Of Light Throughput
    ----------------------- ------------- ------------
    Metric Name               Metric Unit Metric Value
    ----------------------- ------------- ------------
    DRAM Frequency          cycle/nsecond         8.07
    SM Frequency            cycle/nsecond         1.92
    Elapsed Cycles                  cycle        46158
    Memory Throughput                   %        43.43
    DRAM Throughput                     %         4.46
    Duration                      usecond        24.10
    L1/TEX Cache Throughput             %        61.80
    L2 Cache Throughput                 %        43.43
    SM Active Cycles                cycle        24710
    Compute (SM) Throughput             %         2.73
    ----------------------- ------------- ------------

    OPT   This kernel grid is too small to fill the available resources on this device, resulting in only 0.1 full      
          waves across all SMs. Look at Launch Statistics for more details.                                             

    Section: Launch Statistics
    -------------------------------- --------------- ---------------
    Metric Name                          Metric Unit    Metric Value
    -------------------------------- --------------- ---------------
    Block Size                                                   256
    Function Cache Configuration                     CachePreferNone
    Grid Size                                                     16
    Registers Per Thread             register/thread              35
    Shared Memory Configuration Size           Kbyte           16.38
    Driver Shared Memory Per Block       Kbyte/block            1.02
    Dynamic Shared Memory Per Block       byte/block               0
    Static Shared Memory Per Block        byte/block               0
    # SMs                                         SM              24
    Threads                                   thread            4096
    Uses Green Context                                             0
    Waves Per SM                                                0.11
    -------------------------------- --------------- ---------------

    OPT   Est. Speedup: 33.33%                                                                                          
          The grid for this launch is configured to execute only 16 blocks, which is less than the GPU's 24             
          multiprocessors. This can underutilize some multiprocessors. If you do not intend to execute this kernel      
          concurrently with other workloads, consider reducing the block size to have at least one block per            
          multiprocessor or increase the size of the grid to fully utilize the available hardware resources. See the    
          Hardware Model (https://docs.nvidia.com/nsight-compute/ProfilingGuide/index.html#metrics-hw-model)            
          description for more details on launch configurations.                                                        

    Section: Occupancy
    ------------------------------- ----------- ------------
    Metric Name                     Metric Unit Metric Value
    ------------------------------- ----------- ------------
    Block Limit SM                        block           24
    Block Limit Registers                 block            6
    Block Limit Shared Mem                block           16
    Block Limit Warps                     block            6
    Theoretical Active Warps per SM        warp           48
    Theoretical Occupancy                     %          100
    Achieved Occupancy                        %         8.27
    Achieved Active Warps Per SM           warp         3.97
    ------------------------------- ----------- ------------

    OPT   Est. Local Speedup: 91.73%                                                                                    
          The difference between calculated theoretical (100.0%) and measured achieved occupancy (8.3%) can be the      
          result of warp scheduling overheads or workload imbalances during the kernel execution. Load imbalances can   
          occur between warps within a block as well as across blocks of the same kernel. See the CUDA Best Practices   
          Guide (https://docs.nvidia.com/cuda/cuda-c-best-practices-guide/index.html#occupancy) for more details on     
          optimizing occupancy.                                                                                         

    Section: GPU and Memory Workload Distribution
    -------------------------- ----------- ------------
    Metric Name                Metric Unit Metric Value
    -------------------------- ----------- ------------
    Average DRAM Active Cycles       cycle         8676
    Total DRAM Elapsed Cycles        cycle       778240
    Average L1 Active Cycles         cycle        24710
    Total L1 Elapsed Cycles          cycle      1106248
    Average L2 Active Cycles         cycle     37705.50
    Total L2 Elapsed Cycles          cycle       697904
    Average SM Active Cycles         cycle        24710
    Total SM Elapsed Cycles          cycle      1106248
    Average SMSP Active Cycles       cycle     24383.34
    Total SMSP Elapsed Cycles        cycle      4424992
    -------------------------- ----------- ------------

    OPT   Est. Speedup: 23.69%                                                                                          
          One or more SMs have a much lower number of active cycles than the average number of active cycles. Maximum   
          instance value is 44.18% above the average, while the minimum instance value is 100.00% below the average.    
    ----- --------------------------------------------------------------------------------------------------------------
    OPT   Est. Speedup: 23.64%                                                                                          
          One or more SMSPs have a much lower number of active cycles than the average number of active cycles. Maximum 
          instance value is 44.70% above the average, while the minimum instance value is 100.00% below the average.    
    ----- --------------------------------------------------------------------------------------------------------------
    OPT   Est. Speedup: 23.69%                                                                                          
          One or more L1 Slices have a much lower number of active cycles than the average number of active cycles.     
          Maximum instance value is 44.18% above the average, while the minimum instance value is 100.00% below the     
          average.                                                                                                      

  av_kernel(const float *, const float *, float *) (16, 16, 1)x(256, 1, 1), Context 1, Stream 7, Device 0, CC 8.9
    Section: GPU Speed Of Light Throughput
    ----------------------- ------------- ------------
    Metric Name               Metric Unit Metric Value
    ----------------------- ------------- ------------
    DRAM Frequency          cycle/nsecond         8.03
    SM Frequency            cycle/nsecond         1.91
    Elapsed Cycles                  cycle        15338
    Memory Throughput                   %        72.56
    DRAM Throughput                     %        25.61
    Duration                      usecond         8.03
    L1/TEX Cache Throughput             %        86.62
    L2 Cache Throughput                 %         9.46
    SM Active Cycles                cycle     13003.58
    Compute (SM) Throughput             %        72.56
    ----------------------- ------------- ------------

    INF   Compute and Memory are well-balanced: To reduce runtime, both computation and memory traffic must be reduced. 
          Check both the Compute Workload Analysis and Memory Workload Analysis sections.                               

    Section: Launch Statistics
    -------------------------------- --------------- ---------------
    Metric Name                          Metric Unit    Metric Value
    -------------------------------- --------------- ---------------
    Block Size                                                   256
    Function Cache Configuration                     CachePreferNone
    Grid Size                                                    256
    Registers Per Thread             register/thread              40
    Shared Memory Configuration Size           Kbyte           16.38
    Driver Shared Memory Per Block       Kbyte/block            1.02
    Dynamic Shared Memory Per Block       byte/block               0
    Static Shared Memory Per Block        byte/block               0
    # SMs                                         SM              24
    Threads                                   thread           65536
    Uses Green Context                                             0
    Waves Per SM                                                1.78
    -------------------------------- --------------- ---------------

    OPT   Est. Speedup: 50%                                                                                             
          A wave of thread blocks is defined as the maximum number of blocks that can be executed in parallel on the    
          target GPU. The number of blocks in a wave depends on the number of multiprocessors and the theoretical       
          occupancy of the kernel. This kernel launch results in 1 full waves and a partial wave of 111 thread blocks.  
          Under the assumption of a uniform execution duration of all thread blocks, the partial wave may account for   
          up to 50.0% of the total kernel runtime with a lower occupancy of 22.7%. Try launching a grid with no         
          partial wave. The overall impact of this tail effect also lessens with the number of full waves executed for  
          a grid. See the Hardware Model                                                                                
          (https://docs.nvidia.com/nsight-compute/ProfilingGuide/index.html#metrics-hw-model) description for more      
          details on launch configurations.                                                                             

    Section: Occupancy
    ------------------------------- ----------- ------------
    Metric Name                     Metric Unit Metric Value
    ------------------------------- ----------- ------------
    Block Limit SM                        block           24
    Block Limit Registers                 block            6
    Block Limit Shared Mem                block           16
    Block Limit Warps                     block            6
    Theoretical Active Warps per SM        warp           48
    Theoretical Occupancy                     %          100
    Achieved Occupancy                        %        77.30
    Achieved Active Warps Per SM           warp        37.11
    ------------------------------- ----------- ------------

    OPT   Est. Local Speedup: 22.7%                                                                                     
          The difference between calculated theoretical (100.0%) and measured achieved occupancy (77.3%) can be the     
          result of warp scheduling overheads or workload imbalances during the kernel execution. Load imbalances can   
          occur between warps within a block as well as across blocks of the same kernel. See the CUDA Best Practices   
          Guide (https://docs.nvidia.com/cuda/cuda-c-best-practices-guide/index.html#occupancy) for more details on     
          optimizing occupancy.                                                                                         

    Section: GPU and Memory Workload Distribution
    -------------------------- ----------- ------------
    Metric Name                Metric Unit Metric Value
    -------------------------- ----------- ------------
    Average DRAM Active Cycles       cycle        16524
    Total DRAM Elapsed Cycles        cycle       258048
    Average L1 Active Cycles         cycle     13003.58
    Total L1 Elapsed Cycles          cycle       372560
    Average L2 Active Cycles         cycle     11200.06
    Total L2 Elapsed Cycles          cycle       231760
    Average SM Active Cycles         cycle     13003.58
    Total SM Elapsed Cycles          cycle       372560
    Average SMSP Active Cycles       cycle     12946.15
    Total SMSP Elapsed Cycles        cycle      1490240
    -------------------------- ----------- ------------

    OPT   Est. Speedup: 9.314%                                                                                          
          One or more L2 Slices have a much higher number of active cycles than the average number of active cycles.    
          Maximum instance value is 12.05% above the average, while the minimum instance value is 3.34% below the       
          average.                                                                                                      

  residual_kernel(float *, const float *, int) (256, 1, 1)x(256, 1, 1), Context 1, Stream 7, Device 0, CC 8.9
    Section: GPU Speed Of Light Throughput
    ----------------------- ------------- ------------
    Metric Name               Metric Unit Metric Value
    ----------------------- ------------- ------------
    DRAM Frequency          cycle/nsecond         8.07
    SM Frequency            cycle/nsecond         1.91
    Elapsed Cycles                  cycle         7390
    Memory Throughput                   %        52.74
    DRAM Throughput                     %        52.74
    Duration                      usecond         3.87
    L1/TEX Cache Throughput             %        13.08
    L2 Cache Throughput                 %        14.69
    SM Active Cycles                cycle      5217.33
    Compute (SM) Throughput             %         9.38
    ----------------------- ------------- ------------

    OPT   This kernel exhibits low compute throughput and memory bandwidth utilization relative to the peak performance 
          of this device. Achieved compute throughput and/or memory bandwidth below 60.0% of peak typically indicate    
          latency issues. Look at Scheduler Statistics and Warp State Statistics for potential reasons.                 

    Section: Launch Statistics
    -------------------------------- --------------- ---------------
    Metric Name                          Metric Unit    Metric Value
    -------------------------------- --------------- ---------------
    Block Size                                                   256
    Function Cache Configuration                     CachePreferNone
    Grid Size                                                    256
    Registers Per Thread             register/thread              16
    Shared Memory Configuration Size           Kbyte           16.38
    Driver Shared Memory Per Block       Kbyte/block            1.02
    Dynamic Shared Memory Per Block       byte/block               0
    Static Shared Memory Per Block        byte/block               0
    # SMs                                         SM              24
    Threads                                   thread           65536
    Uses Green Context                                             0
    Waves Per SM                                                1.78
    -------------------------------- --------------- ---------------

    OPT   Est. Speedup: 50%                                                                                             
          A wave of thread blocks is defined as the maximum number of blocks that can be executed in parallel on the    
          target GPU. The number of blocks in a wave depends on the number of multiprocessors and the theoretical       
          occupancy of the kernel. This kernel launch results in 1 full waves and a partial wave of 111 thread blocks.  
          Under the assumption of a uniform execution duration of all thread blocks, the partial wave may account for   
          up to 50.0% of the total kernel runtime with a lower occupancy of 25.3%. Try launching a grid with no         
          partial wave. The overall impact of this tail effect also lessens with the number of full waves executed for  
          a grid. See the Hardware Model                                                                                
          (https://docs.nvidia.com/nsight-compute/ProfilingGuide/index.html#metrics-hw-model) description for more      
          details on launch configurations.                                                                             

    Section: Occupancy
    ------------------------------- ----------- ------------
    Metric Name                     Metric Unit Metric Value
    ------------------------------- ----------- ------------
    Block Limit SM                        block           24
    Block Limit Registers                 block           16
    Block Limit Shared Mem                block           16
    Block Limit Warps                     block            6
    Theoretical Active Warps per SM        warp           48
    Theoretical Occupancy                     %          100
    Achieved Occupancy                        %        74.74
    Achieved Active Warps Per SM           warp        35.87
    ------------------------------- ----------- ------------

    OPT   Est. Local Speedup: 25.26%                                                                                    
          The difference between calculated theoretical (100.0%) and measured achieved occupancy (74.7%) can be the     
          result of warp scheduling overheads or workload imbalances during the kernel execution. Load imbalances can   
          occur between warps within a block as well as across blocks of the same kernel. See the CUDA Best Practices   
          Guide (https://docs.nvidia.com/cuda/cuda-c-best-practices-guide/index.html#occupancy) for more details on     
          optimizing occupancy.                                                                                         

    Section: GPU and Memory Workload Distribution
    -------------------------- ----------- ------------
    Metric Name                Metric Unit Metric Value
    -------------------------- ----------- ------------
    Average DRAM Active Cycles       cycle        16472
    Total DRAM Elapsed Cycles        cycle       124928
    Average L1 Active Cycles         cycle      5217.33
    Total L1 Elapsed Cycles          cycle       174696
    Average L2 Active Cycles         cycle      4413.94
    Total L2 Elapsed Cycles          cycle       111536
    Average SM Active Cycles         cycle      5217.33
    Total SM Elapsed Cycles          cycle       174696
    Average SMSP Active Cycles       cycle      5242.29
    Total SMSP Elapsed Cycles        cycle       698784
    -------------------------- ----------- ------------

    OPT   Est. Speedup: 5.386%                                                                                          
          One or more SMSPs have a much lower number of active cycles than the average number of active cycles. Maximum 
          instance value is 7.48% above the average, while the minimum instance value is 12.67% below the average.      

  layer_norm_kernel(const float *, float *, int) (1, 16, 1)x(256, 1, 1), Context 1, Stream 7, Device 0, CC 8.9
    Section: GPU Speed Of Light Throughput
    ----------------------- ------------- ------------
    Metric Name               Metric Unit Metric Value
    ----------------------- ------------- ------------
    DRAM Frequency          cycle/nsecond         8.08
    SM Frequency            cycle/nsecond         1.92
    Elapsed Cycles                  cycle        46264
    Memory Throughput                   %        24.04
    DRAM Throughput                     %         4.40
    Duration                      usecond        24.13
    L1/TEX Cache Throughput             %        41.42
    L2 Cache Throughput                 %        19.44
    SM Active Cycles                cycle     26382.17
    Compute (SM) Throughput             %         1.53
    ----------------------- ------------- ------------

    OPT   This kernel grid is too small to fill the available resources on this device, resulting in only 0.1 full      
          waves across all SMs. Look at Launch Statistics for more details.                                             

    Section: Launch Statistics
    -------------------------------- --------------- ---------------
    Metric Name                          Metric Unit    Metric Value
    -------------------------------- --------------- ---------------
    Block Size                                                   256
    Function Cache Configuration                     CachePreferNone
    Grid Size                                                     16
    Registers Per Thread             register/thread              40
    Shared Memory Configuration Size           Kbyte           16.38
    Driver Shared Memory Per Block       Kbyte/block            1.02
    Dynamic Shared Memory Per Block       byte/block               0
    Static Shared Memory Per Block        byte/block               0
    # SMs                                         SM              24
    Threads                                   thread            4096
    Uses Green Context                                             0
    Waves Per SM                                                0.11
    -------------------------------- --------------- ---------------

    OPT   Est. Speedup: 33.33%                                                                                          
          The grid for this launch is configured to execute only 16 blocks, which is less than the GPU's 24             
          multiprocessors. This can underutilize some multiprocessors. If you do not intend to execute this kernel      
          concurrently with other workloads, consider reducing the block size to have at least one block per            
          multiprocessor or increase the size of the grid to fully utilize the available hardware resources. See the    
          Hardware Model (https://docs.nvidia.com/nsight-compute/ProfilingGuide/index.html#metrics-hw-model)            
          description for more details on launch configurations.                                                        

    Section: Occupancy
    ------------------------------- ----------- ------------
    Metric Name                     Metric Unit Metric Value
    ------------------------------- ----------- ------------
    Block Limit SM                        block           24
    Block Limit Registers                 block            6
    Block Limit Shared Mem                block           16
    Block Limit Warps                     block            6
    Theoretical Active Warps per SM        warp           48
    Theoretical Occupancy                     %          100
    Achieved Occupancy                        %         2.14
    Achieved Active Warps Per SM           warp         1.03
    ------------------------------- ----------- ------------

    OPT   Est. Local Speedup: 97.86%                                                                                    
          The difference between calculated theoretical (100.0%) and measured achieved occupancy (2.1%) can be the      
          result of warp scheduling overheads or workload imbalances during the kernel execution. Load imbalances can   
          occur between warps within a block as well as across blocks of the same kernel. See the CUDA Best Practices   
          Guide (https://docs.nvidia.com/cuda/cuda-c-best-practices-guide/index.html#occupancy) for more details on     
          optimizing occupancy.                                                                                         

    Section: GPU and Memory Workload Distribution
    -------------------------- ----------- ------------
    Metric Name                Metric Unit Metric Value
    -------------------------- ----------- ------------
    Average DRAM Active Cycles       cycle         8576
    Total DRAM Elapsed Cycles        cycle       780288
    Average L1 Active Cycles         cycle     26382.17
    Total L1 Elapsed Cycles          cycle      1090816
    Average L2 Active Cycles         cycle     24574.44
    Total L2 Elapsed Cycles          cycle       699008
    Average SM Active Cycles         cycle     26382.17
    Total SM Elapsed Cycles          cycle      1090816
    Average SMSP Active Cycles       cycle      6489.51
    Total SMSP Elapsed Cycles        cycle      4363264
    -------------------------- ----------- ------------

    OPT   Est. Speedup: 23.51%                                                                                          
          One or more SMs have a much lower number of active cycles than the average number of active cycles. Maximum   
          instance value is 40.50% above the average, while the minimum instance value is 100.00% below the average.    
    ----- --------------------------------------------------------------------------------------------------------------
    OPT   Est. Speedup: 12%                                                                                             
          One or more SMSPs have a much lower number of active cycles than the average number of active cycles. Maximum 
          instance value is 84.06% above the average, while the minimum instance value is 100.00% below the average.    
    ----- --------------------------------------------------------------------------------------------------------------
    OPT   Est. Speedup: 23.51%                                                                                          
          One or more L1 Slices have a much lower number of active cycles than the average number of active cycles.     
          Maximum instance value is 40.50% above the average, while the minimum instance value is 100.00% below the     
          average.                                                                                                      
    ----- --------------------------------------------------------------------------------------------------------------
    OPT   Est. Speedup: 5.189%                                                                                          
          One or more L2 Slices have a much higher number of active cycles than the average number of active cycles.    
          Maximum instance value is 9.23% above the average, while the minimum instance value is 4.97% below the        
          average.                                                                                                      

  conv1d_kernel(const float *, const float *, float *, int, int) (64, 16, 1)x(256, 1, 1), Context 1, Stream 7, Device 0, CC 8.9
    Section: GPU Speed Of Light Throughput
    ----------------------- ------------- ------------
    Metric Name               Metric Unit Metric Value
    ----------------------- ------------- ------------
    DRAM Frequency          cycle/nsecond         8.09
    SM Frequency            cycle/nsecond         1.92
    Elapsed Cycles                  cycle      4336845
    Memory Throughput                   %        98.54
    DRAM Throughput                     %         0.18
    Duration                      msecond         2.26
    L1/TEX Cache Throughput             %        99.89
    L2 Cache Throughput                 %        58.98
    SM Active Cycles                cycle   4244917.33
    Compute (SM) Throughput             %        11.96
    ----------------------- ------------- ------------

    INF   The kernel is utilizing greater than 80.0% of the available compute or memory performance of the device. To   
          further improve performance, work will likely need to be shifted from the most utilized to another unit.      
          Start by analyzing L1 in the Memory Workload Analysis section.                                                

    Section: Launch Statistics
    -------------------------------- --------------- ---------------
    Metric Name                          Metric Unit    Metric Value
    -------------------------------- --------------- ---------------
    Block Size                                                   256
    Function Cache Configuration                     CachePreferNone
    Grid Size                                                   1024
    Registers Per Thread             register/thread              40
    Shared Memory Configuration Size           Kbyte           16.38
    Driver Shared Memory Per Block       Kbyte/block            1.02
    Dynamic Shared Memory Per Block       byte/block               0
    Static Shared Memory Per Block        byte/block               0
    # SMs                                         SM              24
    Threads                                   thread          262144
    Uses Green Context                                             0
    Waves Per SM                                                7.11
    -------------------------------- --------------- ---------------

    Section: Occupancy
    ------------------------------- ----------- ------------
    Metric Name                     Metric Unit Metric Value
    ------------------------------- ----------- ------------
    Block Limit SM                        block           24
    Block Limit Registers                 block            6
    Block Limit Shared Mem                block           16
    Block Limit Warps                     block            6
    Theoretical Active Warps per SM        warp           48
    Theoretical Occupancy                     %          100
    Achieved Occupancy                        %        94.52
    Achieved Active Warps Per SM           warp        45.37
    ------------------------------- ----------- ------------

    Section: GPU and Memory Workload Distribution
    -------------------------- ----------- ------------
    Metric Name                Metric Unit Metric Value
    -------------------------- ----------- ------------
    Average DRAM Active Cycles       cycle        33140
    Total DRAM Elapsed Cycles        cycle     73120768
    Average L1 Active Cycles         cycle   4244917.33
    Total L1 Elapsed Cycles          cycle    103274536
    Average L2 Active Cycles         cycle   4056541.31
    Total L2 Elapsed Cycles          cycle     65572128
    Average SM Active Cycles         cycle   4244917.33
    Total SM Elapsed Cycles          cycle    103274536
    Average SMSP Active Cycles       cycle   4243895.36
    Total SMSP Elapsed Cycles        cycle    413098144
    -------------------------- ----------- ------------

  linear_proj_kernel(const float *, const float *, float *, int, int) (32, 16, 1)x(256, 1, 1), Context 1, Stream 7, Device 0, CC 8.9
    Section: GPU Speed Of Light Throughput
    ----------------------- ------------- ------------
    Metric Name               Metric Unit Metric Value
    ----------------------- ------------- ------------
    DRAM Frequency          cycle/nsecond         8.09
    SM Frequency            cycle/nsecond         1.92
    Elapsed Cycles                  cycle      1541706
    Memory Throughput                   %        85.26
    DRAM Throughput                     %         0.64
    Duration                      usecond       803.01
    L1/TEX Cache Throughput             %        99.47
    L2 Cache Throughput                 %        20.44
    SM Active Cycles                cycle   1429008.21
    Compute (SM) Throughput             %         6.66
    ----------------------- ------------- ------------

    INF   The kernel is utilizing greater than 80.0% of the available compute or memory performance of the device. To   
          further improve performance, work will likely need to be shifted from the most utilized to another unit.      
          Start by analyzing L1 in the Memory Workload Analysis section.                                                

    Section: Launch Statistics
    -------------------------------- --------------- ---------------
    Metric Name                          Metric Unit    Metric Value
    -------------------------------- --------------- ---------------
    Block Size                                                   256
    Function Cache Configuration                     CachePreferNone
    Grid Size                                                    512
    Registers Per Thread             register/thread              40
    Shared Memory Configuration Size           Kbyte           65.54
    Driver Shared Memory Per Block       Kbyte/block            1.02
    Dynamic Shared Memory Per Block       byte/block               0
    Static Shared Memory Per Block       Kbyte/block            2.05
    # SMs                                         SM              24
    Threads                                   thread          131072
    Uses Green Context                                             0
    Waves Per SM                                                3.56
    -------------------------------- --------------- ---------------

    OPT   Est. Speedup: 25%                                                                                             
          A wave of thread blocks is defined as the maximum number of blocks that can be executed in parallel on the    
          target GPU. The number of blocks in a wave depends on the number of multiprocessors and the theoretical       
          occupancy of the kernel. This kernel launch results in 3 full waves and a partial wave of 79 thread blocks.   
          Under the assumption of a uniform execution duration of all thread blocks, the partial wave may account for   
          up to 25.0% of the total kernel runtime with a lower occupancy of 31.8%. Try launching a grid with no         
          partial wave. The overall impact of this tail effect also lessens with the number of full waves executed for  
          a grid. See the Hardware Model                                                                                
          (https://docs.nvidia.com/nsight-compute/ProfilingGuide/index.html#metrics-hw-model) description for more      
          details on launch configurations.                                                                             

    Section: Occupancy
    ------------------------------- ----------- ------------
    Metric Name                     Metric Unit Metric Value
    ------------------------------- ----------- ------------
    Block Limit SM                        block           24
    Block Limit Registers                 block            6
    Block Limit Shared Mem                block           21
    Block Limit Warps                     block            6
    Theoretical Active Warps per SM        warp           48
    Theoretical Occupancy                     %          100
    Achieved Occupancy                        %        68.16
    Achieved Active Warps Per SM           warp        32.72
    ------------------------------- ----------- ------------

    OPT   Est. Local Speedup: 31.84%                                                                                    
          The difference between calculated theoretical (100.0%) and measured achieved occupancy (68.2%) can be the     
          result of warp scheduling overheads or workload imbalances during the kernel execution. Load imbalances can   
          occur between warps within a block as well as across blocks of the same kernel. See the CUDA Best Practices   
          Guide (https://docs.nvidia.com/cuda/cuda-c-best-practices-guide/index.html#occupancy) for more details on     
          optimizing occupancy.                                                                                         

    Section: GPU and Memory Workload Distribution
    -------------------------- ----------- ------------
    Metric Name                Metric Unit Metric Value
    -------------------------- ----------- ------------
    Average DRAM Active Cycles       cycle        41452
    Total DRAM Elapsed Cycles        cycle     25993216
    Average L1 Active Cycles         cycle   1429008.21
    Total L1 Elapsed Cycles          cycle     40010848
    Average L2 Active Cycles         cycle   1336284.06
    Total L2 Elapsed Cycles          cycle     23311728
    Average SM Active Cycles         cycle   1429008.21
    Total SM Elapsed Cycles          cycle     40010848
    Average SMSP Active Cycles       cycle   1426122.70
    Total SMSP Elapsed Cycles        cycle    160043392
    -------------------------- ----------- ------------

    OPT   Est. Speedup: 6.167%                                                                                          
          One or more SMs have a much higher number of active cycles than the average number of active cycles. Maximum  
          instance value is 7.19% above the average, while the minimum instance value is 1.62% below the average.       
    ----- --------------------------------------------------------------------------------------------------------------
    OPT   Est. Speedup: 6.167%                                                                                          
          One or more L1 Slices have a much higher number of active cycles than the average number of active cycles.    
          Maximum instance value is 7.19% above the average, while the minimum instance value is 1.62% below the        
          average.                                                                                                      

  residual_kernel(float *, const float *, int) (256, 1, 1)x(256, 1, 1), Context 1, Stream 7, Device 0, CC 8.9
    Section: GPU Speed Of Light Throughput
    ----------------------- ------------- ------------
    Metric Name               Metric Unit Metric Value
    ----------------------- ------------- ------------
    DRAM Frequency          cycle/nsecond            8
    SM Frequency            cycle/nsecond         1.90
    Elapsed Cycles                  cycle         7352
    Memory Throughput                   %        53.16
    DRAM Throughput                     %        53.16
    Duration                      usecond         3.87
    L1/TEX Cache Throughput             %        13.52
    L2 Cache Throughput                 %        14.84
    SM Active Cycles                cycle      5049.96
    Compute (SM) Throughput             %         8.96
    ----------------------- ------------- ------------

    OPT   This kernel exhibits low compute throughput and memory bandwidth utilization relative to the peak performance 
          of this device. Achieved compute throughput and/or memory bandwidth below 60.0% of peak typically indicate    
          latency issues. Look at Scheduler Statistics and Warp State Statistics for potential reasons.                 

    Section: Launch Statistics
    -------------------------------- --------------- ---------------
    Metric Name                          Metric Unit    Metric Value
    -------------------------------- --------------- ---------------
    Block Size                                                   256
    Function Cache Configuration                     CachePreferNone
    Grid Size                                                    256
    Registers Per Thread             register/thread              16
    Shared Memory Configuration Size           Kbyte           16.38
    Driver Shared Memory Per Block       Kbyte/block            1.02
    Dynamic Shared Memory Per Block       byte/block               0
    Static Shared Memory Per Block        byte/block               0
    # SMs                                         SM              24
    Threads                                   thread           65536
    Uses Green Context                                             0
    Waves Per SM                                                1.78
    -------------------------------- --------------- ---------------

    Section: Occupancy
    ------------------------------- ----------- ------------
    Metric Name                     Metric Unit Metric Value
    ------------------------------- ----------- ------------
    Block Limit SM                        block           24
    Block Limit Registers                 block           16
    Block Limit Shared Mem                block           16
    Block Limit Warps                     block            6
    Theoretical Active Warps per SM        warp           48
    Theoretical Occupancy                     %          100
    Achieved Occupancy                        %        84.23
    Achieved Active Warps Per SM           warp        40.43
    ------------------------------- ----------- ------------

    OPT   Est. Local Speedup: 15.77%                                                                                    
          The difference between calculated theoretical (100.0%) and measured achieved occupancy (84.2%) can be the     
          result of warp scheduling overheads or workload imbalances during the kernel execution. Load imbalances can   
          occur between warps within a block as well as across blocks of the same kernel. See the CUDA Best Practices   
          Guide (https://docs.nvidia.com/cuda/cuda-c-best-practices-guide/index.html#occupancy) for more details on     
          optimizing occupancy.                                                                                         

    Section: GPU and Memory Workload Distribution
    -------------------------- ----------- ------------
    Metric Name                Metric Unit Metric Value
    -------------------------- ----------- ------------
    Average DRAM Active Cycles       cycle        16468
    Total DRAM Elapsed Cycles        cycle       123904
    Average L1 Active Cycles         cycle      5049.96
    Total L1 Elapsed Cycles          cycle       182800
    Average L2 Active Cycles         cycle      4605.38
    Total L2 Elapsed Cycles          cycle       110992
    Average SM Active Cycles         cycle      5049.96
    Total SM Elapsed Cycles          cycle       182800
    Average SMSP Active Cycles       cycle      5554.35
    Total SMSP Elapsed Cycles        cycle       731200
    -------------------------- ----------- ------------

    OPT   Est. Speedup: 9.968%                                                                                          
          One or more L2 Slices have a much higher number of active cycles than the average number of active cycles.    
          Maximum instance value is 15.01% above the average, while the minimum instance value is 7.59% below the       
          average.                                                                                                      

