==PROF== Connected to process 3110 (/workspace/P5/main)
==PROF== Profiling "layer_norm_kernel" - 0: 0%....50%....100% - 8 passes
==PROF== Profiling "linear_proj_kernel" - 1: 0%....50%....100% - 8 passes
==PROF== Profiling "linear_proj_kernel" - 2: 0%....50%....100% - 8 passes
==PROF== Profiling "linear_proj_kernel" - 3: 0%....50%....100% - 8 passes
==PROF== Profiling "qkt_kernel" - 4: 0%....50%....100% - 8 passes
==PROF== Profiling "softmax_kernel(float *)" - 5: 0%....50%....100% - 8 passes
==PROF== Profiling "av_kernel" - 6: 0%....50%....100% - 8 passes
==PROF== Profiling "residual_kernel" - 7: 0%....50%....100% - 8 passes
==PROF== Profiling "layer_norm_kernel" - 8: 0%....50%....100% - 8 passes
==PROF== Profiling "conv1d_kernel" - 9: 0%....50%....100% - 8 passes
==PROF== Profiling "linear_proj_kernel" - 10: 0%....50%....100% - 8 passes
==PROF== Profiling "residual_kernel" - 11: 0%....50%....100% - 8 passes
Starting VITS Text Encoder Simulation (Part 5 Multi-pattern)...
Encoder Simulation Completed.
Patterns: 4 | Block size: 256
Kernel time: 1360.1949 ms (340.0487 ms / pattern)
Pattern-0 Checksum: 99.228035
==PROF== Disconnected from process 3110
[3110] main@127.0.0.1
  layer_norm_kernel(const float *, float *, int) (1, 4, 1)x(256, 1, 1), Context 1, Stream 7, Device 0, CC 8.9
    Section: GPU Speed Of Light Throughput
    ----------------------- ------------- ------------
    Metric Name               Metric Unit Metric Value
    ----------------------- ------------- ------------
    DRAM Frequency          cycle/nsecond         8.08
    SM Frequency            cycle/nsecond         1.92
    Elapsed Cycles                  cycle        38555
    Memory Throughput                   %         7.07
    DRAM Throughput                     %         1.50
    Duration                      usecond        20.13
    L1/TEX Cache Throughput             %        44.80
    L2 Cache Throughput                 %         5.89
    SM Active Cycles                cycle      6098.71
    Compute (SM) Throughput             %         0.45
    ----------------------- ------------- ------------

    OPT   This kernel grid is too small to fill the available resources on this device, resulting in only 0.0 full      
          waves across all SMs. Look at Launch Statistics for more details.                                             

    Section: Launch Statistics
    -------------------------------- --------------- ---------------
    Metric Name                          Metric Unit    Metric Value
    -------------------------------- --------------- ---------------
    Block Size                                                   256
    Function Cache Configuration                     CachePreferNone
    Grid Size                                                      4
    Registers Per Thread             register/thread              40
    Shared Memory Configuration Size           Kbyte           16.38
    Driver Shared Memory Per Block       Kbyte/block            1.02
    Dynamic Shared Memory Per Block       byte/block               0
    Static Shared Memory Per Block        byte/block               0
    # SMs                                         SM              24
    Threads                                   thread            1024
    Uses Green Context                                             0
    Waves Per SM                                                0.03
    -------------------------------- --------------- ---------------

    OPT   Est. Speedup: 83.33%                                                                                          
          The grid for this launch is configured to execute only 4 blocks, which is less than the GPU's 24              
          multiprocessors. This can underutilize some multiprocessors. If you do not intend to execute this kernel      
          concurrently with other workloads, consider reducing the block size to have at least one block per            
          multiprocessor or increase the size of the grid to fully utilize the available hardware resources. See the    
          Hardware Model (https://docs.nvidia.com/nsight-compute/ProfilingGuide/index.html#metrics-hw-model)            
          description for more details on launch configurations.                                                        

    Section: Occupancy
    ------------------------------- ----------- ------------
    Metric Name                     Metric Unit Metric Value
    ------------------------------- ----------- ------------
    Block Limit SM                        block           24
    Block Limit Registers                 block            6
    Block Limit Shared Mem                block           16
    Block Limit Warps                     block            6
    Theoretical Active Warps per SM        warp           48
    Theoretical Occupancy                     %          100
    Achieved Occupancy                        %         2.21
    Achieved Active Warps Per SM           warp         1.06
    ------------------------------- ----------- ------------

    OPT   Est. Local Speedup: 97.79%                                                                                    
          The difference between calculated theoretical (100.0%) and measured achieved occupancy (2.2%) can be the      
          result of warp scheduling overheads or workload imbalances during the kernel execution. Load imbalances can   
          occur between warps within a block as well as across blocks of the same kernel. See the CUDA Best Practices   
          Guide (https://docs.nvidia.com/cuda/cuda-c-best-practices-guide/index.html#occupancy) for more details on     
          optimizing occupancy.                                                                                         

    Section: GPU and Memory Workload Distribution
    -------------------------- ----------- ------------
    Metric Name                Metric Unit Metric Value
    -------------------------- ----------- ------------
    Average DRAM Active Cycles       cycle         2432
    Total DRAM Elapsed Cycles        cycle       650240
    Average L1 Active Cycles         cycle      6098.71
    Total L1 Elapsed Cycles          cycle       927904
    Average L2 Active Cycles         cycle     13745.19
    Total L2 Elapsed Cycles          cycle       583104
    Average SM Active Cycles         cycle      6098.71
    Total SM Elapsed Cycles          cycle       927904
    Average SMSP Active Cycles       cycle      1555.05
    Total SMSP Elapsed Cycles        cycle      3711616
    -------------------------- ----------- ------------

    OPT   Est. Speedup: 13.15%                                                                                          
          One or more SMs have a much lower number of active cycles than the average number of active cycles. Maximum   
          instance value is 83.37% above the average, while the minimum instance value is 100.00% below the average.    
    ----- --------------------------------------------------------------------------------------------------------------
    OPT   Est. Speedup: 13.15%                                                                                          
          One or more L1 Slices have a much lower number of active cycles than the average number of active cycles.     
          Maximum instance value is 83.37% above the average, while the minimum instance value is 100.00% below the     
          average.                                                                                                      
    ----- --------------------------------------------------------------------------------------------------------------
    OPT   Est. Speedup: 6.154%                                                                                          
          One or more L2 Slices have a much higher number of active cycles than the average number of active cycles.    
          Maximum instance value is 16.32% above the average, while the minimum instance value is 4.98% below the       
          average.                                                                                                      

  linear_proj_kernel(const float *, const float *, float *, int, int) (32, 4, 1)x(256, 1, 1), Context 1, Stream 7, Device 0, CC 8.9
    Section: GPU Speed Of Light Throughput
    ----------------------- ------------- ------------
    Metric Name               Metric Unit Metric Value
    ----------------------- ------------- ------------
    DRAM Frequency          cycle/nsecond         8.09
    SM Frequency            cycle/nsecond         1.92
    Elapsed Cycles                  cycle       106524
    Memory Throughput                   %        83.41
    DRAM Throughput                     %         0.95
    Duration                      usecond        55.52
    L1/TEX Cache Throughput             %        95.73
    L2 Cache Throughput                 %         4.85
    SM Active Cycles                cycle     92854.83
    Compute (SM) Throughput             %         6.61
    ----------------------- ------------- ------------

    INF   The kernel is utilizing greater than 80.0% of the available compute or memory performance of the device. To   
          further improve performance, work will likely need to be shifted from the most utilized to another unit.      
          Start by analyzing L1 in the Memory Workload Analysis section.                                                

    Section: Launch Statistics
    -------------------------------- --------------- ---------------
    Metric Name                          Metric Unit    Metric Value
    -------------------------------- --------------- ---------------
    Block Size                                                   256
    Function Cache Configuration                     CachePreferNone
    Grid Size                                                    128
    Registers Per Thread             register/thread              40
    Shared Memory Configuration Size           Kbyte           65.54
    Driver Shared Memory Per Block       Kbyte/block            1.02
    Dynamic Shared Memory Per Block       byte/block               0
    Static Shared Memory Per Block       Kbyte/block            2.05
    # SMs                                         SM              24
    Threads                                   thread           32768
    Uses Green Context                                             0
    Waves Per SM                                                0.89
    -------------------------------- --------------- ---------------

    Section: Occupancy
    ------------------------------- ----------- ------------
    Metric Name                     Metric Unit Metric Value
    ------------------------------- ----------- ------------
    Block Limit SM                        block           24
    Block Limit Registers                 block            6
    Block Limit Shared Mem                block           21
    Block Limit Warps                     block            6
    Theoretical Active Warps per SM        warp           48
    Theoretical Occupancy                     %          100
    Achieved Occupancy                        %        37.29
    Achieved Active Warps Per SM           warp        17.90
    ------------------------------- ----------- ------------

    OPT   Est. Local Speedup: 62.71%                                                                                    
          The difference between calculated theoretical (100.0%) and measured achieved occupancy (37.3%) can be the     
          result of warp scheduling overheads or workload imbalances during the kernel execution. Load imbalances can   
          occur between warps within a block as well as across blocks of the same kernel. See the CUDA Best Practices   
          Guide (https://docs.nvidia.com/cuda/cuda-c-best-practices-guide/index.html#occupancy) for more details on     
          optimizing occupancy.                                                                                         

    Section: GPU and Memory Workload Distribution
    -------------------------- ----------- ------------
    Metric Name                Metric Unit Metric Value
    -------------------------- ----------- ------------
    Average DRAM Active Cycles       cycle         4268
    Total DRAM Elapsed Cycles        cycle      1796096
    Average L1 Active Cycles         cycle     92854.83
    Total L1 Elapsed Cycles          cycle      2557712
    Average L2 Active Cycles         cycle     53528.50
    Total L2 Elapsed Cycles          cycle      1610992
    Average SM Active Cycles         cycle     92854.83
    Total SM Elapsed Cycles          cycle      2557712
    Average SMSP Active Cycles       cycle     91958.73
    Total SMSP Elapsed Cycles        cycle     10230848
    -------------------------- ----------- ------------

    OPT   Est. Speedup: 9.812%                                                                                          
          One or more SMs have a much higher number of active cycles than the average number of active cycles. Maximum  
          instance value is 11.26% above the average, while the minimum instance value is 7.00% below the average.      
    ----- --------------------------------------------------------------------------------------------------------------
    OPT   Est. Speedup: 10.59%                                                                                          
          One or more SMSPs have a much higher number of active cycles than the average number of active cycles.        
          Maximum instance value is 12.27% above the average, while the minimum instance value is 8.48% below the       
          average.                                                                                                      
    ----- --------------------------------------------------------------------------------------------------------------
    OPT   Est. Speedup: 9.812%                                                                                          
          One or more L1 Slices have a much higher number of active cycles than the average number of active cycles.    
          Maximum instance value is 11.26% above the average, while the minimum instance value is 7.00% below the       
          average.                                                                                                      
    ----- --------------------------------------------------------------------------------------------------------------
    OPT   Est. Speedup: 6.19%                                                                                           
          One or more L2 Slices have a much higher number of active cycles than the average number of active cycles.    
          Maximum instance value is 11.64% above the average, while the minimum instance value is 4.94% below the       
          average.                                                                                                      

  linear_proj_kernel(const float *, const float *, float *, int, int) (32, 4, 1)x(256, 1, 1), Context 1, Stream 7, Device 0, CC 8.9
    Section: GPU Speed Of Light Throughput
    ----------------------- ------------- ------------
    Metric Name               Metric Unit Metric Value
    ----------------------- ------------- ------------
    DRAM Frequency          cycle/nsecond         8.09
    SM Frequency            cycle/nsecond         1.92
    Elapsed Cycles                  cycle       106477
    Memory Throughput                   %        83.41
    DRAM Throughput                     %         0.95
    Duration                      usecond        55.52
    L1/TEX Cache Throughput             %        95.68
    L2 Cache Throughput                 %         4.96
    SM Active Cycles                cycle     92903.62
    Compute (SM) Throughput             %         6.61
    ----------------------- ------------- ------------

    INF   The kernel is utilizing greater than 80.0% of the available compute or memory performance of the device. To   
          further improve performance, work will likely need to be shifted from the most utilized to another unit.      
          Start by analyzing L1 in the Memory Workload Analysis section.                                                

    Section: Launch Statistics
    -------------------------------- --------------- ---------------
    Metric Name                          Metric Unit    Metric Value
    -------------------------------- --------------- ---------------
    Block Size                                                   256
    Function Cache Configuration                     CachePreferNone
    Grid Size                                                    128
    Registers Per Thread             register/thread              40
    Shared Memory Configuration Size           Kbyte           65.54
    Driver Shared Memory Per Block       Kbyte/block            1.02
    Dynamic Shared Memory Per Block       byte/block               0
    Static Shared Memory Per Block       Kbyte/block            2.05
    # SMs                                         SM              24
    Threads                                   thread           32768
    Uses Green Context                                             0
    Waves Per SM                                                0.89
    -------------------------------- --------------- ---------------

    Section: Occupancy
    ------------------------------- ----------- ------------
    Metric Name                     Metric Unit Metric Value
    ------------------------------- ----------- ------------
    Block Limit SM                        block           24
    Block Limit Registers                 block            6
    Block Limit Shared Mem                block           21
    Block Limit Warps                     block            6
    Theoretical Active Warps per SM        warp           48
    Theoretical Occupancy                     %          100
    Achieved Occupancy                        %        37.40
    Achieved Active Warps Per SM           warp        17.95
    ------------------------------- ----------- ------------

    OPT   Est. Local Speedup: 62.6%                                                                                     
          The difference between calculated theoretical (100.0%) and measured achieved occupancy (37.4%) can be the     
          result of warp scheduling overheads or workload imbalances during the kernel execution. Load imbalances can   
          occur between warps within a block as well as across blocks of the same kernel. See the CUDA Best Practices   
          Guide (https://docs.nvidia.com/cuda/cuda-c-best-practices-guide/index.html#occupancy) for more details on     
          optimizing occupancy.                                                                                         

    Section: GPU and Memory Workload Distribution
    -------------------------- ----------- ------------
    Metric Name                Metric Unit Metric Value
    -------------------------- ----------- ------------
    Average DRAM Active Cycles       cycle         4268
    Total DRAM Elapsed Cycles        cycle      1796096
    Average L1 Active Cycles         cycle     92903.62
    Total L1 Elapsed Cycles          cycle      2557672
    Average L2 Active Cycles         cycle     52697.50
    Total L2 Elapsed Cycles          cycle      1610384
    Average SM Active Cycles         cycle     92903.62
    Total SM Elapsed Cycles          cycle      2557672
    Average SMSP Active Cycles       cycle     92133.28
    Total SMSP Elapsed Cycles        cycle     10230688
    -------------------------- ----------- ------------

    OPT   Est. Speedup: 9.746%                                                                                          
          One or more SMs have a much higher number of active cycles than the average number of active cycles. Maximum  
          instance value is 11.18% above the average, while the minimum instance value is 6.64% below the average.      
    ----- --------------------------------------------------------------------------------------------------------------
    OPT   Est. Speedup: 10.38%                                                                                          
          One or more SMSPs have a much higher number of active cycles than the average number of active cycles.        
          Maximum instance value is 12.01% above the average, while the minimum instance value is 9.71% below the       
          average.                                                                                                      
    ----- --------------------------------------------------------------------------------------------------------------
    OPT   Est. Speedup: 9.746%                                                                                          
          One or more L1 Slices have a much higher number of active cycles than the average number of active cycles.    
          Maximum instance value is 11.18% above the average, while the minimum instance value is 6.64% below the       
          average.                                                                                                      
    ----- --------------------------------------------------------------------------------------------------------------
    OPT   Est. Speedup: 6.725%                                                                                          
          One or more L2 Slices have a much higher number of active cycles than the average number of active cycles.    
          Maximum instance value is 12.84% above the average, while the minimum instance value is 5.48% below the       
          average.                                                                                                      

  linear_proj_kernel(const float *, const float *, float *, int, int) (32, 4, 1)x(256, 1, 1), Context 1, Stream 7, Device 0, CC 8.9
    Section: GPU Speed Of Light Throughput
    ----------------------- ------------- ------------
    Metric Name               Metric Unit Metric Value
    ----------------------- ------------- ------------
    DRAM Frequency          cycle/nsecond         8.08
    SM Frequency            cycle/nsecond         1.92
    Elapsed Cycles                  cycle       106799
    Memory Throughput                   %        83.13
    DRAM Throughput                     %         0.95
    Duration                      usecond        55.68
    L1/TEX Cache Throughput             %        95.68
    L2 Cache Throughput                 %         4.92
    SM Active Cycles                cycle     92902.50
    Compute (SM) Throughput             %         6.58
    ----------------------- ------------- ------------

    INF   The kernel is utilizing greater than 80.0% of the available compute or memory performance of the device. To   
          further improve performance, work will likely need to be shifted from the most utilized to another unit.      
          Start by analyzing L1 in the Memory Workload Analysis section.                                                

    Section: Launch Statistics
    -------------------------------- --------------- ---------------
    Metric Name                          Metric Unit    Metric Value
    -------------------------------- --------------- ---------------
    Block Size                                                   256
    Function Cache Configuration                     CachePreferNone
    Grid Size                                                    128
    Registers Per Thread             register/thread              40
    Shared Memory Configuration Size           Kbyte           65.54
    Driver Shared Memory Per Block       Kbyte/block            1.02
    Dynamic Shared Memory Per Block       byte/block               0
    Static Shared Memory Per Block       Kbyte/block            2.05
    # SMs                                         SM              24
    Threads                                   thread           32768
    Uses Green Context                                             0
    Waves Per SM                                                0.89
    -------------------------------- --------------- ---------------

    Section: Occupancy
    ------------------------------- ----------- ------------
    Metric Name                     Metric Unit Metric Value
    ------------------------------- ----------- ------------
    Block Limit SM                        block           24
    Block Limit Registers                 block            6
    Block Limit Shared Mem                block           21
    Block Limit Warps                     block            6
    Theoretical Active Warps per SM        warp           48
    Theoretical Occupancy                     %          100
    Achieved Occupancy                        %        37.28
    Achieved Active Warps Per SM           warp        17.89
    ------------------------------- ----------- ------------

    OPT   Est. Local Speedup: 62.72%                                                                                    
          The difference between calculated theoretical (100.0%) and measured achieved occupancy (37.3%) can be the     
          result of warp scheduling overheads or workload imbalances during the kernel execution. Load imbalances can   
          occur between warps within a block as well as across blocks of the same kernel. See the CUDA Best Practices   
          Guide (https://docs.nvidia.com/cuda/cuda-c-best-practices-guide/index.html#occupancy) for more details on     
          optimizing occupancy.                                                                                         

    Section: GPU and Memory Workload Distribution
    -------------------------- ----------- ------------
    Metric Name                Metric Unit Metric Value
    -------------------------- ----------- ------------
    Average DRAM Active Cycles       cycle         4268
    Total DRAM Elapsed Cycles        cycle      1800192
    Average L1 Active Cycles         cycle     92902.50
    Total L1 Elapsed Cycles          cycle      2566288
    Average L2 Active Cycles         cycle     53370.81
    Total L2 Elapsed Cycles          cycle      1615264
    Average SM Active Cycles         cycle     92902.50
    Total SM Elapsed Cycles          cycle      2566288
    Average SMSP Active Cycles       cycle     91977.12
    Total SMSP Elapsed Cycles        cycle     10265152
    -------------------------- ----------- ------------

    OPT   Est. Speedup: 9.937%                                                                                          
          One or more SMs have a much higher number of active cycles than the average number of active cycles. Maximum  
          instance value is 11.44% above the average, while the minimum instance value is 6.59% below the average.      
    ----- --------------------------------------------------------------------------------------------------------------
    OPT   Est. Speedup: 10.46%                                                                                          
          One or more SMSPs have a much higher number of active cycles than the average number of active cycles.        
          Maximum instance value is 12.16% above the average, while the minimum instance value is 8.59% below the       
          average.                                                                                                      
    ----- --------------------------------------------------------------------------------------------------------------
    OPT   Est. Speedup: 9.937%                                                                                          
          One or more L1 Slices have a much higher number of active cycles than the average number of active cycles.    
          Maximum instance value is 11.44% above the average, while the minimum instance value is 6.59% below the       
          average.                                                                                                      

  qkt_kernel(const float *, const float *, float *, float) (16, 4, 1)x(256, 1, 1), Context 1, Stream 7, Device 0, CC 8.9
    Section: GPU Speed Of Light Throughput
    ----------------------- ------------- ------------
    Metric Name               Metric Unit Metric Value
    ----------------------- ------------- ------------
    DRAM Frequency          cycle/nsecond         8.07
    SM Frequency            cycle/nsecond         1.91
    Elapsed Cycles                  cycle        29140
    Memory Throughput                   %        77.74
    DRAM Throughput                     %         3.45
    Duration                      usecond        15.23
    L1/TEX Cache Throughput             %        92.95
    L2 Cache Throughput                 %         2.29
    SM Active Cycles                cycle     24298.96
    Compute (SM) Throughput             %         9.69
    ----------------------- ------------- ------------

    OPT   Memory is more heavily utilized than Compute: Look at the Memory Workload Analysis section to identify the L1 
          bottleneck. Check memory replay (coalescing) metrics to make sure you're efficiently utilizing the bytes      
          transferred. Also consider whether it is possible to do more work per memory access (kernel fusion) or        
          whether there are values you can (re)compute.                                                                 

    Section: Launch Statistics
    -------------------------------- --------------- ---------------
    Metric Name                          Metric Unit    Metric Value
    -------------------------------- --------------- ---------------
    Block Size                                                   256
    Function Cache Configuration                     CachePreferNone
    Grid Size                                                     64
    Registers Per Thread             register/thread              40
    Shared Memory Configuration Size           Kbyte           16.38
    Driver Shared Memory Per Block       Kbyte/block            1.02
    Dynamic Shared Memory Per Block       byte/block               0
    Static Shared Memory Per Block        byte/block               0
    # SMs                                         SM              24
    Threads                                   thread           16384
    Uses Green Context                                             0
    Waves Per SM                                                0.44
    -------------------------------- --------------- ---------------

    Section: Occupancy
    ------------------------------- ----------- ------------
    Metric Name                     Metric Unit Metric Value
    ------------------------------- ----------- ------------
    Block Limit SM                        block           24
    Block Limit Registers                 block            6
    Block Limit Shared Mem                block           16
    Block Limit Warps                     block            6
    Theoretical Active Warps per SM        warp           48
    Theoretical Occupancy                     %          100
    Achieved Occupancy                        %        39.30
    Achieved Active Warps Per SM           warp        18.86
    ------------------------------- ----------- ------------

    OPT   Est. Local Speedup: 60.7%                                                                                     
          The difference between calculated theoretical (100.0%) and measured achieved occupancy (39.3%) can be the     
          result of warp scheduling overheads or workload imbalances during the kernel execution. Load imbalances can   
          occur between warps within a block as well as across blocks of the same kernel. See the CUDA Best Practices   
          Guide (https://docs.nvidia.com/cuda/cuda-c-best-practices-guide/index.html#occupancy) for more details on     
          optimizing occupancy.                                                                                         

    Section: GPU and Memory Workload Distribution
    -------------------------- ----------- ------------
    Metric Name                Metric Unit Metric Value
    -------------------------- ----------- ------------
    Average DRAM Active Cycles       cycle         4240
    Total DRAM Elapsed Cycles        cycle       491520
    Average L1 Active Cycles         cycle     24298.96
    Total L1 Elapsed Cycles          cycle       697224
    Average L2 Active Cycles         cycle     17993.75
    Total L2 Elapsed Cycles          cycle       440656
    Average SM Active Cycles         cycle     24298.96
    Total SM Elapsed Cycles          cycle       697224
    Average SMSP Active Cycles       cycle     24118.66
    Total SMSP Elapsed Cycles        cycle      2788896
    -------------------------- ----------- ------------

    OPT   Est. Speedup: 8.962%                                                                                          
          One or more SMs have a much lower number of active cycles than the average number of active cycles. Maximum   
          instance value is 10.71% above the average, while the minimum instance value is 23.68% below the average.     
    ----- --------------------------------------------------------------------------------------------------------------
    OPT   Est. Speedup: 9.294%                                                                                          
          One or more SMSPs have a much lower number of active cycles than the average number of active cycles. Maximum 
          instance value is 11.19% above the average, while the minimum instance value is 24.55% below the average.     
    ----- --------------------------------------------------------------------------------------------------------------
    OPT   Est. Speedup: 8.962%                                                                                          
          One or more L1 Slices have a much lower number of active cycles than the average number of active cycles.     
          Maximum instance value is 10.71% above the average, while the minimum instance value is 23.68% below the      
          average.                                                                                                      

  softmax_kernel(float *) (1, 4, 1)x(256, 1, 1), Context 1, Stream 7, Device 0, CC 8.9
    Section: GPU Speed Of Light Throughput
    ----------------------- ------------- ------------
    Metric Name               Metric Unit Metric Value
    ----------------------- ------------- ------------
    DRAM Frequency          cycle/nsecond         8.08
    SM Frequency            cycle/nsecond         1.91
    Elapsed Cycles                  cycle        32156
    Memory Throughput                   %        15.25
    DRAM Throughput                     %         1.87
    Duration                      usecond        16.80
    L1/TEX Cache Throughput             %        75.82
    L2 Cache Throughput                 %        15.25
    SM Active Cycles                cycle      5011.33
    Compute (SM) Throughput             %         0.95
    ----------------------- ------------- ------------

    OPT   This kernel grid is too small to fill the available resources on this device, resulting in only 0.0 full      
          waves across all SMs. Look at Launch Statistics for more details.                                             

    Section: Launch Statistics
    -------------------------------- --------------- ---------------
    Metric Name                          Metric Unit    Metric Value
    -------------------------------- --------------- ---------------
    Block Size                                                   256
    Function Cache Configuration                     CachePreferNone
    Grid Size                                                      4
    Registers Per Thread             register/thread              35
    Shared Memory Configuration Size           Kbyte           16.38
    Driver Shared Memory Per Block       Kbyte/block            1.02
    Dynamic Shared Memory Per Block       byte/block               0
    Static Shared Memory Per Block        byte/block               0
    # SMs                                         SM              24
    Threads                                   thread            1024
    Uses Green Context                                             0
    Waves Per SM                                                0.03
    -------------------------------- --------------- ---------------

    OPT   Est. Speedup: 83.33%                                                                                          
          The grid for this launch is configured to execute only 4 blocks, which is less than the GPU's 24              
          multiprocessors. This can underutilize some multiprocessors. If you do not intend to execute this kernel      
          concurrently with other workloads, consider reducing the block size to have at least one block per            
          multiprocessor or increase the size of the grid to fully utilize the available hardware resources. See the    
          Hardware Model (https://docs.nvidia.com/nsight-compute/ProfilingGuide/index.html#metrics-hw-model)            
          description for more details on launch configurations.                                                        

    Section: Occupancy
    ------------------------------- ----------- ------------
    Metric Name                     Metric Unit Metric Value
    ------------------------------- ----------- ------------
    Block Limit SM                        block           24
    Block Limit Registers                 block            6
    Block Limit Shared Mem                block           16
    Block Limit Warps                     block            6
    Theoretical Active Warps per SM        warp           48
    Theoretical Occupancy                     %          100
    Achieved Occupancy                        %         8.29
    Achieved Active Warps Per SM           warp         3.98
    ------------------------------- ----------- ------------

    OPT   Est. Local Speedup: 91.71%                                                                                    
          The difference between calculated theoretical (100.0%) and measured achieved occupancy (8.3%) can be the      
          result of warp scheduling overheads or workload imbalances during the kernel execution. Load imbalances can   
          occur between warps within a block as well as across blocks of the same kernel. See the CUDA Best Practices   
          Guide (https://docs.nvidia.com/cuda/cuda-c-best-practices-guide/index.html#occupancy) for more details on     
          optimizing occupancy.                                                                                         

    Section: GPU and Memory Workload Distribution
    -------------------------- ----------- ------------
    Metric Name                Metric Unit Metric Value
    -------------------------- ----------- ------------
    Average DRAM Active Cycles       cycle         2532
    Total DRAM Elapsed Cycles        cycle       542720
    Average L1 Active Cycles         cycle      5011.33
    Total L1 Elapsed Cycles          cycle       766288
    Average L2 Active Cycles         cycle     19061.31
    Total L2 Elapsed Cycles          cycle       486272
    Average SM Active Cycles         cycle      5011.33
    Total SM Elapsed Cycles          cycle       766288
    Average SMSP Active Cycles       cycle      4902.10
    Total SMSP Elapsed Cycles        cycle      3065152
    -------------------------- ----------- ------------

    OPT   Est. Speedup: 13.1%                                                                                           
          One or more SMs have a much lower number of active cycles than the average number of active cycles. Maximum   
          instance value is 83.44% above the average, while the minimum instance value is 100.00% below the average.    
    ----- --------------------------------------------------------------------------------------------------------------
    OPT   Est. Speedup: 12.85%                                                                                          
          One or more SMSPs have a much lower number of active cycles than the average number of active cycles. Maximum 
          instance value is 83.67% above the average, while the minimum instance value is 100.00% below the average.    
    ----- --------------------------------------------------------------------------------------------------------------
    OPT   Est. Speedup: 13.1%                                                                                           
          One or more L1 Slices have a much lower number of active cycles than the average number of active cycles.     
          Maximum instance value is 83.44% above the average, while the minimum instance value is 100.00% below the     
          average.                                                                                                      

  av_kernel(const float *, const float *, float *) (16, 4, 1)x(256, 1, 1), Context 1, Stream 7, Device 0, CC 8.9
    Section: GPU Speed Of Light Throughput
    ----------------------- ------------- ------------
    Metric Name               Metric Unit Metric Value
    ----------------------- ------------- ------------
    DRAM Frequency          cycle/nsecond         7.93
    SM Frequency            cycle/nsecond         1.90
    Elapsed Cycles                  cycle         7408
    Memory Throughput                   %        39.42
    DRAM Throughput                     %        13.68
    Duration                      usecond         3.90
    L1/TEX Cache Throughput             %        57.11
    L2 Cache Throughput                 %         5.41
    SM Active Cycles                cycle      4931.04
    Compute (SM) Throughput             %        39.42
    ----------------------- ------------- ------------

    OPT   This kernel grid is too small to fill the available resources on this device, resulting in only 0.4 full      
          waves across all SMs. Look at Launch Statistics for more details.                                             

    Section: Launch Statistics
    -------------------------------- --------------- ---------------
    Metric Name                          Metric Unit    Metric Value
    -------------------------------- --------------- ---------------
    Block Size                                                   256
    Function Cache Configuration                     CachePreferNone
    Grid Size                                                     64
    Registers Per Thread             register/thread              40
    Shared Memory Configuration Size           Kbyte           16.38
    Driver Shared Memory Per Block       Kbyte/block            1.02
    Dynamic Shared Memory Per Block       byte/block               0
    Static Shared Memory Per Block        byte/block               0
    # SMs                                         SM              24
    Threads                                   thread           16384
    Uses Green Context                                             0
    Waves Per SM                                                0.44
    -------------------------------- --------------- ---------------

    Section: Occupancy
    ------------------------------- ----------- ------------
    Metric Name                     Metric Unit Metric Value
    ------------------------------- ----------- ------------
    Block Limit SM                        block           24
    Block Limit Registers                 block            6
    Block Limit Shared Mem                block           16
    Block Limit Warps                     block            6
    Theoretical Active Warps per SM        warp           48
    Theoretical Occupancy                     %          100
    Achieved Occupancy                        %        35.55
    Achieved Active Warps Per SM           warp        17.07
    ------------------------------- ----------- ------------

    OPT   Est. Local Speedup: 64.45%                                                                                    
          The difference between calculated theoretical (100.0%) and measured achieved occupancy (35.6%) can be the     
          result of warp scheduling overheads or workload imbalances during the kernel execution. Load imbalances can   
          occur between warps within a block as well as across blocks of the same kernel. See the CUDA Best Practices   
          Guide (https://docs.nvidia.com/cuda/cuda-c-best-practices-guide/index.html#occupancy) for more details on     
          optimizing occupancy.                                                                                         

    Section: GPU and Memory Workload Distribution
    -------------------------- ----------- ------------
    Metric Name                Metric Unit Metric Value
    -------------------------- ----------- ------------
    Average DRAM Active Cycles       cycle         4236
    Total DRAM Elapsed Cycles        cycle       123904
    Average L1 Active Cycles         cycle      4931.04
    Total L1 Elapsed Cycles          cycle       171448
    Average L2 Active Cycles         cycle      3293.88
    Total L2 Elapsed Cycles          cycle       111856
    Average SM Active Cycles         cycle      4931.04
    Total SM Elapsed Cycles          cycle       171448
    Average SMSP Active Cycles       cycle      4719.96
    Total SMSP Elapsed Cycles        cycle       685792
    -------------------------- ----------- ------------

    OPT   Est. Speedup: 7.197%                                                                                          
          One or more SMs have a much lower number of active cycles than the average number of active cycles. Maximum   
          instance value is 10.43% above the average, while the minimum instance value is 21.52% below the average.     
    ----- --------------------------------------------------------------------------------------------------------------
    OPT   Est. Speedup: 7.573%                                                                                          
          One or more SMSPs have a much lower number of active cycles than the average number of active cycles. Maximum 
          instance value is 11.46% above the average, while the minimum instance value is 24.98% below the average.     
    ----- --------------------------------------------------------------------------------------------------------------
    OPT   Est. Speedup: 7.197%                                                                                          
          One or more L1 Slices have a much lower number of active cycles than the average number of active cycles.     
          Maximum instance value is 10.43% above the average, while the minimum instance value is 21.52% below the      
          average.                                                                                                      
    ----- --------------------------------------------------------------------------------------------------------------
    OPT   Est. Speedup: 5.012%                                                                                          
          One or more L2 Slices have a much higher number of active cycles than the average number of active cycles.    
          Additionally, other L2 Slices have a much lower number of active cycles than the average number of active     
          cycles. Maximum instance value is 10.64% above the average, while the minimum instance value is 8.98% below   
          the average.                                                                                                  

  residual_kernel(float *, const float *, int) (64, 1, 1)x(256, 1, 1), Context 1, Stream 7, Device 0, CC 8.9
    Section: GPU Speed Of Light Throughput
    ----------------------- ------------- ------------
    Metric Name               Metric Unit Metric Value
    ----------------------- ------------- ------------
    DRAM Frequency          cycle/nsecond         7.89
    SM Frequency            cycle/nsecond         1.88
    Elapsed Cycles                  cycle         4512
    Memory Throughput                   %        22.07
    DRAM Throughput                     %        22.07
    Duration                      usecond         2.40
    L1/TEX Cache Throughput             %         6.83
    L2 Cache Throughput                 %         6.01
    SM Active Cycles                cycle      2499.42
    Compute (SM) Throughput             %         3.97
    ----------------------- ------------- ------------

    OPT   This kernel grid is too small to fill the available resources on this device, resulting in only 0.4 full      
          waves across all SMs. Look at Launch Statistics for more details.                                             

    Section: Launch Statistics
    -------------------------------- --------------- ---------------
    Metric Name                          Metric Unit    Metric Value
    -------------------------------- --------------- ---------------
    Block Size                                                   256
    Function Cache Configuration                     CachePreferNone
    Grid Size                                                     64
    Registers Per Thread             register/thread              16
    Shared Memory Configuration Size           Kbyte           16.38
    Driver Shared Memory Per Block       Kbyte/block            1.02
    Dynamic Shared Memory Per Block       byte/block               0
    Static Shared Memory Per Block        byte/block               0
    # SMs                                         SM              24
    Threads                                   thread           16384
    Uses Green Context                                             0
    Waves Per SM                                                0.44
    -------------------------------- --------------- ---------------

    Section: Occupancy
    ------------------------------- ----------- ------------
    Metric Name                     Metric Unit Metric Value
    ------------------------------- ----------- ------------
    Block Limit SM                        block           24
    Block Limit Registers                 block           16
    Block Limit Shared Mem                block           16
    Block Limit Warps                     block            6
    Theoretical Active Warps per SM        warp           48
    Theoretical Occupancy                     %          100
    Achieved Occupancy                        %        34.70
    Achieved Active Warps Per SM           warp        16.66
    ------------------------------- ----------- ------------

    OPT   Est. Local Speedup: 65.3%                                                                                     
          The difference between calculated theoretical (100.0%) and measured achieved occupancy (34.7%) can be the     
          result of warp scheduling overheads or workload imbalances during the kernel execution. Load imbalances can   
          occur between warps within a block as well as across blocks of the same kernel. See the CUDA Best Practices   
          Guide (https://docs.nvidia.com/cuda/cuda-c-best-practices-guide/index.html#occupancy) for more details on     
          optimizing occupancy.                                                                                         

    Section: GPU and Memory Workload Distribution
    -------------------------- ----------- ------------
    Metric Name                Metric Unit Metric Value
    -------------------------- ----------- ------------
    Average DRAM Active Cycles       cycle         4180
    Total DRAM Elapsed Cycles        cycle        75776
    Average L1 Active Cycles         cycle      2499.42
    Total L1 Elapsed Cycles          cycle       103192
    Average L2 Active Cycles         cycle      1531.50
    Total L2 Elapsed Cycles          cycle        68256
    Average SM Active Cycles         cycle      2499.42
    Total SM Elapsed Cycles          cycle       103192
    Average SMSP Active Cycles       cycle      2255.06
    Total SMSP Elapsed Cycles        cycle       412768
    -------------------------- ----------- ------------

    OPT   Est. Speedup: 5.757%                                                                                          
          One or more L2 Slices have a much higher number of active cycles than the average number of active cycles.    
          Maximum instance value is 16.04% above the average, while the minimum instance value is 10.68% below the      
          average.                                                                                                      

  layer_norm_kernel(const float *, float *, int) (1, 4, 1)x(256, 1, 1), Context 1, Stream 7, Device 0, CC 8.9
    Section: GPU Speed Of Light Throughput
    ----------------------- ------------- ------------
    Metric Name               Metric Unit Metric Value
    ----------------------- ------------- ------------
    DRAM Frequency          cycle/nsecond         8.08
    SM Frequency            cycle/nsecond         1.91
    Elapsed Cycles                  cycle        38542
    Memory Throughput                   %         7.09
    DRAM Throughput                     %         1.50
    Duration                      usecond        20.13
    L1/TEX Cache Throughput             %        44.97
    L2 Cache Throughput                 %         5.89
    SM Active Cycles                cycle      6074.67
    Compute (SM) Throughput             %         0.45
    ----------------------- ------------- ------------

    OPT   This kernel grid is too small to fill the available resources on this device, resulting in only 0.0 full      
          waves across all SMs. Look at Launch Statistics for more details.                                             

    Section: Launch Statistics
    -------------------------------- --------------- ---------------
    Metric Name                          Metric Unit    Metric Value
    -------------------------------- --------------- ---------------
    Block Size                                                   256
    Function Cache Configuration                     CachePreferNone
    Grid Size                                                      4
    Registers Per Thread             register/thread              40
    Shared Memory Configuration Size           Kbyte           16.38
    Driver Shared Memory Per Block       Kbyte/block            1.02
    Dynamic Shared Memory Per Block       byte/block               0
    Static Shared Memory Per Block        byte/block               0
    # SMs                                         SM              24
    Threads                                   thread            1024
    Uses Green Context                                             0
    Waves Per SM                                                0.03
    -------------------------------- --------------- ---------------

    OPT   Est. Speedup: 83.33%                                                                                          
          The grid for this launch is configured to execute only 4 blocks, which is less than the GPU's 24              
          multiprocessors. This can underutilize some multiprocessors. If you do not intend to execute this kernel      
          concurrently with other workloads, consider reducing the block size to have at least one block per            
          multiprocessor or increase the size of the grid to fully utilize the available hardware resources. See the    
          Hardware Model (https://docs.nvidia.com/nsight-compute/ProfilingGuide/index.html#metrics-hw-model)            
          description for more details on launch configurations.                                                        

    Section: Occupancy
    ------------------------------- ----------- ------------
    Metric Name                     Metric Unit Metric Value
    ------------------------------- ----------- ------------
    Block Limit SM                        block           24
    Block Limit Registers                 block            6
    Block Limit Shared Mem                block           16
    Block Limit Warps                     block            6
    Theoretical Active Warps per SM        warp           48
    Theoretical Occupancy                     %          100
    Achieved Occupancy                        %         2.21
    Achieved Active Warps Per SM           warp         1.06
    ------------------------------- ----------- ------------

    OPT   Est. Local Speedup: 97.79%                                                                                    
          The difference between calculated theoretical (100.0%) and measured achieved occupancy (2.2%) can be the      
          result of warp scheduling overheads or workload imbalances during the kernel execution. Load imbalances can   
          occur between warps within a block as well as across blocks of the same kernel. See the CUDA Best Practices   
          Guide (https://docs.nvidia.com/cuda/cuda-c-best-practices-guide/index.html#occupancy) for more details on     
          optimizing occupancy.                                                                                         

    Section: GPU and Memory Workload Distribution
    -------------------------- ----------- ------------
    Metric Name                Metric Unit Metric Value
    -------------------------- ----------- ------------
    Average DRAM Active Cycles       cycle         2432
    Total DRAM Elapsed Cycles        cycle       650240
    Average L1 Active Cycles         cycle      6074.67
    Total L1 Elapsed Cycles          cycle       924640
    Average L2 Active Cycles         cycle     13354.25
    Total L2 Elapsed Cycles          cycle       582928
    Average SM Active Cycles         cycle      6074.67
    Total SM Elapsed Cycles          cycle       924640
    Average SMSP Active Cycles       cycle      1554.19
    Total SMSP Elapsed Cycles        cycle      3698560
    -------------------------- ----------- ------------

    OPT   Est. Speedup: 13.15%                                                                                          
          One or more SMs have a much lower number of active cycles than the average number of active cycles. Maximum   
          instance value is 83.42% above the average, while the minimum instance value is 100.00% below the average.    
    ----- --------------------------------------------------------------------------------------------------------------
    OPT   Est. Speedup: 13.15%                                                                                          
          One or more L1 Slices have a much lower number of active cycles than the average number of active cycles.     
          Maximum instance value is 83.42% above the average, while the minimum instance value is 100.00% below the     
          average.                                                                                                      
    ----- --------------------------------------------------------------------------------------------------------------
    OPT   Est. Speedup: 5.95%                                                                                           
          One or more L2 Slices have a much higher number of active cycles than the average number of active cycles.    
          Maximum instance value is 16.23% above the average, while the minimum instance value is 3.78% below the       
          average.                                                                                                      

  conv1d_kernel(const float *, const float *, float *, int, int) (64, 4, 1)x(256, 1, 1), Context 1, Stream 7, Device 0, CC 8.9
    Section: GPU Speed Of Light Throughput
    ----------------------- ------------- ------------
    Metric Name               Metric Unit Metric Value
    ----------------------- ------------- ------------
    DRAM Frequency          cycle/nsecond         8.09
    SM Frequency            cycle/nsecond         1.92
    Elapsed Cycles                  cycle      1121315
    Memory Throughput                   %        94.51
    DRAM Throughput                     %         0.57
    Duration                      usecond       584.06
    L1/TEX Cache Throughput             %        99.71
    L2 Cache Throughput                 %        56.74
    SM Active Cycles                cycle   1062941.67
    Compute (SM) Throughput             %        11.47
    ----------------------- ------------- ------------

    INF   The kernel is utilizing greater than 80.0% of the available compute or memory performance of the device. To   
          further improve performance, work will likely need to be shifted from the most utilized to another unit.      
          Start by analyzing L1 in the Memory Workload Analysis section.                                                

    Section: Launch Statistics
    -------------------------------- --------------- ---------------
    Metric Name                          Metric Unit    Metric Value
    -------------------------------- --------------- ---------------
    Block Size                                                   256
    Function Cache Configuration                     CachePreferNone
    Grid Size                                                    256
    Registers Per Thread             register/thread              40
    Shared Memory Configuration Size           Kbyte           16.38
    Driver Shared Memory Per Block       Kbyte/block            1.02
    Dynamic Shared Memory Per Block       byte/block               0
    Static Shared Memory Per Block        byte/block               0
    # SMs                                         SM              24
    Threads                                   thread           65536
    Uses Green Context                                             0
    Waves Per SM                                                1.78
    -------------------------------- --------------- ---------------

    Section: Occupancy
    ------------------------------- ----------- ------------
    Metric Name                     Metric Unit Metric Value
    ------------------------------- ----------- ------------
    Block Limit SM                        block           24
    Block Limit Registers                 block            6
    Block Limit Shared Mem                block           16
    Block Limit Warps                     block            6
    Theoretical Active Warps per SM        warp           48
    Theoretical Occupancy                     %          100
    Achieved Occupancy                        %        81.71
    Achieved Active Warps Per SM           warp        39.22
    ------------------------------- ----------- ------------

    OPT   Est. Local Speedup: 18.29%                                                                                    
          The difference between calculated theoretical (100.0%) and measured achieved occupancy (81.7%) can be the     
          result of warp scheduling overheads or workload imbalances during the kernel execution. Load imbalances can   
          occur between warps within a block as well as across blocks of the same kernel. See the CUDA Best Practices   
          Guide (https://docs.nvidia.com/cuda/cuda-c-best-practices-guide/index.html#occupancy) for more details on     
          optimizing occupancy.                                                                                         

    Section: GPU and Memory Workload Distribution
    -------------------------- ----------- ------------
    Metric Name                Metric Unit Metric Value
    -------------------------- ----------- ------------
    Average DRAM Active Cycles       cycle        26996
    Total DRAM Elapsed Cycles        cycle     18906112
    Average L1 Active Cycles         cycle   1062941.67
    Total L1 Elapsed Cycles          cycle     26914640
    Average L2 Active Cycles         cycle   1055620.81
    Total L2 Elapsed Cycles          cycle     16959584
    Average SM Active Cycles         cycle   1062941.67
    Total SM Elapsed Cycles          cycle     26914640
    Average SMSP Active Cycles       cycle   1061578.04
    Total SMSP Elapsed Cycles        cycle    107658560
    -------------------------- ----------- ------------

  linear_proj_kernel(const float *, const float *, float *, int, int) (32, 4, 1)x(256, 1, 1), Context 1, Stream 7, Device 0, CC 8.9
    Section: GPU Speed Of Light Throughput
    ----------------------- ------------- ------------
    Metric Name               Metric Unit Metric Value
    ----------------------- ------------- ------------
    DRAM Frequency          cycle/nsecond         8.09
    SM Frequency            cycle/nsecond         1.92
    Elapsed Cycles                  cycle       408420
    Memory Throughput                   %        87.08
    DRAM Throughput                     %         0.96
    Duration                      usecond       212.77
    L1/TEX Cache Throughput             %        98.47
    L2 Cache Throughput                 %        13.45
    SM Active Cycles                cycle       360816
    Compute (SM) Throughput             %         6.81
    ----------------------- ------------- ------------

    INF   The kernel is utilizing greater than 80.0% of the available compute or memory performance of the device. To   
          further improve performance, work will likely need to be shifted from the most utilized to another unit.      
          Start by analyzing L1 in the Memory Workload Analysis section.                                                

    Section: Launch Statistics
    -------------------------------- --------------- ---------------
    Metric Name                          Metric Unit    Metric Value
    -------------------------------- --------------- ---------------
    Block Size                                                   256
    Function Cache Configuration                     CachePreferNone
    Grid Size                                                    128
    Registers Per Thread             register/thread              40
    Shared Memory Configuration Size           Kbyte           65.54
    Driver Shared Memory Per Block       Kbyte/block            1.02
    Dynamic Shared Memory Per Block       byte/block               0
    Static Shared Memory Per Block       Kbyte/block            2.05
    # SMs                                         SM              24
    Threads                                   thread           32768
    Uses Green Context                                             0
    Waves Per SM                                                0.89
    -------------------------------- --------------- ---------------

    Section: Occupancy
    ------------------------------- ----------- ------------
    Metric Name                     Metric Unit Metric Value
    ------------------------------- ----------- ------------
    Block Limit SM                        block           24
    Block Limit Registers                 block            6
    Block Limit Shared Mem                block           21
    Block Limit Warps                     block            6
    Theoretical Active Warps per SM        warp           48
    Theoretical Occupancy                     %          100
    Achieved Occupancy                        %        37.15
    Achieved Active Warps Per SM           warp        17.83
    ------------------------------- ----------- ------------

    OPT   Est. Local Speedup: 62.85%                                                                                    
          The difference between calculated theoretical (100.0%) and measured achieved occupancy (37.1%) can be the     
          result of warp scheduling overheads or workload imbalances during the kernel execution. Load imbalances can   
          occur between warps within a block as well as across blocks of the same kernel. See the CUDA Best Practices   
          Guide (https://docs.nvidia.com/cuda/cuda-c-best-practices-guide/index.html#occupancy) for more details on     
          optimizing occupancy.                                                                                         

    Section: GPU and Memory Workload Distribution
    -------------------------- ----------- ------------
    Metric Name                Metric Unit Metric Value
    -------------------------- ----------- ------------
    Average DRAM Active Cycles       cycle        16556
    Total DRAM Elapsed Cycles        cycle      6886400
    Average L1 Active Cycles         cycle       360816
    Total L1 Elapsed Cycles          cycle      9793008
    Average L2 Active Cycles         cycle    336401.81
    Total L2 Elapsed Cycles          cycle      6177168
    Average SM Active Cycles         cycle       360816
    Total SM Elapsed Cycles          cycle      9793008
    Average SMSP Active Cycles       cycle    358257.10
    Total SMSP Elapsed Cycles        cycle     39172032
    -------------------------- ----------- ------------

    OPT   Est. Speedup: 9.94%                                                                                           
          One or more SMs have a much higher number of active cycles than the average number of active cycles. Maximum  
          instance value is 11.24% above the average, while the minimum instance value is 6.50% below the average.      
    ----- --------------------------------------------------------------------------------------------------------------
    OPT   Est. Speedup: 10.44%                                                                                          
          One or more SMSPs have a much higher number of active cycles than the average number of active cycles.        
          Maximum instance value is 11.89% above the average, while the minimum instance value is 8.83% below the       
          average.                                                                                                      
    ----- --------------------------------------------------------------------------------------------------------------
    OPT   Est. Speedup: 9.94%                                                                                           
          One or more L1 Slices have a much higher number of active cycles than the average number of active cycles.    
          Maximum instance value is 11.24% above the average, while the minimum instance value is 6.50% below the       
          average.                                                                                                      

  residual_kernel(float *, const float *, int) (64, 1, 1)x(256, 1, 1), Context 1, Stream 7, Device 0, CC 8.9
    Section: GPU Speed Of Light Throughput
    ----------------------- ------------- ------------
    Metric Name               Metric Unit Metric Value
    ----------------------- ------------- ------------
    DRAM Frequency          cycle/nsecond         7.89
    SM Frequency            cycle/nsecond         1.87
    Elapsed Cycles                  cycle         4544
    Memory Throughput                   %        21.79
    DRAM Throughput                     %        21.79
    Duration                      usecond         2.43
    L1/TEX Cache Throughput             %         6.84
    L2 Cache Throughput                 %         5.97
    SM Active Cycles                cycle      2494.71
    Compute (SM) Throughput             %         3.98
    ----------------------- ------------- ------------

    OPT   This kernel grid is too small to fill the available resources on this device, resulting in only 0.4 full      
          waves across all SMs. Look at Launch Statistics for more details.                                             

    Section: Launch Statistics
    -------------------------------- --------------- ---------------
    Metric Name                          Metric Unit    Metric Value
    -------------------------------- --------------- ---------------
    Block Size                                                   256
    Function Cache Configuration                     CachePreferNone
    Grid Size                                                     64
    Registers Per Thread             register/thread              16
    Shared Memory Configuration Size           Kbyte           16.38
    Driver Shared Memory Per Block       Kbyte/block            1.02
    Dynamic Shared Memory Per Block       byte/block               0
    Static Shared Memory Per Block        byte/block               0
    # SMs                                         SM              24
    Threads                                   thread           16384
    Uses Green Context                                             0
    Waves Per SM                                                0.44
    -------------------------------- --------------- ---------------

    Section: Occupancy
    ------------------------------- ----------- ------------
    Metric Name                     Metric Unit Metric Value
    ------------------------------- ----------- ------------
    Block Limit SM                        block           24
    Block Limit Registers                 block           16
    Block Limit Shared Mem                block           16
    Block Limit Warps                     block            6
    Theoretical Active Warps per SM        warp           48
    Theoretical Occupancy                     %          100
    Achieved Occupancy                        %        34.91
    Achieved Active Warps Per SM           warp        16.75
    ------------------------------- ----------- ------------

    OPT   Est. Local Speedup: 65.09%                                                                                    
          The difference between calculated theoretical (100.0%) and measured achieved occupancy (34.9%) can be the     
          result of warp scheduling overheads or workload imbalances during the kernel execution. Load imbalances can   
          occur between warps within a block as well as across blocks of the same kernel. See the CUDA Best Practices   
          Guide (https://docs.nvidia.com/cuda/cuda-c-best-practices-guide/index.html#occupancy) for more details on     
          optimizing occupancy.                                                                                         

    Section: GPU and Memory Workload Distribution
    -------------------------- ----------- ------------
    Metric Name                Metric Unit Metric Value
    -------------------------- ----------- ------------
    Average DRAM Active Cycles       cycle         4184
    Total DRAM Elapsed Cycles        cycle        76800
    Average L1 Active Cycles         cycle      2494.71
    Total L1 Elapsed Cycles          cycle       102848
    Average L2 Active Cycles         cycle      1546.06
    Total L2 Elapsed Cycles          cycle        68656
    Average SM Active Cycles         cycle      2494.71
    Total SM Elapsed Cycles          cycle       102848
    Average SMSP Active Cycles       cycle      2238.33
    Total SMSP Elapsed Cycles        cycle       411392
    -------------------------- ----------- ------------

    OPT   Est. Speedup: 5.624%                                                                                          
          One or more L2 Slices have a much higher number of active cycles than the average number of active cycles.    
          Maximum instance value is 15.61% above the average, while the minimum instance value is 5.11% below the       
          average.                                                                                                      

Starting VITS Text Encoder Simulation (Part 5 Multi-pattern)...
Encoder Simulation Completed.
Patterns: 8 | Block size: 256
Kernel time: 2.2137 ms (0.2767 ms / pattern)
Pattern-0 Checksum: 99.228035
