========== (BLOCK_SIZE = 1024) ==========
Starting VITS Text Encoder Simulation (Part 4 CUDA SIMT)...
Encoder Simulation Completed.
Block size: 1024
Kernel time: 0.7644 ms
Final Feature Checksum: 99.228035

========== Nsight Compute 效能報告 ==========
==PROF== Connected to process 1271 (/workspace/P4/main)
==PROF== Profiling "layer_norm_kernel" - 0: 0%....50%....100% - 8 passes
==PROF== Profiling "linear_proj_kernel" - 1: 0%....50%....100% - 8 passes
==PROF== Profiling "linear_proj_kernel" - 2: 0%....50%....100% - 8 passes
==PROF== Profiling "linear_proj_kernel" - 3: 0%....50%....100% - 8 passes
==PROF== Profiling "qkt_kernel" - 4: 0%....50%....100% - 8 passes
==PROF== Profiling "softmax_kernel(float *)" - 5: 0%....50%....100% - 8 passes
==PROF== Profiling "av_kernel" - 6: 0%....50%....100% - 8 passes
==PROF== Profiling "residual_kernel" - 7: 0%....50%....100% - 8 passes
==PROF== Profiling "layer_norm_kernel" - 8: 0%....50%....100% - 8 passes
==PROF== Profiling "conv1d_kernel" - 9: 0%....50%....100% - 8 passes
==PROF== Profiling "linear_proj_kernel" - 10: 0%....50%....100% - 8 passes
==PROF== Profiling "residual_kernel" - 11: 0%....50%....100% - 8 passes
Starting VITS Text Encoder Simulation (Part 4 CUDA SIMT)...
Encoder Simulation Completed.
Block size: 1024
Kernel time: 1146.2546 ms
Final Feature Checksum: 99.228035
==PROF== Disconnected from process 1271
[1271] main@127.0.0.1
  layer_norm_kernel(const float *, float *, int) (1, 1, 1)x(1024, 1, 1), Context 1, Stream 7, Device 0, CC 8.9
    Section: GPU Speed Of Light Throughput
    ----------------------- ------------- ------------
    Metric Name               Metric Unit Metric Value
    ----------------------- ------------- ------------
    DRAM Frequency          cycle/nsecond         8.06
    SM Frequency            cycle/nsecond         1.92
    Elapsed Cycles                  cycle        39040
    Memory Throughput                   %         1.78
    DRAM Throughput                     %         0.55
    Duration                      usecond        20.38
    L1/TEX Cache Throughput             %        44.20
    L2 Cache Throughput                 %         1.52
    SM Active Cycles                cycle      1547.67
    Compute (SM) Throughput             %         0.12
    ----------------------- ------------- ------------

    OPT   This kernel grid is too small to fill the available resources on this device, resulting in only 0.0 full      
          waves across all SMs. Look at Launch Statistics for more details.                                             

    Section: Launch Statistics
    -------------------------------- --------------- ---------------
    Metric Name                          Metric Unit    Metric Value
    -------------------------------- --------------- ---------------
    Block Size                                                  1024
    Function Cache Configuration                     CachePreferNone
    Grid Size                                                      1
    Registers Per Thread             register/thread              40
    Shared Memory Configuration Size           Kbyte            8.19
    Driver Shared Memory Per Block       Kbyte/block            1.02
    Dynamic Shared Memory Per Block       byte/block               0
    Static Shared Memory Per Block        byte/block               0
    # SMs                                         SM              24
    Threads                                   thread            1024
    Uses Green Context                                             0
    Waves Per SM                                                0.04
    -------------------------------- --------------- ---------------

    OPT   Est. Speedup: 95.83%                                                                                          
          The grid for this launch is configured to execute only 1 blocks, which is less than the GPU's 24              
          multiprocessors. This can underutilize some multiprocessors. If you do not intend to execute this kernel      
          concurrently with other workloads, consider reducing the block size to have at least one block per            
          multiprocessor or increase the size of the grid to fully utilize the available hardware resources. See the    
          Hardware Model (https://docs.nvidia.com/nsight-compute/ProfilingGuide/index.html#metrics-hw-model)            
          description for more details on launch configurations.                                                        

    Section: Occupancy
    ------------------------------- ----------- ------------
    Metric Name                     Metric Unit Metric Value
    ------------------------------- ----------- ------------
    Block Limit SM                        block           24
    Block Limit Registers                 block            1
    Block Limit Shared Mem                block            8
    Block Limit Warps                     block            1
    Theoretical Active Warps per SM        warp           32
    Theoretical Occupancy                     %        66.67
    Achieved Occupancy                        %         2.89
    Achieved Active Warps Per SM           warp         1.39
    ------------------------------- ----------- ------------

    OPT   Est. Local Speedup: 95.66%                                                                                    
          The difference between calculated theoretical (66.7%) and measured achieved occupancy (2.9%) can be the       
          result of warp scheduling overheads or workload imbalances during the kernel execution. Load imbalances can   
          occur between warps within a block as well as across blocks of the same kernel. See the CUDA Best Practices   
          Guide (https://docs.nvidia.com/cuda/cuda-c-best-practices-guide/index.html#occupancy) for more details on     
          optimizing occupancy.                                                                                         
    ----- --------------------------------------------------------------------------------------------------------------
    OPT   Est. Local Speedup: 33.33%                                                                                    
          The 8.00 theoretical warps per scheduler this kernel can issue according to its occupancy are below the       
          hardware maximum of 12. This kernel's theoretical occupancy (66.7%) is limited by the number of required      
          registers. This kernel's theoretical occupancy (66.7%) is limited by the number of warps within each block.   

    Section: GPU and Memory Workload Distribution
    -------------------------- ----------- ------------
    Metric Name                Metric Unit Metric Value
    -------------------------- ----------- ------------
    Average DRAM Active Cycles       cycle          896
    Total DRAM Elapsed Cycles        cycle       657408
    Average L1 Active Cycles         cycle      1547.67
    Total L1 Elapsed Cycles          cycle       921056
    Average L2 Active Cycles         cycle      5248.44
    Total L2 Elapsed Cycles          cycle       590464
    Average SM Active Cycles         cycle      1547.67
    Total SM Elapsed Cycles          cycle       921056
    Average SMSP Active Cycles       cycle       396.14
    Total SMSP Elapsed Cycles        cycle      3684224
    -------------------------- ----------- ------------

    OPT   Est. Speedup: 6.958%                                                                                          
          One or more L2 Slices have a much higher number of active cycles than the average number of active cycles.    
          Maximum instance value is 48.93% above the average, while the minimum instance value is 34.84% below the      
          average.                                                                                                      

  linear_proj_kernel(const float *, const float *, float *, int, int) (32, 1, 1)x(1024, 1, 1), Context 1, Stream 7, Device 0, CC 8.9
    Section: GPU Speed Of Light Throughput
    ----------------------- ------------- ------------
    Metric Name               Metric Unit Metric Value
    ----------------------- ------------- ------------
    DRAM Frequency          cycle/nsecond         8.07
    SM Frequency            cycle/nsecond         1.92
    Elapsed Cycles                  cycle        39624
    Memory Throughput                   %        55.88
    DRAM Throughput                     %         1.79
    Duration                      usecond        20.67
    L1/TEX Cache Throughput             %        87.43
    L2 Cache Throughput                 %         8.34
    SM Active Cycles                cycle     25446.92
    Compute (SM) Throughput             %         4.58
    ----------------------- ------------- ------------

    OPT   This kernel exhibits low compute throughput and memory bandwidth utilization relative to the peak performance 
          of this device. Achieved compute throughput and/or memory bandwidth below 60.0% of peak typically indicate    
          latency issues. Look at Scheduler Statistics and Warp State Statistics for potential reasons.                 

    Section: Launch Statistics
    -------------------------------- --------------- ---------------
    Metric Name                          Metric Unit    Metric Value
    -------------------------------- --------------- ---------------
    Block Size                                                  1024
    Function Cache Configuration                     CachePreferNone
    Grid Size                                                     32
    Registers Per Thread             register/thread              40
    Shared Memory Configuration Size           Kbyte            8.19
    Driver Shared Memory Per Block       Kbyte/block            1.02
    Dynamic Shared Memory Per Block       byte/block               0
    Static Shared Memory Per Block       Kbyte/block            2.05
    # SMs                                         SM              24
    Threads                                   thread           32768
    Uses Green Context                                             0
    Waves Per SM                                                1.33
    -------------------------------- --------------- ---------------

    OPT   If you execute __syncthreads() to synchronize the threads of a block, it is recommended to have more than the 
          achieved 1 blocks per multiprocessor. This way, blocks that aren't waiting for __syncthreads() can keep the   
          hardware busy.                                                                                                
    ----- --------------------------------------------------------------------------------------------------------------
    OPT   Est. Speedup: 50%                                                                                             
          A wave of thread blocks is defined as the maximum number of blocks that can be executed in parallel on the    
          target GPU. The number of blocks in a wave depends on the number of multiprocessors and the theoretical       
          occupancy of the kernel. This kernel launch results in 1 full waves and a partial wave of 7 thread blocks.    
          Under the assumption of a uniform execution duration of all thread blocks, the partial wave may account for   
          up to 50.0% of the total kernel runtime with a lower occupancy of 81.7%. Try launching a grid with no         
          partial wave. The overall impact of this tail effect also lessens with the number of full waves executed for  
          a grid. See the Hardware Model                                                                                
          (https://docs.nvidia.com/nsight-compute/ProfilingGuide/index.html#metrics-hw-model) description for more      
          details on launch configurations.                                                                             

    Section: Occupancy
    ------------------------------- ----------- ------------
    Metric Name                     Metric Unit Metric Value
    ------------------------------- ----------- ------------
    Block Limit SM                        block           24
    Block Limit Registers                 block            1
    Block Limit Shared Mem                block            2
    Block Limit Warps                     block            1
    Theoretical Active Warps per SM        warp           32
    Theoretical Occupancy                     %        66.67
    Achieved Occupancy                        %        12.18
    Achieved Active Warps Per SM           warp         5.85
    ------------------------------- ----------- ------------

    OPT   Est. Local Speedup: 81.72%                                                                                    
          The difference between calculated theoretical (66.7%) and measured achieved occupancy (12.2%) can be the      
          result of warp scheduling overheads or workload imbalances during the kernel execution. Load imbalances can   
          occur between warps within a block as well as across blocks of the same kernel. See the CUDA Best Practices   
          Guide (https://docs.nvidia.com/cuda/cuda-c-best-practices-guide/index.html#occupancy) for more details on     
          optimizing occupancy.                                                                                         
    ----- --------------------------------------------------------------------------------------------------------------
    OPT   Est. Local Speedup: 33.33%                                                                                    
          The 8.00 theoretical warps per scheduler this kernel can issue according to its occupancy are below the       
          hardware maximum of 12. This kernel's theoretical occupancy (66.7%) is limited by the number of required      
          registers. This kernel's theoretical occupancy (66.7%) is limited by the number of warps within each block.   

    Section: GPU and Memory Workload Distribution
    -------------------------- ----------- ------------
    Metric Name                Metric Unit Metric Value
    -------------------------- ----------- ------------
    Average DRAM Active Cycles       cycle         2980
    Total DRAM Elapsed Cycles        cycle       667648
    Average L1 Active Cycles         cycle     25446.92
    Total L1 Elapsed Cycles          cycle       955584
    Average L2 Active Cycles         cycle     10409.19
    Total L2 Elapsed Cycles          cycle       599152
    Average SM Active Cycles         cycle     25446.92
    Total SM Elapsed Cycles          cycle       955584
    Average SMSP Active Cycles       cycle     25015.16
    Total SMSP Elapsed Cycles        cycle      3822336
    -------------------------- ----------- ------------

    OPT   Est. Speedup: 20.57%                                                                                          
          One or more SMs have a much higher number of active cycles than the average number of active cycles. Maximum  
          instance value is 32.18% above the average, while the minimum instance value is 24.01% below the average.     
    ----- --------------------------------------------------------------------------------------------------------------
    OPT   Est. Speedup: 21.18%                                                                                          
          One or more SMSPs have a much higher number of active cycles than the average number of active cycles.        
          Maximum instance value is 33.71% above the average, while the minimum instance value is 26.63% below the      
          average.                                                                                                      
    ----- --------------------------------------------------------------------------------------------------------------
    OPT   Est. Speedup: 20.57%                                                                                          
          One or more L1 Slices have a much higher number of active cycles than the average number of active cycles.    
          Maximum instance value is 32.18% above the average, while the minimum instance value is 24.01% below the      
          average.                                                                                                      
    ----- --------------------------------------------------------------------------------------------------------------
    OPT   Est. Speedup: 9.139%                                                                                          
          One or more L2 Slices have a much higher number of active cycles than the average number of active cycles.    
          Maximum instance value is 32.88% above the average, while the minimum instance value is 20.63% below the      
          average.                                                                                                      

  linear_proj_kernel(const float *, const float *, float *, int, int) (32, 1, 1)x(1024, 1, 1), Context 1, Stream 7, Device 0, CC 8.9
    Section: GPU Speed Of Light Throughput
    ----------------------- ------------- ------------
    Metric Name               Metric Unit Metric Value
    ----------------------- ------------- ------------
    DRAM Frequency          cycle/nsecond         8.09
    SM Frequency            cycle/nsecond         1.92
    Elapsed Cycles                  cycle        39974
    Memory Throughput                   %        55.88
    DRAM Throughput                     %         1.61
    Duration                      usecond        20.86
    L1/TEX Cache Throughput             %        86.44
    L2 Cache Throughput                 %         8.25
    SM Active Cycles                cycle     25738.92
    Compute (SM) Throughput             %         4.58
    ----------------------- ------------- ------------

    OPT   This kernel exhibits low compute throughput and memory bandwidth utilization relative to the peak performance 
          of this device. Achieved compute throughput and/or memory bandwidth below 60.0% of peak typically indicate    
          latency issues. Look at Scheduler Statistics and Warp State Statistics for potential reasons.                 

    Section: Launch Statistics
    -------------------------------- --------------- ---------------
    Metric Name                          Metric Unit    Metric Value
    -------------------------------- --------------- ---------------
    Block Size                                                  1024
    Function Cache Configuration                     CachePreferNone
    Grid Size                                                     32
    Registers Per Thread             register/thread              40
    Shared Memory Configuration Size           Kbyte            8.19
    Driver Shared Memory Per Block       Kbyte/block            1.02
    Dynamic Shared Memory Per Block       byte/block               0
    Static Shared Memory Per Block       Kbyte/block            2.05
    # SMs                                         SM              24
    Threads                                   thread           32768
    Uses Green Context                                             0
    Waves Per SM                                                1.33
    -------------------------------- --------------- ---------------

    OPT   If you execute __syncthreads() to synchronize the threads of a block, it is recommended to have more than the 
          achieved 1 blocks per multiprocessor. This way, blocks that aren't waiting for __syncthreads() can keep the   
          hardware busy.                                                                                                
    ----- --------------------------------------------------------------------------------------------------------------
    OPT   Est. Speedup: 50%                                                                                             
          A wave of thread blocks is defined as the maximum number of blocks that can be executed in parallel on the    
          target GPU. The number of blocks in a wave depends on the number of multiprocessors and the theoretical       
          occupancy of the kernel. This kernel launch results in 1 full waves and a partial wave of 7 thread blocks.    
          Under the assumption of a uniform execution duration of all thread blocks, the partial wave may account for   
          up to 50.0% of the total kernel runtime with a lower occupancy of 81.9%. Try launching a grid with no         
          partial wave. The overall impact of this tail effect also lessens with the number of full waves executed for  
          a grid. See the Hardware Model                                                                                
          (https://docs.nvidia.com/nsight-compute/ProfilingGuide/index.html#metrics-hw-model) description for more      
          details on launch configurations.                                                                             

    Section: Occupancy
    ------------------------------- ----------- ------------
    Metric Name                     Metric Unit Metric Value
    ------------------------------- ----------- ------------
    Block Limit SM                        block           24
    Block Limit Registers                 block            1
    Block Limit Shared Mem                block            2
    Block Limit Warps                     block            1
    Theoretical Active Warps per SM        warp           32
    Theoretical Occupancy                     %        66.67
    Achieved Occupancy                        %        12.04
    Achieved Active Warps Per SM           warp         5.78
    ------------------------------- ----------- ------------

    OPT   Est. Local Speedup: 81.94%                                                                                    
          The difference between calculated theoretical (66.7%) and measured achieved occupancy (12.0%) can be the      
          result of warp scheduling overheads or workload imbalances during the kernel execution. Load imbalances can   
          occur between warps within a block as well as across blocks of the same kernel. See the CUDA Best Practices   
          Guide (https://docs.nvidia.com/cuda/cuda-c-best-practices-guide/index.html#occupancy) for more details on     
          optimizing occupancy.                                                                                         
    ----- --------------------------------------------------------------------------------------------------------------
    OPT   Est. Local Speedup: 33.33%                                                                                    
          The 8.00 theoretical warps per scheduler this kernel can issue according to its occupancy are below the       
          hardware maximum of 12. This kernel's theoretical occupancy (66.7%) is limited by the number of required      
          registers. This kernel's theoretical occupancy (66.7%) is limited by the number of warps within each block.   

    Section: GPU and Memory Workload Distribution
    -------------------------- ----------- ------------
    Metric Name                Metric Unit Metric Value
    -------------------------- ----------- ------------
    Average DRAM Active Cycles       cycle         2724
    Total DRAM Elapsed Cycles        cycle       674816
    Average L1 Active Cycles         cycle     25738.92
    Total L1 Elapsed Cycles          cycle       955632
    Average L2 Active Cycles         cycle     10092.06
    Total L2 Elapsed Cycles          cycle       604592
    Average SM Active Cycles         cycle     25738.92
    Total SM Elapsed Cycles          cycle       955632
    Average SMSP Active Cycles       cycle     24937.76
    Total SMSP Elapsed Cycles        cycle      3822528
    -------------------------- ----------- ------------

    OPT   Est. Speedup: 20.77%                                                                                          
          One or more SMs have a much higher number of active cycles than the average number of active cycles. Maximum  
          instance value is 32.12% above the average, while the minimum instance value is 23.71% below the average.     
    ----- --------------------------------------------------------------------------------------------------------------
    OPT   Est. Speedup: 20.95%                                                                                          
          One or more SMSPs have a much higher number of active cycles than the average number of active cycles.        
          Maximum instance value is 33.46% above the average, while the minimum instance value is 27.23% below the      
          average.                                                                                                      
    ----- --------------------------------------------------------------------------------------------------------------
    OPT   Est. Speedup: 20.77%                                                                                          
          One or more L1 Slices have a much higher number of active cycles than the average number of active cycles.    
          Maximum instance value is 32.12% above the average, while the minimum instance value is 23.71% below the      
          average.                                                                                                      

  linear_proj_kernel(const float *, const float *, float *, int, int) (32, 1, 1)x(1024, 1, 1), Context 1, Stream 7, Device 0, CC 8.9
    Section: GPU Speed Of Light Throughput
    ----------------------- ------------- ------------
    Metric Name               Metric Unit Metric Value
    ----------------------- ------------- ------------
    DRAM Frequency          cycle/nsecond         8.06
    SM Frequency            cycle/nsecond         1.91
    Elapsed Cycles                  cycle        39797
    Memory Throughput                   %        56.06
    DRAM Throughput                     %         1.62
    Duration                      usecond        20.80
    L1/TEX Cache Throughput             %        86.83
    L2 Cache Throughput                 %         9.06
    SM Active Cycles                cycle     25625.33
    Compute (SM) Throughput             %         4.60
    ----------------------- ------------- ------------

    OPT   This kernel exhibits low compute throughput and memory bandwidth utilization relative to the peak performance 
          of this device. Achieved compute throughput and/or memory bandwidth below 60.0% of peak typically indicate    
          latency issues. Look at Scheduler Statistics and Warp State Statistics for potential reasons.                 

    Section: Launch Statistics
    -------------------------------- --------------- ---------------
    Metric Name                          Metric Unit    Metric Value
    -------------------------------- --------------- ---------------
    Block Size                                                  1024
    Function Cache Configuration                     CachePreferNone
    Grid Size                                                     32
    Registers Per Thread             register/thread              40
    Shared Memory Configuration Size           Kbyte            8.19
    Driver Shared Memory Per Block       Kbyte/block            1.02
    Dynamic Shared Memory Per Block       byte/block               0
    Static Shared Memory Per Block       Kbyte/block            2.05
    # SMs                                         SM              24
    Threads                                   thread           32768
    Uses Green Context                                             0
    Waves Per SM                                                1.33
    -------------------------------- --------------- ---------------

    OPT   If you execute __syncthreads() to synchronize the threads of a block, it is recommended to have more than the 
          achieved 1 blocks per multiprocessor. This way, blocks that aren't waiting for __syncthreads() can keep the   
          hardware busy.                                                                                                
    ----- --------------------------------------------------------------------------------------------------------------
    OPT   Est. Speedup: 50%                                                                                             
          A wave of thread blocks is defined as the maximum number of blocks that can be executed in parallel on the    
          target GPU. The number of blocks in a wave depends on the number of multiprocessors and the theoretical       
          occupancy of the kernel. This kernel launch results in 1 full waves and a partial wave of 7 thread blocks.    
          Under the assumption of a uniform execution duration of all thread blocks, the partial wave may account for   
          up to 50.0% of the total kernel runtime with a lower occupancy of 81.6%. Try launching a grid with no         
          partial wave. The overall impact of this tail effect also lessens with the number of full waves executed for  
          a grid. See the Hardware Model                                                                                
          (https://docs.nvidia.com/nsight-compute/ProfilingGuide/index.html#metrics-hw-model) description for more      
          details on launch configurations.                                                                             

    Section: Occupancy
    ------------------------------- ----------- ------------
    Metric Name                     Metric Unit Metric Value
    ------------------------------- ----------- ------------
    Block Limit SM                        block           24
    Block Limit Registers                 block            1
    Block Limit Shared Mem                block            2
    Block Limit Warps                     block            1
    Theoretical Active Warps per SM        warp           32
    Theoretical Occupancy                     %        66.67
    Achieved Occupancy                        %        12.23
    Achieved Active Warps Per SM           warp         5.87
    ------------------------------- ----------- ------------

    OPT   Est. Local Speedup: 81.65%                                                                                    
          The difference between calculated theoretical (66.7%) and measured achieved occupancy (12.2%) can be the      
          result of warp scheduling overheads or workload imbalances during the kernel execution. Load imbalances can   
          occur between warps within a block as well as across blocks of the same kernel. See the CUDA Best Practices   
          Guide (https://docs.nvidia.com/cuda/cuda-c-best-practices-guide/index.html#occupancy) for more details on     
          optimizing occupancy.                                                                                         
    ----- --------------------------------------------------------------------------------------------------------------
    OPT   Est. Local Speedup: 33.33%                                                                                    
          The 8.00 theoretical warps per scheduler this kernel can issue according to its occupancy are below the       
          hardware maximum of 12. This kernel's theoretical occupancy (66.7%) is limited by the number of required      
          registers. This kernel's theoretical occupancy (66.7%) is limited by the number of warps within each block.   

    Section: GPU and Memory Workload Distribution
    -------------------------- ----------- ------------
    Metric Name                Metric Unit Metric Value
    -------------------------- ----------- ------------
    Average DRAM Active Cycles       cycle         2724
    Total DRAM Elapsed Cycles        cycle       670720
    Average L1 Active Cycles         cycle     25625.33
    Total L1 Elapsed Cycles          cycle       952504
    Average L2 Active Cycles         cycle     10808.62
    Total L2 Elapsed Cycles          cycle       601840
    Average SM Active Cycles         cycle     25625.33
    Total SM Elapsed Cycles          cycle       952504
    Average SMSP Active Cycles       cycle     24912.85
    Total SMSP Elapsed Cycles        cycle      3810016
    -------------------------- ----------- ------------

    OPT   Est. Speedup: 20.68%                                                                                          
          One or more SMs have a much higher number of active cycles than the average number of active cycles. Maximum  
          instance value is 32.03% above the average, while the minimum instance value is 23.65% below the average.     
    ----- --------------------------------------------------------------------------------------------------------------
    OPT   Est. Speedup: 21.13%                                                                                          
          One or more SMSPs have a much higher number of active cycles than the average number of active cycles.        
          Maximum instance value is 33.66% above the average, while the minimum instance value is 26.95% below the      
          average.                                                                                                      
    ----- --------------------------------------------------------------------------------------------------------------
    OPT   Est. Speedup: 20.68%                                                                                          
          One or more L1 Slices have a much higher number of active cycles than the average number of active cycles.    
          Maximum instance value is 32.03% above the average, while the minimum instance value is 23.65% below the      
          average.                                                                                                      
    ----- --------------------------------------------------------------------------------------------------------------
    OPT   Est. Speedup: 8.658%                                                                                          
          One or more L2 Slices have a much higher number of active cycles than the average number of active cycles.    
          Maximum instance value is 30.13% above the average, while the minimum instance value is 12.75% below the      
          average.                                                                                                      

  qkt_kernel(const float *, const float *, float *, float) (4, 1, 1)x(1024, 1, 1), Context 1, Stream 7, Device 0, CC 8.9
    Section: GPU Speed Of Light Throughput
    ----------------------- ------------- ------------
    Metric Name               Metric Unit Metric Value
    ----------------------- ------------- ------------
    DRAM Frequency          cycle/nsecond         8.05
    SM Frequency            cycle/nsecond         1.91
    Elapsed Cycles                  cycle        37991
    Memory Throughput                   %        14.90
    DRAM Throughput                     %         0.73
    Duration                      usecond        19.87
    L1/TEX Cache Throughput             %        94.09
    L2 Cache Throughput                 %         3.30
    SM Active Cycles                cycle      5997.83
    Compute (SM) Throughput             %         1.86
    ----------------------- ------------- ------------

    OPT   This kernel grid is too small to fill the available resources on this device, resulting in only 0.2 full      
          waves across all SMs. Look at Launch Statistics for more details.                                             

    Section: Launch Statistics
    -------------------------------- --------------- ---------------
    Metric Name                          Metric Unit    Metric Value
    -------------------------------- --------------- ---------------
    Block Size                                                  1024
    Function Cache Configuration                     CachePreferNone
    Grid Size                                                      4
    Registers Per Thread             register/thread              40
    Shared Memory Configuration Size           Kbyte            8.19
    Driver Shared Memory Per Block       Kbyte/block            1.02
    Dynamic Shared Memory Per Block       byte/block               0
    Static Shared Memory Per Block        byte/block               0
    # SMs                                         SM              24
    Threads                                   thread            4096
    Uses Green Context                                             0
    Waves Per SM                                                0.17
    -------------------------------- --------------- ---------------

    OPT   Est. Speedup: 83.33%                                                                                          
          The grid for this launch is configured to execute only 4 blocks, which is less than the GPU's 24              
          multiprocessors. This can underutilize some multiprocessors. If you do not intend to execute this kernel      
          concurrently with other workloads, consider reducing the block size to have at least one block per            
          multiprocessor or increase the size of the grid to fully utilize the available hardware resources. See the    
          Hardware Model (https://docs.nvidia.com/nsight-compute/ProfilingGuide/index.html#metrics-hw-model)            
          description for more details on launch configurations.                                                        

    Section: Occupancy
    ------------------------------- ----------- ------------
    Metric Name                     Metric Unit Metric Value
    ------------------------------- ----------- ------------
    Block Limit SM                        block           24
    Block Limit Registers                 block            1
    Block Limit Shared Mem                block            8
    Block Limit Warps                     block            1
    Theoretical Active Warps per SM        warp           32
    Theoretical Occupancy                     %        66.67
    Achieved Occupancy                        %        65.92
    Achieved Active Warps Per SM           warp        31.64
    ------------------------------- ----------- ------------

    OPT   Est. Local Speedup: 33.33%                                                                                    
          The 8.00 theoretical warps per scheduler this kernel can issue according to its occupancy are below the       
          hardware maximum of 12. This kernel's theoretical occupancy (66.7%) is limited by the number of required      
          registers. This kernel's theoretical occupancy (66.7%) is limited by the number of warps within each block.   

    Section: GPU and Memory Workload Distribution
    -------------------------- ----------- ------------
    Metric Name                Metric Unit Metric Value
    -------------------------- ----------- ------------
    Average DRAM Active Cycles       cycle         1164
    Total DRAM Elapsed Cycles        cycle       640000
    Average L1 Active Cycles         cycle      5997.83
    Total L1 Elapsed Cycles          cycle       909232
    Average L2 Active Cycles         cycle      3955.50
    Total L2 Elapsed Cycles          cycle       574624
    Average SM Active Cycles         cycle      5997.83
    Total SM Elapsed Cycles          cycle       909232
    Average SMSP Active Cycles       cycle      5975.31
    Total SMSP Elapsed Cycles        cycle      3636928
    -------------------------- ----------- ------------

    OPT   Est. Speedup: 13.2%                                                                                           
          One or more SMs have a much lower number of active cycles than the average number of active cycles. Maximum   
          instance value is 83.39% above the average, while the minimum instance value is 100.00% below the average.    
    ----- --------------------------------------------------------------------------------------------------------------
    OPT   Est. Speedup: 13.15%                                                                                          
          One or more SMSPs have a much lower number of active cycles than the average number of active cycles. Maximum 
          instance value is 83.40% above the average, while the minimum instance value is 100.00% below the average.    
    ----- --------------------------------------------------------------------------------------------------------------
    OPT   Est. Speedup: 13.2%                                                                                           
          One or more L1 Slices have a much lower number of active cycles than the average number of active cycles.     
          Maximum instance value is 83.39% above the average, while the minimum instance value is 100.00% below the     
          average.                                                                                                      

  softmax_kernel(float *) (1, 1, 1)x(1024, 1, 1), Context 1, Stream 7, Device 0, CC 8.9
    Section: GPU Speed Of Light Throughput
    ----------------------- ------------- ------------
    Metric Name               Metric Unit Metric Value
    ----------------------- ------------- ------------
    DRAM Frequency          cycle/nsecond         8.06
    SM Frequency            cycle/nsecond         1.91
    Elapsed Cycles                  cycle        32451
    Memory Throughput                   %         3.86
    DRAM Throughput                     %         0.73
    Duration                      usecond        16.96
    L1/TEX Cache Throughput             %        74.13
    L2 Cache Throughput                 %         3.86
    SM Active Cycles                cycle      1273.67
    Compute (SM) Throughput             %         0.23
    ----------------------- ------------- ------------

    OPT   This kernel grid is too small to fill the available resources on this device, resulting in only 0.0 full      
          waves across all SMs. Look at Launch Statistics for more details.                                             

    Section: Launch Statistics
    -------------------------------- --------------- ---------------
    Metric Name                          Metric Unit    Metric Value
    -------------------------------- --------------- ---------------
    Block Size                                                  1024
    Function Cache Configuration                     CachePreferNone
    Grid Size                                                      1
    Registers Per Thread             register/thread              39
    Shared Memory Configuration Size           Kbyte            8.19
    Driver Shared Memory Per Block       Kbyte/block            1.02
    Dynamic Shared Memory Per Block       byte/block               0
    Static Shared Memory Per Block        byte/block               0
    # SMs                                         SM              24
    Threads                                   thread            1024
    Uses Green Context                                             0
    Waves Per SM                                                0.04
    -------------------------------- --------------- ---------------

    OPT   Est. Speedup: 95.83%                                                                                          
          The grid for this launch is configured to execute only 1 blocks, which is less than the GPU's 24              
          multiprocessors. This can underutilize some multiprocessors. If you do not intend to execute this kernel      
          concurrently with other workloads, consider reducing the block size to have at least one block per            
          multiprocessor or increase the size of the grid to fully utilize the available hardware resources. See the    
          Hardware Model (https://docs.nvidia.com/nsight-compute/ProfilingGuide/index.html#metrics-hw-model)            
          description for more details on launch configurations.                                                        

    Section: Occupancy
    ------------------------------- ----------- ------------
    Metric Name                     Metric Unit Metric Value
    ------------------------------- ----------- ------------
    Block Limit SM                        block           24
    Block Limit Registers                 block            1
    Block Limit Shared Mem                block            8
    Block Limit Warps                     block            1
    Theoretical Active Warps per SM        warp           32
    Theoretical Occupancy                     %        66.67
    Achieved Occupancy                        %         8.86
    Achieved Active Warps Per SM           warp         4.25
    ------------------------------- ----------- ------------

    OPT   Est. Local Speedup: 86.71%                                                                                    
          The difference between calculated theoretical (66.7%) and measured achieved occupancy (8.9%) can be the       
          result of warp scheduling overheads or workload imbalances during the kernel execution. Load imbalances can   
          occur between warps within a block as well as across blocks of the same kernel. See the CUDA Best Practices   
          Guide (https://docs.nvidia.com/cuda/cuda-c-best-practices-guide/index.html#occupancy) for more details on     
          optimizing occupancy.                                                                                         
    ----- --------------------------------------------------------------------------------------------------------------
    OPT   Est. Local Speedup: 33.33%                                                                                    
          The 8.00 theoretical warps per scheduler this kernel can issue according to its occupancy are below the       
          hardware maximum of 12. This kernel's theoretical occupancy (66.7%) is limited by the number of required      
          registers. This kernel's theoretical occupancy (66.7%) is limited by the number of warps within each block.   

    Section: GPU and Memory Workload Distribution
    -------------------------- ----------- ------------
    Metric Name                Metric Unit Metric Value
    -------------------------- ----------- ------------
    Average DRAM Active Cycles       cycle         1000
    Total DRAM Elapsed Cycles        cycle       546816
    Average L1 Active Cycles         cycle      1273.67
    Total L1 Elapsed Cycles          cycle       773496
    Average L2 Active Cycles         cycle      7525.12
    Total L2 Elapsed Cycles          cycle       490848
    Average SM Active Cycles         cycle      1273.67
    Total SM Elapsed Cycles          cycle       773496
    Average SMSP Active Cycles       cycle      1234.91
    Total SMSP Elapsed Cycles        cycle      3093984
    -------------------------- ----------- ------------

    OPT   Est. Speedup: 11.41%                                                                                          
          One or more L2 Slices have a much lower number of active cycles than the average number of active cycles.     
          Maximum instance value is 46.51% above the average, while the minimum instance value is 99.44% below the      
          average.                                                                                                      

  av_kernel(const float *, const float *, float *) (4, 1, 1)x(1024, 1, 1), Context 1, Stream 7, Device 0, CC 8.9
    Section: GPU Speed Of Light Throughput
    ----------------------- ------------- ------------
    Metric Name               Metric Unit Metric Value
    ----------------------- ------------- ------------
    DRAM Frequency          cycle/nsecond            8
    SM Frequency            cycle/nsecond         1.91
    Elapsed Cycles                  cycle         7330
    Memory Throughput                   %         9.33
    DRAM Throughput                     %         3.79
    Duration                      usecond         3.84
    L1/TEX Cache Throughput             %        77.81
    L2 Cache Throughput                 %         1.10
    SM Active Cycles                cycle       904.75
    Compute (SM) Throughput             %         9.33
    ----------------------- ------------- ------------

    OPT   This kernel grid is too small to fill the available resources on this device, resulting in only 0.2 full      
          waves across all SMs. Look at Launch Statistics for more details.                                             

    Section: Launch Statistics
    -------------------------------- --------------- ---------------
    Metric Name                          Metric Unit    Metric Value
    -------------------------------- --------------- ---------------
    Block Size                                                  1024
    Function Cache Configuration                     CachePreferNone
    Grid Size                                                      4
    Registers Per Thread             register/thread              39
    Shared Memory Configuration Size           Kbyte            8.19
    Driver Shared Memory Per Block       Kbyte/block            1.02
    Dynamic Shared Memory Per Block       byte/block               0
    Static Shared Memory Per Block        byte/block               0
    # SMs                                         SM              24
    Threads                                   thread            4096
    Uses Green Context                                             0
    Waves Per SM                                                0.17
    -------------------------------- --------------- ---------------

    OPT   Est. Speedup: 83.33%                                                                                          
          The grid for this launch is configured to execute only 4 blocks, which is less than the GPU's 24              
          multiprocessors. This can underutilize some multiprocessors. If you do not intend to execute this kernel      
          concurrently with other workloads, consider reducing the block size to have at least one block per            
          multiprocessor or increase the size of the grid to fully utilize the available hardware resources. See the    
          Hardware Model (https://docs.nvidia.com/nsight-compute/ProfilingGuide/index.html#metrics-hw-model)            
          description for more details on launch configurations.                                                        

    Section: Occupancy
    ------------------------------- ----------- ------------
    Metric Name                     Metric Unit Metric Value
    ------------------------------- ----------- ------------
    Block Limit SM                        block           24
    Block Limit Registers                 block            1
    Block Limit Shared Mem                block            8
    Block Limit Warps                     block            1
    Theoretical Active Warps per SM        warp           32
    Theoretical Occupancy                     %        66.67
    Achieved Occupancy                        %        65.06
    Achieved Active Warps Per SM           warp        31.23
    ------------------------------- ----------- ------------

    OPT   Est. Local Speedup: 33.33%                                                                                    
          The 8.00 theoretical warps per scheduler this kernel can issue according to its occupancy are below the       
          hardware maximum of 12. This kernel's theoretical occupancy (66.7%) is limited by the number of required      
          registers. This kernel's theoretical occupancy (66.7%) is limited by the number of warps within each block.   

    Section: GPU and Memory Workload Distribution
    -------------------------- ----------- ------------
    Metric Name                Metric Unit Metric Value
    -------------------------- ----------- ------------
    Average DRAM Active Cycles       cycle         1164
    Total DRAM Elapsed Cycles        cycle       122880
    Average L1 Active Cycles         cycle       904.75
    Total L1 Elapsed Cycles          cycle       181024
    Average L2 Active Cycles         cycle      1970.25
    Total L2 Elapsed Cycles          cycle       110880
    Average SM Active Cycles         cycle       904.75
    Total SM Elapsed Cycles          cycle       181024
    Average SMSP Active Cycles       cycle       888.39
    Total SMSP Elapsed Cycles        cycle       724096
    -------------------------- ----------- ------------

    OPT   Est. Speedup: 10%                                                                                             
          One or more SMs have a much lower number of active cycles than the average number of active cycles. Maximum   
          instance value is 83.37% above the average, while the minimum instance value is 100.00% below the average.    
    ----- --------------------------------------------------------------------------------------------------------------
    OPT   Est. Speedup: 9.823%                                                                                          
          One or more SMSPs have a much lower number of active cycles than the average number of active cycles. Maximum 
          instance value is 83.40% above the average, while the minimum instance value is 100.00% below the average.    
    ----- --------------------------------------------------------------------------------------------------------------
    OPT   Est. Speedup: 10%                                                                                             
          One or more L1 Slices have a much lower number of active cycles than the average number of active cycles.     
          Maximum instance value is 83.37% above the average, while the minimum instance value is 100.00% below the     
          average.                                                                                                      
    ----- --------------------------------------------------------------------------------------------------------------
    OPT   Est. Speedup: 8.31%                                                                                           
          One or more L2 Slices have a much higher number of active cycles than the average number of active cycles.    
          Maximum instance value is 29.23% above the average, while the minimum instance value is 17.57% below the      
          average.                                                                                                      

  residual_kernel(float *, const float *, int) (4, 1, 1)x(1024, 1, 1), Context 1, Stream 7, Device 0, CC 8.9
    Section: GPU Speed Of Light Throughput
    ----------------------- ------------- ------------
    Metric Name               Metric Unit Metric Value
    ----------------------- ------------- ------------
    DRAM Frequency          cycle/nsecond            8
    SM Frequency            cycle/nsecond         1.87
    Elapsed Cycles                  cycle         3717
    Memory Throughput                   %         6.98
    DRAM Throughput                     %         6.98
    Duration                      usecond         1.98
    L1/TEX Cache Throughput             %        14.15
    L2 Cache Throughput                 %         1.91
    SM Active Cycles                cycle       301.54
    Compute (SM) Throughput             %         1.17
    ----------------------- ------------- ------------

    OPT   This kernel grid is too small to fill the available resources on this device, resulting in only 0.2 full      
          waves across all SMs. Look at Launch Statistics for more details.                                             

    Section: Launch Statistics
    -------------------------------- --------------- ---------------
    Metric Name                          Metric Unit    Metric Value
    -------------------------------- --------------- ---------------
    Block Size                                                  1024
    Function Cache Configuration                     CachePreferNone
    Grid Size                                                      4
    Registers Per Thread             register/thread              16
    Shared Memory Configuration Size           Kbyte            8.19
    Driver Shared Memory Per Block       Kbyte/block            1.02
    Dynamic Shared Memory Per Block       byte/block               0
    Static Shared Memory Per Block        byte/block               0
    # SMs                                         SM              24
    Threads                                   thread            4096
    Uses Green Context                                             0
    Waves Per SM                                                0.17
    -------------------------------- --------------- ---------------

    OPT   Est. Speedup: 83.33%                                                                                          
          The grid for this launch is configured to execute only 4 blocks, which is less than the GPU's 24              
          multiprocessors. This can underutilize some multiprocessors. If you do not intend to execute this kernel      
          concurrently with other workloads, consider reducing the block size to have at least one block per            
          multiprocessor or increase the size of the grid to fully utilize the available hardware resources. See the    
          Hardware Model (https://docs.nvidia.com/nsight-compute/ProfilingGuide/index.html#metrics-hw-model)            
          description for more details on launch configurations.                                                        

    Section: Occupancy
    ------------------------------- ----------- ------------
    Metric Name                     Metric Unit Metric Value
    ------------------------------- ----------- ------------
    Block Limit SM                        block           24
    Block Limit Registers                 block            4
    Block Limit Shared Mem                block            8
    Block Limit Warps                     block            1
    Theoretical Active Warps per SM        warp           32
    Theoretical Occupancy                     %        66.67
    Achieved Occupancy                        %        58.86
    Achieved Active Warps Per SM           warp        28.25
    ------------------------------- ----------- ------------

    OPT   Est. Local Speedup: 33.33%                                                                                    
          The 8.00 theoretical warps per scheduler this kernel can issue according to its occupancy are below the       
          hardware maximum of 12. This kernel's theoretical occupancy (66.7%) is limited by the number of warps within  
          each block.                                                                                                   

    Section: GPU and Memory Workload Distribution
    -------------------------- ----------- ------------
    Metric Name                Metric Unit Metric Value
    -------------------------- ----------- ------------
    Average DRAM Active Cycles       cycle         1108
    Total DRAM Elapsed Cycles        cycle        63488
    Average L1 Active Cycles         cycle       301.54
    Total L1 Elapsed Cycles          cycle        87384
    Average L2 Active Cycles         cycle       741.69
    Total L2 Elapsed Cycles          cycle        56128
    Average SM Active Cycles         cycle       301.54
    Total SM Elapsed Cycles          cycle        87384
    Average SMSP Active Cycles       cycle       285.40
    Total SMSP Elapsed Cycles        cycle       349536
    -------------------------- ----------- ------------

    OPT   Est. Speedup: 6.915%                                                                                          
          One or more SMs have a much lower number of active cycles than the average number of active cycles. Maximum   
          instance value is 83.50% above the average, while the minimum instance value is 100.00% below the average.    
    ----- --------------------------------------------------------------------------------------------------------------
    OPT   Est. Speedup: 6.565%                                                                                          
          One or more SMSPs have a much lower number of active cycles than the average number of active cycles. Maximum 
          instance value is 83.76% above the average, while the minimum instance value is 100.00% below the average.    
    ----- --------------------------------------------------------------------------------------------------------------
    OPT   Est. Speedup: 6.915%                                                                                          
          One or more L1 Slices have a much lower number of active cycles than the average number of active cycles.     
          Maximum instance value is 83.50% above the average, while the minimum instance value is 100.00% below the     
          average.                                                                                                      
    ----- --------------------------------------------------------------------------------------------------------------
    OPT   Est. Speedup: 7.943%                                                                                          
          One or more L2 Slices have a much higher number of active cycles than the average number of active cycles.    
          Maximum instance value is 37.57% above the average, while the minimum instance value is 25.98% below the      
          average.                                                                                                      

  layer_norm_kernel(const float *, float *, int) (1, 1, 1)x(1024, 1, 1), Context 1, Stream 7, Device 0, CC 8.9
    Section: GPU Speed Of Light Throughput
    ----------------------- ------------- ------------
    Metric Name               Metric Unit Metric Value
    ----------------------- ------------- ------------
    DRAM Frequency          cycle/nsecond         8.05
    SM Frequency            cycle/nsecond         1.91
    Elapsed Cycles                  cycle        39063
    Memory Throughput                   %         1.76
    DRAM Throughput                     %         0.54
    Duration                      usecond        20.42
    L1/TEX Cache Throughput             %        44.15
    L2 Cache Throughput                 %         1.51
    SM Active Cycles                cycle      1549.25
    Compute (SM) Throughput             %         0.12
    ----------------------- ------------- ------------

    OPT   This kernel grid is too small to fill the available resources on this device, resulting in only 0.0 full      
          waves across all SMs. Look at Launch Statistics for more details.                                             

    Section: Launch Statistics
    -------------------------------- --------------- ---------------
    Metric Name                          Metric Unit    Metric Value
    -------------------------------- --------------- ---------------
    Block Size                                                  1024
    Function Cache Configuration                     CachePreferNone
    Grid Size                                                      1
    Registers Per Thread             register/thread              40
    Shared Memory Configuration Size           Kbyte            8.19
    Driver Shared Memory Per Block       Kbyte/block            1.02
    Dynamic Shared Memory Per Block       byte/block               0
    Static Shared Memory Per Block        byte/block               0
    # SMs                                         SM              24
    Threads                                   thread            1024
    Uses Green Context                                             0
    Waves Per SM                                                0.04
    -------------------------------- --------------- ---------------

    OPT   Est. Speedup: 95.83%                                                                                          
          The grid for this launch is configured to execute only 1 blocks, which is less than the GPU's 24              
          multiprocessors. This can underutilize some multiprocessors. If you do not intend to execute this kernel      
          concurrently with other workloads, consider reducing the block size to have at least one block per            
          multiprocessor or increase the size of the grid to fully utilize the available hardware resources. See the    
          Hardware Model (https://docs.nvidia.com/nsight-compute/ProfilingGuide/index.html#metrics-hw-model)            
          description for more details on launch configurations.                                                        

    Section: Occupancy
    ------------------------------- ----------- ------------
    Metric Name                     Metric Unit Metric Value
    ------------------------------- ----------- ------------
    Block Limit SM                        block           24
    Block Limit Registers                 block            1
    Block Limit Shared Mem                block            8
    Block Limit Warps                     block            1
    Theoretical Active Warps per SM        warp           32
    Theoretical Occupancy                     %        66.67
    Achieved Occupancy                        %         2.65
    Achieved Active Warps Per SM           warp         1.27
    ------------------------------- ----------- ------------

    OPT   Est. Local Speedup: 96.03%                                                                                    
          The difference between calculated theoretical (66.7%) and measured achieved occupancy (2.6%) can be the       
          result of warp scheduling overheads or workload imbalances during the kernel execution. Load imbalances can   
          occur between warps within a block as well as across blocks of the same kernel. See the CUDA Best Practices   
          Guide (https://docs.nvidia.com/cuda/cuda-c-best-practices-guide/index.html#occupancy) for more details on     
          optimizing occupancy.                                                                                         
    ----- --------------------------------------------------------------------------------------------------------------
    OPT   Est. Local Speedup: 33.33%                                                                                    
          The 8.00 theoretical warps per scheduler this kernel can issue according to its occupancy are below the       
          hardware maximum of 12. This kernel's theoretical occupancy (66.7%) is limited by the number of required      
          registers. This kernel's theoretical occupancy (66.7%) is limited by the number of warps within each block.   

    Section: GPU and Memory Workload Distribution
    -------------------------- ----------- ------------
    Metric Name                Metric Unit Metric Value
    -------------------------- ----------- ------------
    Average DRAM Active Cycles       cycle          892
    Total DRAM Elapsed Cycles        cycle       657408
    Average L1 Active Cycles         cycle      1549.25
    Total L1 Elapsed Cycles          cycle       935184
    Average L2 Active Cycles         cycle      5334.88
    Total L2 Elapsed Cycles          cycle       590720
    Average SM Active Cycles         cycle      1549.25
    Total SM Elapsed Cycles          cycle       935184
    Average SMSP Active Cycles       cycle       397.81
    Total SMSP Elapsed Cycles        cycle      3740736
    -------------------------- ----------- ------------

    OPT   Est. Speedup: 6.933%                                                                                          
          One or more L2 Slices have a much lower number of active cycles than the average number of active cycles.     
          Maximum instance value is 47.98% above the average, while the minimum instance value is 99.21% below the      
          average.                                                                                                      

  conv1d_kernel(const float *, const float *, float *, int, int) (16, 1, 1)x(1024, 1, 1), Context 1, Stream 7, Device 0, CC 8.9
    Section: GPU Speed Of Light Throughput
    ----------------------- ------------- ------------
    Metric Name               Metric Unit Metric Value
    ----------------------- ------------- ------------
    DRAM Frequency          cycle/nsecond         8.09
    SM Frequency            cycle/nsecond         1.92
    Elapsed Cycles                  cycle       434024
    Memory Throughput                   %        61.12
    DRAM Throughput                     %         1.38
    Duration                      usecond       226.08
    L1/TEX Cache Throughput             %        96.01
    L2 Cache Throughput                 %        31.59
    SM Active Cycles                cycle    276045.12
    Compute (SM) Throughput             %         7.42
    ----------------------- ------------- ------------

    OPT   Memory is more heavily utilized than Compute: Look at the Memory Workload Analysis section to identify the L1 
          bottleneck. Check memory replay (coalescing) metrics to make sure you're efficiently utilizing the bytes      
          transferred. Also consider whether it is possible to do more work per memory access (kernel fusion) or        
          whether there are values you can (re)compute.                                                                 

    Section: Launch Statistics
    -------------------------------- --------------- ---------------
    Metric Name                          Metric Unit    Metric Value
    -------------------------------- --------------- ---------------
    Block Size                                                  1024
    Function Cache Configuration                     CachePreferNone
    Grid Size                                                     16
    Registers Per Thread             register/thread              26
    Shared Memory Configuration Size           Kbyte            8.19
    Driver Shared Memory Per Block       Kbyte/block            1.02
    Dynamic Shared Memory Per Block       byte/block               0
    Static Shared Memory Per Block        byte/block               0
    # SMs                                         SM              24
    Threads                                   thread           16384
    Uses Green Context                                             0
    Waves Per SM                                                0.67
    -------------------------------- --------------- ---------------

    OPT   Est. Speedup: 33.33%                                                                                          
          The grid for this launch is configured to execute only 16 blocks, which is less than the GPU's 24             
          multiprocessors. This can underutilize some multiprocessors. If you do not intend to execute this kernel      
          concurrently with other workloads, consider reducing the block size to have at least one block per            
          multiprocessor or increase the size of the grid to fully utilize the available hardware resources. See the    
          Hardware Model (https://docs.nvidia.com/nsight-compute/ProfilingGuide/index.html#metrics-hw-model)            
          description for more details on launch configurations.                                                        

    Section: Occupancy
    ------------------------------- ----------- ------------
    Metric Name                     Metric Unit Metric Value
    ------------------------------- ----------- ------------
    Block Limit SM                        block           24
    Block Limit Registers                 block            2
    Block Limit Shared Mem                block            8
    Block Limit Warps                     block            1
    Theoretical Active Warps per SM        warp           32
    Theoretical Occupancy                     %        66.67
    Achieved Occupancy                        %        64.75
    Achieved Active Warps Per SM           warp        31.08
    ------------------------------- ----------- ------------

    OPT   Est. Local Speedup: 33.33%                                                                                    
          The 8.00 theoretical warps per scheduler this kernel can issue according to its occupancy are below the       
          hardware maximum of 12. This kernel's theoretical occupancy (66.7%) is limited by the number of warps within  
          each block.                                                                                                   

    Section: GPU and Memory Workload Distribution
    -------------------------- ----------- ------------
    Metric Name                Metric Unit Metric Value
    -------------------------- ----------- ------------
    Average DRAM Active Cycles       cycle        25276
    Total DRAM Elapsed Cycles        cycle      7317504
    Average L1 Active Cycles         cycle    276045.12
    Total L1 Elapsed Cycles          cycle     10406896
    Average L2 Active Cycles         cycle    404101.25
    Total L2 Elapsed Cycles          cycle      6564560
    Average SM Active Cycles         cycle    276045.12
    Total SM Elapsed Cycles          cycle     10406896
    Average SMSP Active Cycles       cycle    275603.57
    Total SMSP Elapsed Cycles        cycle     41627584
    -------------------------- ----------- ------------

    OPT   Est. Speedup: 22.99%                                                                                          
          One or more SMs have a much lower number of active cycles than the average number of active cycles. Maximum   
          instance value is 36.12% above the average, while the minimum instance value is 100.00% below the average.    
    ----- --------------------------------------------------------------------------------------------------------------
    OPT   Est. Speedup: 23.13%                                                                                          
          One or more SMSPs have a much lower number of active cycles than the average number of active cycles. Maximum 
          instance value is 36.39% above the average, while the minimum instance value is 100.00% below the average.    
    ----- --------------------------------------------------------------------------------------------------------------
    OPT   Est. Speedup: 22.99%                                                                                          
          One or more L1 Slices have a much lower number of active cycles than the average number of active cycles.     
          Maximum instance value is 36.12% above the average, while the minimum instance value is 100.00% below the     
          average.                                                                                                      

  linear_proj_kernel(const float *, const float *, float *, int, int) (32, 1, 1)x(1024, 1, 1), Context 1, Stream 7, Device 0, CC 8.9
    Section: GPU Speed Of Light Throughput
    ----------------------- ------------- ------------
    Metric Name               Metric Unit Metric Value
    ----------------------- ------------- ------------
    DRAM Frequency          cycle/nsecond         8.09
    SM Frequency            cycle/nsecond         1.92
    Elapsed Cycles                  cycle       139722
    Memory Throughput                   %        63.60
    DRAM Throughput                     %         1.77
    Duration                      usecond        72.80
    L1/TEX Cache Throughput             %        96.30
    L2 Cache Throughput                 %        12.47
    SM Active Cycles                cycle     92258.21
    Compute (SM) Throughput             %         5.02
    ----------------------- ------------- ------------

    OPT   Memory is more heavily utilized than Compute: Look at the Memory Workload Analysis section to identify the L1 
          bottleneck. Check memory replay (coalescing) metrics to make sure you're efficiently utilizing the bytes      
          transferred. Also consider whether it is possible to do more work per memory access (kernel fusion) or        
          whether there are values you can (re)compute.                                                                 

    Section: Launch Statistics
    -------------------------------- --------------- ---------------
    Metric Name                          Metric Unit    Metric Value
    -------------------------------- --------------- ---------------
    Block Size                                                  1024
    Function Cache Configuration                     CachePreferNone
    Grid Size                                                     32
    Registers Per Thread             register/thread              40
    Shared Memory Configuration Size           Kbyte            8.19
    Driver Shared Memory Per Block       Kbyte/block            1.02
    Dynamic Shared Memory Per Block       byte/block               0
    Static Shared Memory Per Block       Kbyte/block            2.05
    # SMs                                         SM              24
    Threads                                   thread           32768
    Uses Green Context                                             0
    Waves Per SM                                                1.33
    -------------------------------- --------------- ---------------

    OPT   If you execute __syncthreads() to synchronize the threads of a block, it is recommended to have more than the 
          achieved 1 blocks per multiprocessor. This way, blocks that aren't waiting for __syncthreads() can keep the   
          hardware busy.                                                                                                
    ----- --------------------------------------------------------------------------------------------------------------
    OPT   Est. Speedup: 50%                                                                                             
          A wave of thread blocks is defined as the maximum number of blocks that can be executed in parallel on the    
          target GPU. The number of blocks in a wave depends on the number of multiprocessors and the theoretical       
          occupancy of the kernel. This kernel launch results in 1 full waves and a partial wave of 7 thread blocks.    
          Under the assumption of a uniform execution duration of all thread blocks, the partial wave may account for   
          up to 50.0% of the total kernel runtime with a lower occupancy of 85.7%. Try launching a grid with no         
          partial wave. The overall impact of this tail effect also lessens with the number of full waves executed for  
          a grid. See the Hardware Model                                                                                
          (https://docs.nvidia.com/nsight-compute/ProfilingGuide/index.html#metrics-hw-model) description for more      
          details on launch configurations.                                                                             

    Section: Occupancy
    ------------------------------- ----------- ------------
    Metric Name                     Metric Unit Metric Value
    ------------------------------- ----------- ------------
    Block Limit SM                        block           24
    Block Limit Registers                 block            1
    Block Limit Shared Mem                block            2
    Block Limit Warps                     block            1
    Theoretical Active Warps per SM        warp           32
    Theoretical Occupancy                     %        66.67
    Achieved Occupancy                        %         9.52
    Achieved Active Warps Per SM           warp         4.57
    ------------------------------- ----------- ------------

    OPT   Est. Local Speedup: 85.73%                                                                                    
          The difference between calculated theoretical (66.7%) and measured achieved occupancy (9.5%) can be the       
          result of warp scheduling overheads or workload imbalances during the kernel execution. Load imbalances can   
          occur between warps within a block as well as across blocks of the same kernel. See the CUDA Best Practices   
          Guide (https://docs.nvidia.com/cuda/cuda-c-best-practices-guide/index.html#occupancy) for more details on     
          optimizing occupancy.                                                                                         
    ----- --------------------------------------------------------------------------------------------------------------
    OPT   Est. Local Speedup: 33.33%                                                                                    
          The 8.00 theoretical warps per scheduler this kernel can issue according to its occupancy are below the       
          hardware maximum of 12. This kernel's theoretical occupancy (66.7%) is limited by the number of required      
          registers. This kernel's theoretical occupancy (66.7%) is limited by the number of warps within each block.   

    Section: GPU and Memory Workload Distribution
    -------------------------- ----------- ------------
    Metric Name                Metric Unit Metric Value
    -------------------------- ----------- ------------
    Average DRAM Active Cycles       cycle        10404
    Total DRAM Elapsed Cycles        cycle      2355200
    Average L1 Active Cycles         cycle     92258.21
    Total L1 Elapsed Cycles          cycle      3352680
    Average L2 Active Cycles         cycle     82480.56
    Total L2 Elapsed Cycles          cycle      2113056
    Average SM Active Cycles         cycle     92258.21
    Total SM Elapsed Cycles          cycle      3352680
    Average SMSP Active Cycles       cycle     91347.82
    Total SMSP Elapsed Cycles        cycle     13410720
    -------------------------- ----------- ------------

    OPT   Est. Speedup: 21.79%                                                                                          
          One or more SMs have a much higher number of active cycles than the average number of active cycles. Maximum  
          instance value is 32.99% above the average, while the minimum instance value is 24.69% below the average.     
    ----- --------------------------------------------------------------------------------------------------------------
    OPT   Est. Speedup: 21.88%                                                                                          
          One or more SMSPs have a much higher number of active cycles than the average number of active cycles.        
          Maximum instance value is 33.46% above the average, while the minimum instance value is 25.45% below the      
          average.                                                                                                      
    ----- --------------------------------------------------------------------------------------------------------------
    OPT   Est. Speedup: 21.79%                                                                                          
          One or more L1 Slices have a much higher number of active cycles than the average number of active cycles.    
          Maximum instance value is 32.99% above the average, while the minimum instance value is 24.69% below the      
          average.                                                                                                      
    ----- --------------------------------------------------------------------------------------------------------------
    OPT   Est. Speedup: 5.421%                                                                                          
          One or more L2 Slices have a much higher number of active cycles than the average number of active cycles.    
          Maximum instance value is 8.68% above the average, while the minimum instance value is 3.95% below the        
          average.                                                                                                      

  residual_kernel(float *, const float *, int) (4, 1, 1)x(1024, 1, 1), Context 1, Stream 7, Device 0, CC 8.9
    Section: GPU Speed Of Light Throughput
    ----------------------- ------------- ------------
    Metric Name               Metric Unit Metric Value
    ----------------------- ------------- ------------
    DRAM Frequency          cycle/nsecond         8.13
    SM Frequency            cycle/nsecond         1.90
    Elapsed Cycles                  cycle         3707
    Memory Throughput                   %         6.98
    DRAM Throughput                     %         6.98
    Duration                      usecond         1.95
    L1/TEX Cache Throughput             %        14.11
    L2 Cache Throughput                 %         1.84
    SM Active Cycles                cycle       302.38
    Compute (SM) Throughput             %         1.18
    ----------------------- ------------- ------------

    OPT   This kernel grid is too small to fill the available resources on this device, resulting in only 0.2 full      
          waves across all SMs. Look at Launch Statistics for more details.                                             

    Section: Launch Statistics
    -------------------------------- --------------- ---------------
    Metric Name                          Metric Unit    Metric Value
    -------------------------------- --------------- ---------------
    Block Size                                                  1024
    Function Cache Configuration                     CachePreferNone
    Grid Size                                                      4
    Registers Per Thread             register/thread              16
    Shared Memory Configuration Size           Kbyte            8.19
    Driver Shared Memory Per Block       Kbyte/block            1.02
    Dynamic Shared Memory Per Block       byte/block               0
    Static Shared Memory Per Block        byte/block               0
    # SMs                                         SM              24
    Threads                                   thread            4096
    Uses Green Context                                             0
    Waves Per SM                                                0.17
    -------------------------------- --------------- ---------------

    OPT   Est. Speedup: 83.33%                                                                                          
          The grid for this launch is configured to execute only 4 blocks, which is less than the GPU's 24              
          multiprocessors. This can underutilize some multiprocessors. If you do not intend to execute this kernel      
          concurrently with other workloads, consider reducing the block size to have at least one block per            
          multiprocessor or increase the size of the grid to fully utilize the available hardware resources. See the    
          Hardware Model (https://docs.nvidia.com/nsight-compute/ProfilingGuide/index.html#metrics-hw-model)            
          description for more details on launch configurations.                                                        

    Section: Occupancy
    ------------------------------- ----------- ------------
    Metric Name                     Metric Unit Metric Value
    ------------------------------- ----------- ------------
    Block Limit SM                        block           24
    Block Limit Registers                 block            4
    Block Limit Shared Mem                block            8
    Block Limit Warps                     block            1
    Theoretical Active Warps per SM        warp           32
    Theoretical Occupancy                     %        66.67
    Achieved Occupancy                        %        59.25
    Achieved Active Warps Per SM           warp        28.44
    ------------------------------- ----------- ------------

    OPT   Est. Local Speedup: 33.33%                                                                                    
          The 8.00 theoretical warps per scheduler this kernel can issue according to its occupancy are below the       
          hardware maximum of 12. This kernel's theoretical occupancy (66.7%) is limited by the number of warps within  
          each block.                                                                                                   

    Section: GPU and Memory Workload Distribution
    -------------------------- ----------- ------------
    Metric Name                Metric Unit Metric Value
    -------------------------- ----------- ------------
    Average DRAM Active Cycles       cycle         1108
    Total DRAM Elapsed Cycles        cycle        63488
    Average L1 Active Cycles         cycle       302.38
    Total L1 Elapsed Cycles          cycle        86584
    Average L2 Active Cycles         cycle       481.44
    Total L2 Elapsed Cycles          cycle        56000
    Average SM Active Cycles         cycle       302.38
    Total SM Elapsed Cycles          cycle        86584
    Average SMSP Active Cycles       cycle       286.06
    Total SMSP Elapsed Cycles        cycle       346336
    -------------------------- ----------- ------------

    OPT   Est. Speedup: 6.994%                                                                                          
          One or more SMs have a much lower number of active cycles than the average number of active cycles. Maximum   
          instance value is 83.45% above the average, while the minimum instance value is 100.00% below the average.    
    ----- --------------------------------------------------------------------------------------------------------------
    OPT   Est. Speedup: 6.626%                                                                                          
          One or more SMSPs have a much lower number of active cycles than the average number of active cycles. Maximum 
          instance value is 83.56% above the average, while the minimum instance value is 100.00% below the average.    
    ----- --------------------------------------------------------------------------------------------------------------
    OPT   Est. Speedup: 6.994%                                                                                          
          One or more L1 Slices have a much lower number of active cycles than the average number of active cycles.     
          Maximum instance value is 83.45% above the average, while the minimum instance value is 100.00% below the     
          average.                                                                                                      
    ----- --------------------------------------------------------------------------------------------------------------
    OPT   Est. Speedup: 6.028%                                                                                          
          One or more L2 Slices have a much lower number of active cycles than the average number of active cycles.     
          Maximum instance value is 43.82% above the average, while the minimum instance value is 91.28% below the      
          average.                                                                                                      

